USDCHF_H4 hybrid_regime: IS-grid best={'adx_chop': 16, 'adx_trend': 24, 'rsi_high': 65, 'rsi_low': 35, 'session_hours': None} OOS ret=0.12% n=69 gates=True holdout_ok=False source=approximate_non_ftmo
USDCHF_H4 breakout_donchian: IS-grid best={'adx_min': 22, 'atr_pct_min': 0.0, 'donchian_window': 20, 'session_hours': None, 'use_mid_exit': False} OOS ret=0.06% n=83 gates=True holdout_ok=True source=approximate_non_ftmo
USDCHF_H4 bbands_reversion: IS-grid best={'adx_max': 22, 'require_htf_align': False, 'require_rsi': False, 'rsi_high': 60, 'rsi_low': 35, 'session_hours': None} OOS ret=0.21% n=26 gates=True holdout_ok=True source=approximate_non_ftmo
USDCHF_H4 squeeze_breakout: IS-grid best={'adx_min': 18, 'exit_bars': 16, 'lookback': 40, 'session_hours': None, 'squeeze_pct': 0.2} OOS ret=0.11% n=62 gates=True holdout_ok=False source=approximate_non_ftmo
USDCHF_H4 keltner_breakout: IS-grid best={'adx_min': 18, 'atr_mult': 1.25, 'exit_to_mid': False, 'session_hours': None} OOS ret=-0.33% n=121 gates=True holdout_ok=True source=approximate_non_ftmo
USDCHF_D1 hybrid_regime: IS-grid best={'adx_chop': 20, 'adx_trend': 20, 'rsi_high': 65, 'rsi_low': 35, 'session_hours': None} OOS ret=-0.57% n=45 gates=True holdout_ok=True source=approximate_non_ftmo
USDCHF_D1 breakout_donchian: IS-grid best={'adx_min': 0, 'atr_pct_min': 0.1, 'donchian_window': 20, 'session_hours': None, 'use_mid_exit': False} OOS ret=-0.68% n=36 gates=True holdout_ok=False source=approximate_non_ftmo
USDCHF_D1 bbands_reversion: IS-grid best={'adx_max': 28, 'require_htf_align': False, 'require_rsi': True, 'rsi_high': 60, 'rsi_low': 35, 'session_hours': None} OOS ret=0.22% n=21 gates=True holdout_ok=True source=approximate_non_ftmo
USDCHF_D1 squeeze_breakout: IS-grid best={'adx_min': 18, 'exit_bars': 16, 'lookback': 60, 'session_hours': None, 'squeeze_pct': 0.2} OOS ret=-0.05% n=42 gates=True holdout_ok=False source=approximate_non_ftmo
USDCHF_D1 keltner_breakout: IS-grid best={'adx_min': 18, 'atr_mult': 2.0, 'exit_to_mid': True, 'session_hours': None} OOS ret=-0.23% n=38 gates=True holdout_ok=True source=approximate_non_ftmo
NZDUSD_H4 hybrid_regime: IS-grid best={'adx_chop': 16, 'adx_trend': 24, 'rsi_high': 65, 'rsi_low': 30, 'session_hours': None} OOS ret=-0.09% n=78 gates=True holdout_ok=False source=approximate_non_ftmo
NZDUSD_H4 breakout_donchian: IS-grid best={'adx_min': 22, 'atr_pct_min': 0.0, 'donchian_window': 15, 'session_hours': None, 'use_mid_exit': False} OOS ret=-0.50% n=111 gates=True holdout_ok=False source=approximate_non_ftmo
NZDUSD_H4 bbands_reversion: IS-grid best={'adx_max': 28, 'require_htf_align': False, 'require_rsi': False, 'rsi_high': 60, 'rsi_low': 35, 'session_hours': None} OOS ret=-0.05% n=38 gates=True holdout_ok=False source=approximate_non_ftmo
NZDUSD_H4 squeeze_breakout: IS-grid best={'adx_min': 10, 'exit_bars': 16, 'lookback': 60, 'session_hours': None, 'squeeze_pct': 0.3} OOS ret=-0.18% n=113 gates=True holdout_ok=False source=approximate_non_ftmo
NZDUSD_H4 keltner_breakout: IS-grid best={'adx_min': 12, 'atr_mult': 1.25, 'exit_to_mid': False, 'session_hours': None} OOS ret=-0.13% n=133 gates=True holdout_ok=False source=approximate_non_ftmo
NZDUSD_D1 hybrid_regime: IS-grid best={'adx_chop': 20, 'adx_trend': 24, 'rsi_high': 65, 'rsi_low': 35, 'session_hours': None} OOS ret=-0.40% n=44 gates=True holdout_ok=False source=approximate_non_ftmo
NZDUSD_D1 breakout_donchian: IS-grid best={'adx_min': 0, 'atr_pct_min': 0.1, 'donchian_window': 15, 'session_hours': None, 'use_mid_exit': False} OOS ret=0.31% n=36 gates=True holdout_ok=False source=approximate_non_ftmo
NZDUSD_D1 bbands_reversion: IS-grid best={'adx_max': 28, 'require_htf_align': True, 'require_rsi': True, 'rsi_high': 60, 'rsi_low': 35, 'session_hours': None} OOS ret=0.00% n=0 gates=True holdout_ok=False source=approximate_non_ftmo
NZDUSD_D1 squeeze_breakout: IS-grid best={'adx_min': 18, 'exit_bars': 8, 'lookback': 60, 'session_hours': None, 'squeeze_pct': 0.2} OOS ret=-0.05% n=34 gates=True holdout_ok=True source=approximate_non_ftmo
NZDUSD_D1 keltner_breakout: IS-grid best={'adx_min': 12, 'atr_mult': 1.25, 'exit_to_mid': True, 'session_hours': None} OOS ret=-0.05% n=65 gates=True holdout_ok=False source=approximate_non_ftmo
Wrote /workspace/Mt5-swing/reports/leaderboard.csv
Wrote /workspace/Mt5-swing/reports/leaderboard.md
Wrote /workspace/Mt5-swing/reports/walk_forward_summary.csv
Wrote /workspace/Mt5-swing/reports/walk_forward_summary.md
NOTE: all results approximate_non_ftmo until FTMO MT5 exports are imported.
