EURUSD_H4 bbands_reversion: IS-grid best={'adx_max': 28, 'require_htf_align': False, 'require_rsi': True, 'rsi_high': 60, 'rsi_low': 40, 'session_hours': None} OOS ret=0.09% n=33 gates=True holdout_ok=False source=approximate_non_ftmo
EURUSD_H4 breakout_donchian: IS-grid best={'adx_min': 15, 'atr_pct_min': 0.1, 'session_hours': None, 'use_mid_exit': False} OOS ret=-0.09% n=87 gates=True holdout_ok=False source=approximate_non_ftmo
EURUSD_H4 hybrid_regime: IS-grid best={'adx_chop': 16, 'adx_trend': 24, 'rsi_high': 70, 'rsi_low': 35, 'session_hours': None} OOS ret=0.07% n=80 gates=True holdout_ok=False source=approximate_non_ftmo
EURUSD_H4 trend_ma_adx: IS-grid best={'adx_threshold': 22, 'atr_pct_max': 0.9, 'atr_pct_min': 0.0, 'require_ema_align': True, 'require_htf_align': False, 'session_hours': None} OOS ret=0.00% n=81 gates=True holdout_ok=False source=approximate_non_ftmo
EURUSD_H4 mean_reversion_regime: IS-grid best={'adx_max': 20, 'rsi_high': 65, 'rsi_low': 30, 'session_hours': None} OOS ret=0.04% n=8 gates=True holdout_ok=False source=approximate_non_ftmo
EURUSD_D1 bbands_reversion: IS-grid best={'adx_max': 22, 'require_htf_align': False, 'require_rsi': True, 'rsi_high': 60, 'rsi_low': 40, 'session_hours': None} OOS ret=0.33% n=17 gates=True holdout_ok=False source=approximate_non_ftmo
EURUSD_D1 breakout_donchian: IS-grid best={'adx_min': 20, 'atr_pct_min': 0.0, 'session_hours': None, 'use_mid_exit': False} OOS ret=-0.42% n=29 gates=True holdout_ok=False source=approximate_non_ftmo
EURUSD_D1 hybrid_regime: IS-grid best={'adx_chop': 16, 'adx_trend': 24, 'rsi_high': 70, 'rsi_low': 35, 'session_hours': None} OOS ret=-0.15% n=34 gates=True holdout_ok=False source=approximate_non_ftmo
EURUSD_D1 trend_ma_adx: IS-grid best={'adx_threshold': 22, 'atr_pct_max': 0.9, 'atr_pct_min': 0.0, 'require_ema_align': False, 'require_htf_align': False, 'session_hours': None} OOS ret=-0.15% n=30 gates=True holdout_ok=False source=approximate_non_ftmo
EURUSD_D1 mean_reversion_regime: IS-grid best={'adx_max': 20, 'rsi_high': 70, 'rsi_low': 35, 'session_hours': None} OOS ret=0.29% n=11 gates=True holdout_ok=False source=approximate_non_ftmo
GBPUSD_H4 bbands_reversion: IS-grid best={'adx_max': 22, 'require_htf_align': False, 'require_rsi': False, 'rsi_high': 60, 'rsi_low': 35, 'session_hours': None} OOS ret=-0.10% n=23 gates=True holdout_ok=False source=approximate_non_ftmo
GBPUSD_H4 breakout_donchian: IS-grid best={'adx_min': 15, 'atr_pct_min': 0.1, 'session_hours': '7-20', 'use_mid_exit': True} OOS ret=-0.03% n=86 gates=True holdout_ok=False source=approximate_non_ftmo
GBPUSD_H4 hybrid_regime: IS-grid best={'adx_chop': 20, 'adx_trend': 20, 'rsi_high': 70, 'rsi_low': 30, 'session_hours': None} OOS ret=0.30% n=91 gates=True holdout_ok=False source=approximate_non_ftmo
GBPUSD_H4 trend_ma_adx: IS-grid best={'adx_threshold': 22, 'atr_pct_max': 0.9, 'atr_pct_min': 0.0, 'require_ema_align': True, 'require_htf_align': True, 'session_hours': None} OOS ret=0.00% n=0 gates=True holdout_ok=False source=approximate_non_ftmo
GBPUSD_H4 mean_reversion_regime: IS-grid best={'adx_max': 30, 'rsi_high': 65, 'rsi_low': 30, 'session_hours': '7-20'} OOS ret=-0.20% n=22 gates=True holdout_ok=True source=approximate_non_ftmo
GBPUSD_D1 bbands_reversion: IS-grid best={'adx_max': 28, 'require_htf_align': False, 'require_rsi': True, 'rsi_high': 65, 'rsi_low': 40, 'session_hours': None} OOS ret=-0.15% n=23 gates=True holdout_ok=True source=approximate_non_ftmo
GBPUSD_D1 breakout_donchian: IS-grid best={'adx_min': 15, 'atr_pct_min': 0.0, 'session_hours': None, 'use_mid_exit': False} OOS ret=0.88% n=47 gates=True holdout_ok=False source=approximate_non_ftmo
GBPUSD_D1 hybrid_regime: IS-grid best={'adx_chop': 16, 'adx_trend': 20, 'rsi_high': 65, 'rsi_low': 30, 'session_hours': None} OOS ret=0.22% n=36 gates=True holdout_ok=False source=approximate_non_ftmo
GBPUSD_D1 trend_ma_adx: IS-grid best={'adx_threshold': 18, 'atr_pct_max': 0.9, 'atr_pct_min': 0.0, 'require_ema_align': False, 'require_htf_align': True, 'session_hours': None} OOS ret=0.00% n=0 gates=True holdout_ok=False source=approximate_non_ftmo
GBPUSD_D1 mean_reversion_regime: IS-grid best={'adx_max': 25, 'rsi_high': 70, 'rsi_low': 35, 'session_hours': None} OOS ret=-0.38% n=15 gates=True holdout_ok=True source=approximate_non_ftmo
USDJPY_H4 bbands_reversion: IS-grid best={'adx_max': 22, 'require_htf_align': True, 'require_rsi': False, 'rsi_high': 60, 'rsi_low': 35, 'session_hours': None} OOS ret=0.00% n=0 gates=True holdout_ok=False source=approximate_non_ftmo
USDJPY_H4 breakout_donchian: IS-grid best={'adx_min': 15, 'atr_pct_min': 0.0, 'session_hours': None, 'use_mid_exit': False} OOS ret=-0.23% n=103 gates=True holdout_ok=True source=approximate_non_ftmo
USDJPY_H4 hybrid_regime: IS-grid best={'adx_chop': 16, 'adx_trend': 20, 'rsi_high': 70, 'rsi_low': 30, 'session_hours': None} OOS ret=0.29% n=89 gates=True holdout_ok=False source=approximate_non_ftmo
USDJPY_H4 trend_ma_adx: IS-grid best={'adx_threshold': 18, 'atr_pct_max': 0.9, 'atr_pct_min': 0.0, 'require_ema_align': False, 'require_htf_align': False, 'session_hours': None} OOS ret=0.41% n=97 gates=True holdout_ok=False source=approximate_non_ftmo
USDJPY_H4 mean_reversion_regime: IS-grid best={'adx_max': 30, 'rsi_high': 65, 'rsi_low': 35, 'session_hours': '7-20'} OOS ret=-0.05% n=28 gates=True holdout_ok=True source=approximate_non_ftmo
USDJPY_D1 bbands_reversion: IS-grid best={'adx_max': 22, 'require_htf_align': False, 'require_rsi': False, 'rsi_high': 60, 'rsi_low': 35, 'session_hours': None} OOS ret=0.30% n=18 gates=True holdout_ok=True source=approximate_non_ftmo
USDJPY_D1 breakout_donchian: IS-grid best={'adx_min': 0, 'atr_pct_min': 0.1, 'session_hours': None, 'use_mid_exit': True} OOS ret=0.30% n=30 gates=True holdout_ok=False source=approximate_non_ftmo
USDJPY_D1 hybrid_regime: IS-grid best={'adx_chop': 20, 'adx_trend': 24, 'rsi_high': 70, 'rsi_low': 30, 'session_hours': None} OOS ret=0.69% n=35 gates=True holdout_ok=True source=approximate_non_ftmo
USDJPY_D1 trend_ma_adx: IS-grid best={'adx_threshold': 18, 'atr_pct_max': 1.0, 'atr_pct_min': 0.0, 'require_ema_align': False, 'require_htf_align': True, 'session_hours': None} OOS ret=0.00% n=0 gates=True holdout_ok=False source=approximate_non_ftmo
USDJPY_D1 mean_reversion_regime: IS-grid best={'adx_max': 30, 'rsi_high': 65, 'rsi_low': 30, 'session_hours': None} OOS ret=0.04% n=18 gates=True holdout_ok=True source=approximate_non_ftmo
Wrote /workspace/Mt5-swing/reports/leaderboard.csv
Wrote /workspace/Mt5-swing/reports/leaderboard.md
Wrote /workspace/Mt5-swing/reports/walk_forward_summary.csv
Wrote /workspace/Mt5-swing/reports/walk_forward_summary.md
NOTE: all results approximate_non_ftmo until FTMO MT5 exports are imported.
