EURUSD_H4 willr_reversion: IS-grid best={'adx_max': 22, 'exit_mid': -50, 'require_htf_align': False, 'session_hours': None, 'willr_high': -10, 'willr_low': -90} OOS ret=-0.02% n=29 gates=True holdout_ok=True source=approximate_non_ftmo
EURUSD_H4 cci_reversion: IS-grid best={'adx_max': 28, 'cci_high': 120, 'cci_low': -100, 'exit_level': 0, 'require_htf_align': False, 'session_hours': None} OOS ret=0.09% n=28 gates=True holdout_ok=False source=approximate_non_ftmo
EURUSD_H4 stoch_reversion: IS-grid best={'adx_max': 22, 'exit_mid': 50, 'require_htf_align': False, 'session_hours': None, 'stoch_high': 85, 'stoch_low': 20} OOS ret=-0.10% n=37 gates=True holdout_ok=True source=approximate_non_ftmo
EURUSD_D1 willr_reversion: IS-grid best={'adx_max': 22, 'exit_mid': -50, 'require_htf_align': False, 'session_hours': None, 'willr_high': -20, 'willr_low': -90} OOS ret=0.66% n=42 gates=True holdout_ok=False source=approximate_non_ftmo
EURUSD_D1 cci_reversion: IS-grid best={'adx_max': 35, 'cci_high': 120, 'cci_low': -120, 'exit_level': 0, 'require_htf_align': False, 'session_hours': None} OOS ret=0.58% n=24 gates=True holdout_ok=False source=approximate_non_ftmo
EURUSD_D1 stoch_reversion: IS-grid best={'adx_max': 28, 'exit_mid': 50, 'require_htf_align': False, 'session_hours': None, 'stoch_high': 75, 'stoch_low': 20} OOS ret=0.06% n=64 gates=True holdout_ok=False source=approximate_non_ftmo
GBPUSD_H4 willr_reversion: IS-grid best={'adx_max': 35, 'exit_mid': -50, 'require_htf_align': False, 'session_hours': None, 'willr_high': -20, 'willr_low': -90} OOS ret=0.14% n=72 gates=True holdout_ok=True source=approximate_non_ftmo
GBPUSD_H4 cci_reversion: IS-grid best={'adx_max': 35, 'cci_high': 120, 'cci_low': -120, 'exit_level': 0, 'require_htf_align': False, 'session_hours': None} OOS ret=0.09% n=33 gates=True holdout_ok=False source=approximate_non_ftmo
GBPUSD_H4 stoch_reversion: IS-grid best={'adx_max': 28, 'exit_mid': 50, 'require_htf_align': False, 'session_hours': None, 'stoch_high': 75, 'stoch_low': 15} OOS ret=0.03% n=69 gates=True holdout_ok=True source=approximate_non_ftmo
GBPUSD_D1 willr_reversion: IS-grid best={'adx_max': 35, 'exit_mid': -50, 'require_htf_align': False, 'session_hours': None, 'willr_high': -10, 'willr_low': -90} OOS ret=0.18% n=62 gates=True holdout_ok=True source=approximate_non_ftmo
GBPUSD_D1 cci_reversion: IS-grid best={'adx_max': 22, 'cci_high': 120, 'cci_low': -120, 'exit_level': 0, 'require_htf_align': True, 'session_hours': None} OOS ret=0.00% n=0 gates=True holdout_ok=False source=approximate_non_ftmo
GBPUSD_D1 stoch_reversion: IS-grid best={'adx_max': 22, 'exit_mid': 50, 'require_htf_align': True, 'session_hours': None, 'stoch_high': 85, 'stoch_low': 20} OOS ret=0.00% n=0 gates=True holdout_ok=False source=approximate_non_ftmo
USDCHF_H4 willr_reversion: IS-grid best={'adx_max': 22, 'exit_mid': -50, 'require_htf_align': True, 'session_hours': None, 'willr_high': -10, 'willr_low': -90} OOS ret=0.00% n=0 gates=True holdout_ok=True source=approximate_non_ftmo
USDCHF_H4 cci_reversion: IS-grid best={'adx_max': 22, 'cci_high': 100, 'cci_low': -120, 'exit_level': 0, 'require_htf_align': True, 'session_hours': None} OOS ret=0.00% n=0 gates=True holdout_ok=True source=approximate_non_ftmo
USDCHF_H4 stoch_reversion: IS-grid best={'adx_max': 22, 'exit_mid': 50, 'require_htf_align': True, 'session_hours': None, 'stoch_high': 80, 'stoch_low': 20} OOS ret=0.00% n=0 gates=True holdout_ok=True source=approximate_non_ftmo
USDCHF_D1 willr_reversion: IS-grid best={'adx_max': 22, 'exit_mid': -50, 'require_htf_align': False, 'session_hours': None, 'willr_high': -10, 'willr_low': -90} OOS ret=0.18% n=30 gates=True holdout_ok=False source=approximate_non_ftmo
USDCHF_D1 cci_reversion: IS-grid best={'adx_max': 35, 'cci_high': 100, 'cci_low': -120, 'exit_level': 0, 'require_htf_align': True, 'session_hours': None} OOS ret=0.00% n=0 gates=True holdout_ok=False source=approximate_non_ftmo
USDCHF_D1 stoch_reversion: IS-grid best={'adx_max': 28, 'exit_mid': 50, 'require_htf_align': False, 'session_hours': None, 'stoch_high': 80, 'stoch_low': 25} OOS ret=0.49% n=64 gates=True holdout_ok=False source=approximate_non_ftmo
CADJPY_H4 willr_reversion: IS-grid best={'adx_max': 22, 'exit_mid': -50, 'require_htf_align': False, 'session_hours': None, 'willr_high': -10, 'willr_low': -80} OOS ret=0.48% n=61 gates=True holdout_ok=True source=approximate_non_ftmo
CADJPY_H4 cci_reversion: IS-grid best={'adx_max': 28, 'cci_high': 100, 'cci_low': -100, 'exit_level': 0, 'require_htf_align': False, 'session_hours': None} OOS ret=0.28% n=43 gates=True holdout_ok=False source=approximate_non_ftmo
CADJPY_H4 stoch_reversion: IS-grid best={'adx_max': 22, 'exit_mid': 50, 'require_htf_align': False, 'session_hours': None, 'stoch_high': 75, 'stoch_low': 20} OOS ret=0.49% n=75 gates=True holdout_ok=False source=approximate_non_ftmo
CADJPY_D1 willr_reversion: IS-grid best={'adx_max': 28, 'exit_mid': -50, 'require_htf_align': True, 'session_hours': None, 'willr_high': -20, 'willr_low': -90} OOS ret=0.00% n=0 gates=True holdout_ok=False source=approximate_non_ftmo
CADJPY_D1 cci_reversion: IS-grid best={'adx_max': 28, 'cci_high': 120, 'cci_low': -120, 'exit_level': 0, 'require_htf_align': True, 'session_hours': None} OOS ret=0.00% n=0 gates=True holdout_ok=False source=approximate_non_ftmo
CADJPY_D1 stoch_reversion: IS-grid best={'adx_max': 28, 'exit_mid': 50, 'require_htf_align': True, 'session_hours': None, 'stoch_high': 75, 'stoch_low': 15} OOS ret=0.00% n=0 gates=True holdout_ok=False source=approximate_non_ftmo
AUDCAD_H4 willr_reversion: IS-grid best={'adx_max': 22, 'exit_mid': -50, 'require_htf_align': False, 'session_hours': None, 'willr_high': -10, 'willr_low': -80} OOS ret=0.09% n=46 gates=True holdout_ok=True source=approximate_non_ftmo
AUDCAD_H4 cci_reversion: IS-grid best={'adx_max': 35, 'cci_high': 120, 'cci_low': -100, 'exit_level': 0, 'require_htf_align': False, 'session_hours': None} OOS ret=0.15% n=40 gates=True holdout_ok=True source=approximate_non_ftmo
AUDCAD_H4 stoch_reversion: IS-grid best={'adx_max': 22, 'exit_mid': 50, 'require_htf_align': False, 'session_hours': None, 'stoch_high': 75, 'stoch_low': 25} OOS ret=0.02% n=57 gates=True holdout_ok=True source=approximate_non_ftmo
AUDCAD_D1 willr_reversion: IS-grid best={'adx_max': 22, 'exit_mid': -50, 'require_htf_align': False, 'session_hours': None, 'willr_high': -20, 'willr_low': -80} OOS ret=-0.32% n=46 gates=True holdout_ok=True source=approximate_non_ftmo
AUDCAD_D1 cci_reversion: IS-grid best={'adx_max': 35, 'cci_high': 100, 'cci_low': -120, 'exit_level': 0, 'require_htf_align': False, 'session_hours': None} OOS ret=0.36% n=29 gates=True holdout_ok=True source=approximate_non_ftmo
AUDCAD_D1 stoch_reversion: IS-grid best={'adx_max': 22, 'exit_mid': 50, 'require_htf_align': False, 'session_hours': None, 'stoch_high': 75, 'stoch_low': 20} OOS ret=-0.06% n=52 gates=True holdout_ok=True source=approximate_non_ftmo
GBPCAD_H4 willr_reversion: IS-grid best={'adx_max': 22, 'exit_mid': -50, 'require_htf_align': False, 'session_hours': None, 'willr_high': -10, 'willr_low': -80} OOS ret=-0.22% n=38 gates=True holdout_ok=True source=approximate_non_ftmo
GBPCAD_H4 cci_reversion: IS-grid best={'adx_max': 28, 'cci_high': 120, 'cci_low': -120, 'exit_level': 0, 'require_htf_align': False, 'session_hours': None} OOS ret=-0.23% n=22 gates=True holdout_ok=True source=approximate_non_ftmo
GBPCAD_H4 stoch_reversion: IS-grid best={'adx_max': 22, 'exit_mid': 50, 'require_htf_align': False, 'session_hours': None, 'stoch_high': 85, 'stoch_low': 25} OOS ret=-0.28% n=43 gates=True holdout_ok=True source=approximate_non_ftmo
GBPCAD_D1 willr_reversion: IS-grid best={'adx_max': 28, 'exit_mid': -50, 'require_htf_align': False, 'session_hours': None, 'willr_high': -10, 'willr_low': -90} OOS ret=0.50% n=44 gates=True holdout_ok=True source=approximate_non_ftmo
GBPCAD_D1 cci_reversion: IS-grid best={'adx_max': 35, 'cci_high': 120, 'cci_low': -120, 'exit_level': 0, 'require_htf_align': False, 'session_hours': None} OOS ret=0.68% n=30 gates=True holdout_ok=True source=approximate_non_ftmo
GBPCAD_D1 stoch_reversion: IS-grid best={'adx_max': 28, 'exit_mid': 50, 'require_htf_align': False, 'session_hours': None, 'stoch_high': 85, 'stoch_low': 15} OOS ret=0.63% n=56 gates=True holdout_ok=True source=approximate_non_ftmo
Merged into existing summary → 494 rows (protect 4 interim legs)
Wrote /workspace/Mt5-swing/reports/leaderboard.csv
Wrote /workspace/Mt5-swing/reports/leaderboard.md
Wrote /workspace/Mt5-swing/reports/walk_forward_summary.csv
Wrote /workspace/Mt5-swing/reports/walk_forward_summary.md
NOTE: all results approximate_non_ftmo until FTMO MT5 exports are imported.
