AUDCAD_H4 bbands_reversion: IS-grid best={'adx_max': 28, 'max_hold': 0, 'require_htf_align': False, 'require_rsi': False, 'rsi_high': 60, 'rsi_low': 35, 'session_hours': None} OOS ret=0.13% n=42 gates=True holdout_ok=True source=approximate_non_ftmo
AUDCAD_H4 hybrid_regime: IS-grid best={'adx_chop': 20, 'adx_trend': 24, 'max_hold': 0, 'rsi_high': 65, 'rsi_low': 35, 'session_hours': None} OOS ret=-0.32% n=75 gates=True holdout_ok=False source=approximate_non_ftmo
AUDCAD_H4 breakout_donchian: IS-grid best={'adx_min': 22, 'atr_pct_min': 0.1, 'donchian_window': 40, 'session_hours': None, 'use_mid_exit': False} OOS ret=-0.42% n=27 gates=True holdout_ok=False source=approximate_non_ftmo
AUDCAD_H4 cci_reversion: IS-grid best={'adx_max': 35, 'cci_high': 120, 'cci_low': -100, 'exit_level': 0, 'require_htf_align': False, 'session_hours': None} OOS ret=0.15% n=40 gates=True holdout_ok=True source=approximate_non_ftmo
AUDCAD_H4 stoch_reversion: IS-grid best={'adx_max': 22, 'exit_mid': 50, 'require_htf_align': False, 'session_hours': None, 'stoch_high': 75, 'stoch_low': 25} OOS ret=0.02% n=57 gates=True holdout_ok=True source=approximate_non_ftmo
AUDCAD_D1 bbands_reversion: IS-grid best={'adx_max': 28, 'max_hold': 20, 'require_htf_align': False, 'require_rsi': True, 'rsi_high': 60, 'rsi_low': 35, 'session_hours': None} OOS ret=0.69% n=30 gates=True holdout_ok=False source=approximate_non_ftmo
AUDCAD_D1 hybrid_regime: IS-grid best={'adx_chop': 16, 'adx_trend': 24, 'max_hold': 20, 'rsi_high': 70, 'rsi_low': 35, 'session_hours': None} OOS ret=0.01% n=37 gates=True holdout_ok=False source=approximate_non_ftmo
AUDCAD_D1 breakout_donchian: IS-grid best={'adx_min': 0, 'atr_pct_min': 0.15, 'donchian_window': 40, 'session_hours': None, 'use_mid_exit': False} OOS ret=-0.17% n=9 gates=True holdout_ok=True source=approximate_non_ftmo
AUDCAD_D1 cci_reversion: IS-grid best={'adx_max': 35, 'cci_high': 100, 'cci_low': -120, 'exit_level': 0, 'require_htf_align': False, 'session_hours': None} OOS ret=0.36% n=29 gates=True holdout_ok=True source=approximate_non_ftmo
AUDCAD_D1 stoch_reversion: IS-grid best={'adx_max': 22, 'exit_mid': 50, 'require_htf_align': False, 'session_hours': None, 'stoch_high': 75, 'stoch_low': 20} OOS ret=-0.06% n=52 gates=True holdout_ok=True source=approximate_non_ftmo
GBPCAD_H4 bbands_reversion: IS-grid best={'adx_max': 22, 'max_hold': 20, 'require_htf_align': False, 'require_rsi': True, 'rsi_high': 65, 'rsi_low': 35, 'session_hours': None} OOS ret=-0.07% n=11 gates=True holdout_ok=True source=approximate_non_ftmo
GBPCAD_H4 hybrid_regime: IS-grid best={'adx_chop': 16, 'adx_trend': 20, 'max_hold': 0, 'rsi_high': 65, 'rsi_low': 30, 'session_hours': None} OOS ret=0.08% n=87 gates=True holdout_ok=False source=approximate_non_ftmo
GBPCAD_H4 breakout_donchian: IS-grid best={'adx_min': 15, 'atr_pct_min': 0.1, 'donchian_window': 20, 'session_hours': None, 'use_mid_exit': False} OOS ret=0.25% n=83 gates=True holdout_ok=False source=approximate_non_ftmo
GBPCAD_H4 cci_reversion: IS-grid best={'adx_max': 28, 'cci_high': 120, 'cci_low': -120, 'exit_level': 0, 'require_htf_align': False, 'session_hours': None} OOS ret=-0.23% n=22 gates=True holdout_ok=True source=approximate_non_ftmo
GBPCAD_H4 stoch_reversion: IS-grid best={'adx_max': 22, 'exit_mid': 50, 'require_htf_align': False, 'session_hours': None, 'stoch_high': 85, 'stoch_low': 25} OOS ret=-0.28% n=43 gates=True holdout_ok=True source=approximate_non_ftmo
GBPCAD_D1 bbands_reversion: IS-grid best={'adx_max': 35, 'max_hold': 20, 'require_htf_align': False, 'require_rsi': False, 'rsi_high': 60, 'rsi_low': 35, 'session_hours': None} OOS ret=0.84% n=40 gates=True holdout_ok=True source=approximate_non_ftmo
GBPCAD_D1 hybrid_regime: IS-grid best={'adx_chop': 20, 'adx_trend': 24, 'max_hold': 20, 'rsi_high': 65, 'rsi_low': 35, 'session_hours': None} OOS ret=0.38% n=43 gates=True holdout_ok=False source=approximate_non_ftmo
GBPCAD_D1 breakout_donchian: IS-grid best={'adx_min': 15, 'atr_pct_min': 0.1, 'donchian_window': 20, 'session_hours': None, 'use_mid_exit': False} OOS ret=-1.13% n=41 gates=True holdout_ok=True source=approximate_non_ftmo
GBPCAD_D1 cci_reversion: IS-grid best={'adx_max': 35, 'cci_high': 120, 'cci_low': -120, 'exit_level': 0, 'require_htf_align': False, 'session_hours': None} OOS ret=0.68% n=30 gates=True holdout_ok=True source=approximate_non_ftmo
GBPCAD_D1 stoch_reversion: IS-grid best={'adx_max': 28, 'exit_mid': 50, 'require_htf_align': False, 'session_hours': None, 'stoch_high': 85, 'stoch_low': 15} OOS ret=0.63% n=56 gates=True holdout_ok=True source=approximate_non_ftmo
Wrote /workspace/Mt5-swing/reports/leaderboard.csv
Wrote /workspace/Mt5-swing/reports/leaderboard.md
Wrote /workspace/Mt5-swing/reports/walk_forward_summary.csv
Wrote /workspace/Mt5-swing/reports/walk_forward_summary.md
NOTE: all results approximate_non_ftmo until FTMO MT5 exports are imported.
