USDCAD_H4 cci_reversion: IS-grid best={'adx_max': 35, 'cci_high': 100, 'cci_low': -120, 'exit_level': 0, 'require_htf_align': False, 'session_hours': None} OOS ret=-0.20% n=33 gates=True holdout_ok=False source=approximate_non_ftmo
USDCAD_H4 stoch_reversion: IS-grid best={'adx_max': 28, 'exit_mid': 50, 'require_htf_align': False, 'session_hours': None, 'stoch_high': 85, 'stoch_low': 25} OOS ret=-0.24% n=59 gates=True holdout_ok=False source=approximate_non_ftmo
USDCAD_H4 atr_channel_breakout: IS-grid best={'adx_min': 12, 'atr_mult': 2.0, 'exit_to_mid': False, 'max_hold': 0, 'require_htf_align': True, 'session_hours': None} OOS ret=0.00% n=0 gates=True holdout_ok=False source=approximate_non_ftmo
USDCAD_D1 cci_reversion: IS-grid best={'adx_max': 35, 'cci_high': 100, 'cci_low': -120, 'exit_level': 0, 'require_htf_align': True, 'session_hours': None} OOS ret=0.00% n=0 gates=True holdout_ok=False source=approximate_non_ftmo
USDCAD_D1 stoch_reversion: IS-grid best={'adx_max': 22, 'exit_mid': 50, 'require_htf_align': False, 'session_hours': None, 'stoch_high': 85, 'stoch_low': 15} OOS ret=0.05% n=133 gates=True holdout_ok=False source=approximate_non_ftmo
USDCAD_D1 atr_channel_breakout: IS-grid best={'adx_min': 12, 'atr_mult': 2.5, 'exit_to_mid': False, 'max_hold': 0, 'require_htf_align': True, 'session_hours': None} OOS ret=0.00% n=0 gates=True holdout_ok=False source=approximate_non_ftmo
NZDUSD_H4 cci_reversion: IS-grid best={'adx_max': 35, 'cci_high': 100, 'cci_low': -120, 'exit_level': 0, 'require_htf_align': False, 'session_hours': None} OOS ret=-0.05% n=38 gates=True holdout_ok=False source=approximate_non_ftmo
NZDUSD_H4 stoch_reversion: IS-grid best={'adx_max': 28, 'exit_mid': 50, 'require_htf_align': True, 'session_hours': None, 'stoch_high': 80, 'stoch_low': 20} OOS ret=0.00% n=0 gates=True holdout_ok=False source=approximate_non_ftmo
NZDUSD_H4 atr_channel_breakout: IS-grid best={'adx_min': 12, 'atr_mult': 2.0, 'exit_to_mid': False, 'max_hold': 0, 'require_htf_align': False, 'session_hours': None} OOS ret=-0.01% n=128 gates=True holdout_ok=True source=approximate_non_ftmo
NZDUSD_D1 cci_reversion: IS-grid best={'adx_max': 35, 'cci_high': 100, 'cci_low': -100, 'exit_level': 0, 'require_htf_align': True, 'session_hours': None} OOS ret=0.00% n=0 gates=True holdout_ok=False source=approximate_non_ftmo
NZDUSD_D1 stoch_reversion: IS-grid best={'adx_max': 28, 'exit_mid': 50, 'require_htf_align': True, 'session_hours': None, 'stoch_high': 80, 'stoch_low': 15} OOS ret=0.00% n=0 gates=True holdout_ok=False source=approximate_non_ftmo
NZDUSD_D1 atr_channel_breakout: IS-grid best={'adx_min': 12, 'atr_mult': 1.5, 'exit_to_mid': False, 'max_hold': 24, 'require_htf_align': True, 'session_hours': None} OOS ret=0.00% n=0 gates=True holdout_ok=False source=approximate_non_ftmo
EURJPY_H4 cci_reversion: IS-grid best={'adx_max': 22, 'cci_high': 120, 'cci_low': -100, 'exit_level': 0, 'require_htf_align': True, 'session_hours': None} OOS ret=0.00% n=0 gates=True holdout_ok=True source=approximate_non_ftmo
EURJPY_H4 stoch_reversion: IS-grid best={'adx_max': 22, 'exit_mid': 50, 'require_htf_align': True, 'session_hours': None, 'stoch_high': 85, 'stoch_low': 20} OOS ret=0.00% n=0 gates=True holdout_ok=True source=approximate_non_ftmo
EURJPY_H4 atr_channel_breakout: IS-grid best={'adx_min': 12, 'atr_mult': 2.0, 'exit_to_mid': False, 'max_hold': 24, 'require_htf_align': False, 'session_hours': None} OOS ret=0.00% n=93 gates=True holdout_ok=True source=approximate_non_ftmo
EURJPY_D1 cci_reversion: IS-grid best={'adx_max': 22, 'cci_high': 120, 'cci_low': -120, 'exit_level': 0, 'require_htf_align': True, 'session_hours': None} OOS ret=0.00% n=0 gates=True holdout_ok=False source=approximate_non_ftmo
EURJPY_D1 stoch_reversion: IS-grid best={'adx_max': 22, 'exit_mid': 50, 'require_htf_align': True, 'session_hours': None, 'stoch_high': 85, 'stoch_low': 20} OOS ret=0.00% n=0 gates=True holdout_ok=False source=approximate_non_ftmo
EURJPY_D1 atr_channel_breakout: IS-grid best={'adx_min': 12, 'atr_mult': 2.5, 'exit_to_mid': True, 'max_hold': 0, 'require_htf_align': False, 'session_hours': None} OOS ret=-0.01% n=25 gates=True holdout_ok=False source=approximate_non_ftmo
GBPJPY_H4 cci_reversion: IS-grid best={'adx_max': 22, 'cci_high': 100, 'cci_low': -100, 'exit_level': 0, 'require_htf_align': True, 'session_hours': None} OOS ret=0.00% n=0 gates=True holdout_ok=True source=approximate_non_ftmo
GBPJPY_H4 stoch_reversion: IS-grid best={'adx_max': 22, 'exit_mid': 50, 'require_htf_align': True, 'session_hours': None, 'stoch_high': 85, 'stoch_low': 15} OOS ret=0.00% n=0 gates=True holdout_ok=False source=approximate_non_ftmo
GBPJPY_H4 atr_channel_breakout: IS-grid best={'adx_min': 12, 'atr_mult': 1.5, 'exit_to_mid': False, 'max_hold': 24, 'require_htf_align': False, 'session_hours': None} OOS ret=0.00% n=106 gates=True holdout_ok=False source=approximate_non_ftmo
GBPJPY_D1 cci_reversion: IS-grid best={'adx_max': 28, 'cci_high': 120, 'cci_low': -100, 'exit_level': 0, 'require_htf_align': True, 'session_hours': None} OOS ret=0.00% n=0 gates=True holdout_ok=False source=approximate_non_ftmo
GBPJPY_D1 stoch_reversion: IS-grid best={'adx_max': 22, 'exit_mid': 50, 'require_htf_align': True, 'session_hours': None, 'stoch_high': 80, 'stoch_low': 15} OOS ret=0.00% n=0 gates=True holdout_ok=False source=approximate_non_ftmo
GBPJPY_D1 atr_channel_breakout: IS-grid best={'adx_min': 12, 'atr_mult': 1.5, 'exit_to_mid': True, 'max_hold': 24, 'require_htf_align': False, 'session_hours': None} OOS ret=-0.00% n=63 gates=True holdout_ok=False source=approximate_non_ftmo
Wrote /workspace/Mt5-swing/reports/leaderboard.csv
Wrote /workspace/Mt5-swing/reports/leaderboard.md
Wrote /workspace/Mt5-swing/reports/walk_forward_summary.csv
Wrote /workspace/Mt5-swing/reports/walk_forward_summary.md
NOTE: all results approximate_non_ftmo until FTMO MT5 exports are imported.
