GBPUSD_H4 squeeze_breakout: IS-grid best={'adx_min': 18, 'exit_bars': 8, 'lookback': 60, 'session_hours': None, 'squeeze_pct': 0.2} OOS ret=-0.07% n=74 gates=True holdout_ok=False source=approximate_non_ftmo
GBPUSD_H4 hybrid_regime: IS-grid best={'adx_chop': 20, 'adx_trend': 20, 'rsi_high': 70, 'rsi_low': 30, 'session_hours': None} OOS ret=0.30% n=91 gates=True holdout_ok=False source=approximate_non_ftmo
GBPUSD_H4 breakout_donchian: IS-grid best={'adx_min': 15, 'atr_pct_min': 0.15, 'donchian_window': 30, 'session_hours': None, 'use_mid_exit': False} OOS ret=0.19% n=104 gates=True holdout_ok=True source=approximate_non_ftmo
GBPUSD_H4 bbands_reversion: IS-grid best={'adx_max': 28, 'require_htf_align': False, 'require_rsi': False, 'rsi_high': 60, 'rsi_low': 35, 'session_hours': None} OOS ret=-0.12% n=32 gates=True holdout_ok=False source=approximate_non_ftmo
GBPUSD_D1 squeeze_breakout: IS-grid best={'adx_min': 10, 'exit_bars': 16, 'lookback': 60, 'session_hours': None, 'squeeze_pct': 0.2} OOS ret=-0.22% n=62 gates=True holdout_ok=False source=approximate_non_ftmo
GBPUSD_D1 hybrid_regime: IS-grid best={'adx_chop': 16, 'adx_trend': 20, 'rsi_high': 65, 'rsi_low': 30, 'session_hours': None} OOS ret=0.25% n=36 gates=True holdout_ok=False source=approximate_non_ftmo
GBPUSD_D1 breakout_donchian: IS-grid best={'adx_min': 15, 'atr_pct_min': 0.0, 'donchian_window': 20, 'session_hours': None, 'use_mid_exit': False} OOS ret=1.34% n=47 gates=True holdout_ok=False source=approximate_non_ftmo
GBPUSD_D1 bbands_reversion: IS-grid best={'adx_max': 28, 'require_htf_align': False, 'require_rsi': True, 'rsi_high': 65, 'rsi_low': 40, 'session_hours': None} OOS ret=-0.17% n=23 gates=True holdout_ok=True source=approximate_non_ftmo
USDJPY_H4 squeeze_breakout: IS-grid best={'adx_min': 18, 'exit_bars': 8, 'lookback': 40, 'session_hours': None, 'squeeze_pct': 0.2} OOS ret=0.12% n=44 gates=True holdout_ok=True source=approximate_non_ftmo
USDJPY_H4 hybrid_regime: IS-grid best={'adx_chop': 16, 'adx_trend': 20, 'rsi_high': 70, 'rsi_low': 30, 'session_hours': None} OOS ret=0.28% n=89 gates=True holdout_ok=False source=approximate_non_ftmo
USDJPY_H4 breakout_donchian: IS-grid best={'adx_min': 15, 'atr_pct_min': 0.0, 'donchian_window': 30, 'session_hours': None, 'use_mid_exit': False} OOS ret=-0.12% n=87 gates=True holdout_ok=False source=approximate_non_ftmo
USDJPY_H4 bbands_reversion: IS-grid best={'adx_max': 22, 'require_htf_align': True, 'require_rsi': False, 'rsi_high': 60, 'rsi_low': 35, 'session_hours': None} OOS ret=0.00% n=0 gates=True holdout_ok=False source=approximate_non_ftmo
USDJPY_D1 squeeze_breakout: IS-grid best={'adx_min': 10, 'exit_bars': 16, 'lookback': 60, 'session_hours': None, 'squeeze_pct': 0.2} OOS ret=0.11% n=70 gates=True holdout_ok=False source=approximate_non_ftmo
USDJPY_D1 hybrid_regime: IS-grid best={'adx_chop': 20, 'adx_trend': 24, 'rsi_high': 70, 'rsi_low': 30, 'session_hours': None} OOS ret=0.80% n=35 gates=True holdout_ok=True source=approximate_non_ftmo
USDJPY_D1 breakout_donchian: IS-grid best={'adx_min': 0, 'atr_pct_min': 0.15, 'donchian_window': 40, 'session_hours': None, 'use_mid_exit': False} OOS ret=0.40% n=17 gates=True holdout_ok=False source=approximate_non_ftmo
USDJPY_D1 bbands_reversion: IS-grid best={'adx_max': 22, 'require_htf_align': False, 'require_rsi': False, 'rsi_high': 60, 'rsi_low': 35, 'session_hours': None} OOS ret=0.24% n=18 gates=True holdout_ok=True source=approximate_non_ftmo
XAUUSD_H4 squeeze_breakout: IS-grid best={'adx_min': 10, 'exit_bars': 16, 'lookback': 60, 'session_hours': None, 'squeeze_pct': 0.3} OOS ret=-0.34% n=67 gates=False holdout_ok=True source=approximate_non_ftmo
XAUUSD_H4 hybrid_regime: IS-grid best={'adx_chop': 20, 'adx_trend': 24, 'rsi_high': 65, 'rsi_low': 30, 'session_hours': None} OOS ret=-0.65% n=54 gates=True holdout_ok=True source=approximate_non_ftmo
XAUUSD_H4 breakout_donchian: IS-grid best={'adx_min': 0, 'atr_pct_min': 0.15, 'donchian_window': 15, 'session_hours': None, 'use_mid_exit': False} OOS ret=0.63% n=60 gates=True holdout_ok=True source=approximate_non_ftmo
XAUUSD_H4 bbands_reversion: IS-grid best={'adx_max': 22, 'require_htf_align': False, 'require_rsi': False, 'rsi_high': 60, 'rsi_low': 35, 'session_hours': None} OOS ret=-0.42% n=12 gates=True holdout_ok=False source=approximate_non_ftmo
XAUUSD_D1 squeeze_breakout: IS-grid best={'adx_min': 10, 'exit_bars': 8, 'lookback': 60, 'session_hours': None, 'squeeze_pct': 0.3} OOS ret=-0.19% n=257 gates=False holdout_ok=True source=approximate_non_ftmo
XAUUSD_D1 hybrid_regime: IS-grid best={'adx_chop': 20, 'adx_trend': 20, 'rsi_high': 70, 'rsi_low': 35, 'session_hours': None} OOS ret=0.17% n=214 gates=True holdout_ok=True source=approximate_non_ftmo
XAUUSD_D1 breakout_donchian: IS-grid best={'adx_min': 0, 'atr_pct_min': 0.0, 'donchian_window': 15, 'session_hours': None, 'use_mid_exit': False} OOS ret=0.40% n=428 gates=False holdout_ok=True source=approximate_non_ftmo
XAUUSD_D1 bbands_reversion: IS-grid best={'adx_max': 28, 'require_htf_align': True, 'require_rsi': False, 'rsi_high': 60, 'rsi_low': 35, 'session_hours': None} OOS ret=0.00% n=0 gates=True holdout_ok=False source=approximate_non_ftmo
AUDUSD_H4 squeeze_breakout: IS-grid best={'adx_min': 18, 'exit_bars': 16, 'lookback': 40, 'session_hours': None, 'squeeze_pct': 0.3} OOS ret=-0.31% n=92 gates=True holdout_ok=False source=approximate_non_ftmo
AUDUSD_H4 hybrid_regime: IS-grid best={'adx_chop': 20, 'adx_trend': 20, 'rsi_high': 70, 'rsi_low': 35, 'session_hours': None} OOS ret=-0.32% n=101 gates=True holdout_ok=False source=approximate_non_ftmo
AUDUSD_H4 breakout_donchian: IS-grid best={'adx_min': 0, 'atr_pct_min': 0.1, 'donchian_window': 30, 'session_hours': None, 'use_mid_exit': False} OOS ret=-0.51% n=87 gates=True holdout_ok=False source=approximate_non_ftmo
AUDUSD_H4 bbands_reversion: IS-grid best={'adx_max': 22, 'require_htf_align': False, 'require_rsi': False, 'rsi_high': 60, 'rsi_low': 35, 'session_hours': None} OOS ret=0.12% n=25 gates=True holdout_ok=False source=approximate_non_ftmo
AUDUSD_D1 squeeze_breakout: IS-grid best={'adx_min': 10, 'exit_bars': 16, 'lookback': 40, 'session_hours': None, 'squeeze_pct': 0.2} OOS ret=-0.42% n=181 gates=True holdout_ok=True source=approximate_non_ftmo
AUDUSD_D1 hybrid_regime: IS-grid best={'adx_chop': 20, 'adx_trend': 24, 'rsi_high': 65, 'rsi_low': 35, 'session_hours': None} OOS ret=0.25% n=96 gates=True holdout_ok=True source=approximate_non_ftmo
AUDUSD_D1 breakout_donchian: IS-grid best={'adx_min': 22, 'atr_pct_min': 0.1, 'donchian_window': 20, 'session_hours': None, 'use_mid_exit': False} OOS ret=0.34% n=61 gates=True holdout_ok=False source=approximate_non_ftmo
AUDUSD_D1 bbands_reversion: IS-grid best={'adx_max': 22, 'require_htf_align': False, 'require_rsi': True, 'rsi_high': 60, 'rsi_low': 40, 'session_hours': None} OOS ret=-0.10% n=37 gates=True holdout_ok=True source=approximate_non_ftmo
Wrote /workspace/Mt5-swing/reports/leaderboard.csv
Wrote /workspace/Mt5-swing/reports/leaderboard.md
Wrote /workspace/Mt5-swing/reports/walk_forward_summary.csv
Wrote /workspace/Mt5-swing/reports/walk_forward_summary.md
NOTE: all results approximate_non_ftmo until FTMO MT5 exports are imported.
