AUDUSD_H4 stoch_reversion: IS-grid best={'adx_max': 22, 'exit_mid': 50, 'require_htf_align': False, 'session_hours': None, 'stoch_high': 75, 'stoch_low': 15} OOS ret=-0.10% n=53 gates=True holdout_ok=False source=approximate_non_ftmo
AUDUSD_H4 atr_channel_breakout: IS-grid best={'adx_min': 12, 'atr_mult': 2.0, 'exit_to_mid': False, 'max_hold': 24, 'require_htf_align': False, 'session_hours': None} OOS ret=-0.53% n=110 gates=True holdout_ok=False source=approximate_non_ftmo
AUDUSD_H4 bbands_reversion: IS-grid best={'adx_max': 22, 'require_htf_align': False, 'require_rsi': False, 'rsi_high': 60, 'rsi_low': 35, 'session_hours': None} OOS ret=0.12% n=25 gates=True holdout_ok=False source=approximate_non_ftmo
AUDUSD_H4 hybrid_regime: IS-grid best={'adx_chop': 20, 'adx_trend': 20, 'max_hold': 0, 'rsi_high': 70, 'rsi_low': 35, 'session_hours': None} OOS ret=-0.32% n=101 gates=True holdout_ok=False source=approximate_non_ftmo
AUDUSD_H4 breakout_donchian: IS-grid best={'adx_min': 0, 'atr_pct_min': 0.1, 'donchian_window': 30, 'session_hours': None, 'use_mid_exit': False} OOS ret=-0.51% n=87 gates=True holdout_ok=False source=approximate_non_ftmo
AUDUSD_D1 stoch_reversion: IS-grid best={'adx_max': 22, 'exit_mid': 50, 'require_htf_align': False, 'session_hours': None, 'stoch_high': 80, 'stoch_low': 25} OOS ret=-0.30% n=128 gates=True holdout_ok=False source=approximate_non_ftmo
AUDUSD_D1 atr_channel_breakout: IS-grid best={'adx_min': 12, 'atr_mult': 2.0, 'exit_to_mid': False, 'max_hold': 24, 'require_htf_align': False, 'session_hours': None} OOS ret=0.39% n=120 gates=True holdout_ok=True source=approximate_non_ftmo
AUDUSD_D1 bbands_reversion: IS-grid best={'adx_max': 22, 'require_htf_align': False, 'require_rsi': True, 'rsi_high': 60, 'rsi_low': 40, 'session_hours': None} OOS ret=-0.10% n=37 gates=True holdout_ok=True source=approximate_non_ftmo
AUDUSD_D1 hybrid_regime: IS-grid best={'adx_chop': 16, 'adx_trend': 20, 'max_hold': 20, 'rsi_high': 65, 'rsi_low': 30, 'session_hours': None} OOS ret=-0.19% n=113 gates=True holdout_ok=True source=approximate_non_ftmo
AUDUSD_D1 breakout_donchian: IS-grid best={'adx_min': 22, 'atr_pct_min': 0.1, 'donchian_window': 20, 'session_hours': None, 'use_mid_exit': False} OOS ret=0.34% n=61 gates=True holdout_ok=False source=approximate_non_ftmo
USDCHF_H4 stoch_reversion: IS-grid best={'adx_max': 22, 'exit_mid': 50, 'require_htf_align': True, 'session_hours': None, 'stoch_high': 80, 'stoch_low': 20} OOS ret=0.00% n=0 gates=True holdout_ok=True source=approximate_non_ftmo
USDCHF_H4 atr_channel_breakout: IS-grid best={'adx_min': 12, 'atr_mult': 1.5, 'exit_to_mid': False, 'max_hold': 0, 'require_htf_align': True, 'session_hours': None} OOS ret=0.00% n=0 gates=True holdout_ok=False source=approximate_non_ftmo
USDCHF_H4 bbands_reversion: IS-grid best={'adx_max': 22, 'require_htf_align': False, 'require_rsi': False, 'rsi_high': 60, 'rsi_low': 35, 'session_hours': None} OOS ret=0.21% n=26 gates=True holdout_ok=True source=approximate_non_ftmo
USDCHF_H4 hybrid_regime: IS-grid best={'adx_chop': 16, 'adx_trend': 24, 'max_hold': 0, 'rsi_high': 65, 'rsi_low': 35, 'session_hours': None} OOS ret=0.12% n=69 gates=True holdout_ok=False source=approximate_non_ftmo
USDCHF_H4 breakout_donchian: IS-grid best={'adx_min': 22, 'atr_pct_min': 0.0, 'donchian_window': 20, 'session_hours': None, 'use_mid_exit': False} OOS ret=0.06% n=83 gates=True holdout_ok=True source=approximate_non_ftmo
USDCHF_D1 stoch_reversion: IS-grid best={'adx_max': 28, 'exit_mid': 50, 'require_htf_align': False, 'session_hours': None, 'stoch_high': 80, 'stoch_low': 25} OOS ret=0.49% n=64 gates=True holdout_ok=False source=approximate_non_ftmo
USDCHF_D1 atr_channel_breakout: IS-grid best={'adx_min': 12, 'atr_mult': 1.5, 'exit_to_mid': False, 'max_hold': 0, 'require_htf_align': True, 'session_hours': None} OOS ret=0.00% n=0 gates=True holdout_ok=False source=approximate_non_ftmo
USDCHF_D1 bbands_reversion: IS-grid best={'adx_max': 28, 'require_htf_align': False, 'require_rsi': True, 'rsi_high': 60, 'rsi_low': 35, 'session_hours': None} OOS ret=0.22% n=21 gates=True holdout_ok=True source=approximate_non_ftmo
USDCHF_D1 hybrid_regime: IS-grid best={'adx_chop': 20, 'adx_trend': 20, 'max_hold': 20, 'rsi_high': 70, 'rsi_low': 35, 'session_hours': None} OOS ret=-0.50% n=50 gates=True holdout_ok=True source=approximate_non_ftmo
USDCHF_D1 breakout_donchian: IS-grid best={'adx_min': 0, 'atr_pct_min': 0.1, 'donchian_window': 20, 'session_hours': None, 'use_mid_exit': False} OOS ret=-0.68% n=36 gates=True holdout_ok=False source=approximate_non_ftmo
EURGBP_H4 stoch_reversion: IS-grid best={'adx_max': 28, 'exit_mid': 50, 'require_htf_align': False, 'session_hours': None, 'stoch_high': 85, 'stoch_low': 15} OOS ret=-0.21% n=56 gates=True holdout_ok=True source=approximate_non_ftmo
EURGBP_H4 atr_channel_breakout: IS-grid best={'adx_min': 12, 'atr_mult': 2.0, 'exit_to_mid': False, 'max_hold': 0, 'require_htf_align': True, 'session_hours': None} OOS ret=0.00% n=0 gates=True holdout_ok=False source=approximate_non_ftmo
EURGBP_H4 bbands_reversion: IS-grid best={'adx_max': 28, 'require_htf_align': False, 'require_rsi': False, 'rsi_high': 60, 'rsi_low': 35, 'session_hours': None} OOS ret=-0.17% n=34 gates=True holdout_ok=True source=approximate_non_ftmo
EURGBP_H4 hybrid_regime: IS-grid best={'adx_chop': 20, 'adx_trend': 24, 'max_hold': 0, 'rsi_high': 65, 'rsi_low': 35, 'session_hours': None} OOS ret=0.04% n=92 gates=True holdout_ok=False source=approximate_non_ftmo
EURGBP_H4 breakout_donchian: IS-grid best={'adx_min': 0, 'atr_pct_min': 0.0, 'donchian_window': 15, 'session_hours': None, 'use_mid_exit': False} OOS ret=-0.05% n=105 gates=True holdout_ok=False source=approximate_non_ftmo
EURGBP_D1 stoch_reversion: IS-grid best={'adx_max': 22, 'exit_mid': 50, 'require_htf_align': False, 'session_hours': None, 'stoch_high': 75, 'stoch_low': 25} OOS ret=0.10% n=51 gates=True holdout_ok=True source=approximate_non_ftmo
EURGBP_D1 atr_channel_breakout: IS-grid best={'adx_min': 12, 'atr_mult': 2.0, 'exit_to_mid': False, 'max_hold': 0, 'require_htf_align': False, 'session_hours': None} OOS ret=-0.05% n=49 gates=False holdout_ok=False source=approximate_non_ftmo
EURGBP_D1 bbands_reversion: IS-grid best={'adx_max': 22, 'require_htf_align': False, 'require_rsi': True, 'rsi_high': 60, 'rsi_low': 35, 'session_hours': None} OOS ret=0.25% n=9 gates=True holdout_ok=True source=approximate_non_ftmo
EURGBP_D1 hybrid_regime: IS-grid best={'adx_chop': 20, 'adx_trend': 24, 'max_hold': 20, 'rsi_high': 70, 'rsi_low': 35, 'session_hours': None} OOS ret=0.44% n=40 gates=False holdout_ok=False source=approximate_non_ftmo
EURGBP_D1 breakout_donchian: IS-grid best={'adx_min': 0, 'atr_pct_min': 0.15, 'donchian_window': 30, 'session_hours': None, 'use_mid_exit': False} OOS ret=-0.00% n=23 gates=False holdout_ok=False source=approximate_non_ftmo
EURCHF_H4 stoch_reversion: IS-grid best={'adx_max': 28, 'exit_mid': 50, 'require_htf_align': True, 'session_hours': None, 'stoch_high': 75, 'stoch_low': 25} OOS ret=0.00% n=0 gates=True holdout_ok=True source=approximate_non_ftmo
EURCHF_H4 atr_channel_breakout: IS-grid best={'adx_min': 18, 'atr_mult': 1.5, 'exit_to_mid': False, 'max_hold': 24, 'require_htf_align': False, 'session_hours': None} OOS ret=-0.15% n=94 gates=True holdout_ok=False source=approximate_non_ftmo
EURCHF_H4 bbands_reversion: IS-grid best={'adx_max': 28, 'require_htf_align': False, 'require_rsi': True, 'rsi_high': 65, 'rsi_low': 35, 'session_hours': None} OOS ret=0.03% n=25 gates=True holdout_ok=True source=approximate_non_ftmo
EURCHF_H4 hybrid_regime: IS-grid best={'adx_chop': 16, 'adx_trend': 20, 'max_hold': 20, 'rsi_high': 70, 'rsi_low': 35, 'session_hours': None} OOS ret=-0.05% n=86 gates=True holdout_ok=False source=approximate_non_ftmo
EURCHF_H4 breakout_donchian: IS-grid best={'adx_min': 15, 'atr_pct_min': 0.0, 'donchian_window': 15, 'session_hours': None, 'use_mid_exit': False} OOS ret=-0.15% n=86 gates=True holdout_ok=False source=approximate_non_ftmo
EURCHF_D1 stoch_reversion: IS-grid best={'adx_max': 22, 'exit_mid': 50, 'require_htf_align': False, 'session_hours': None, 'stoch_high': 85, 'stoch_low': 25} OOS ret=0.10% n=33 gates=True holdout_ok=False source=approximate_non_ftmo
EURCHF_D1 atr_channel_breakout: IS-grid best={'adx_min': 12, 'atr_mult': 1.5, 'exit_to_mid': True, 'max_hold': 0, 'require_htf_align': False, 'session_hours': None} OOS ret=-0.77% n=57 gates=True holdout_ok=True source=approximate_non_ftmo
EURCHF_D1 bbands_reversion: IS-grid best={'adx_max': 28, 'require_htf_align': False, 'require_rsi': True, 'rsi_high': 65, 'rsi_low': 35, 'session_hours': None} OOS ret=0.44% n=14 gates=True holdout_ok=False source=approximate_non_ftmo
EURCHF_D1 hybrid_regime: IS-grid best={'adx_chop': 16, 'adx_trend': 20, 'max_hold': 0, 'rsi_high': 65, 'rsi_low': 30, 'session_hours': None} OOS ret=-0.51% n=45 gates=True holdout_ok=True source=approximate_non_ftmo
EURCHF_D1 breakout_donchian: IS-grid best={'adx_min': 15, 'atr_pct_min': 0.1, 'donchian_window': 20, 'session_hours': None, 'use_mid_exit': False} OOS ret=-0.73% n=34 gates=True holdout_ok=False source=approximate_non_ftmo
Wrote /workspace/Mt5-swing/reports/leaderboard.csv
Wrote /workspace/Mt5-swing/reports/leaderboard.md
Wrote /workspace/Mt5-swing/reports/walk_forward_summary.csv
Wrote /workspace/Mt5-swing/reports/walk_forward_summary.md
NOTE: all results approximate_non_ftmo until FTMO MT5 exports are imported.
