EURUSD_H4 willr_reversion: IS-grid best={'adx_max': 22, 'exit_mid': -50, 'require_htf_align': False, 'session_hours': None, 'willr_high': -10, 'willr_low': -90} OOS ret=-0.02% n=29 gates=True holdout_ok=True source=approximate_non_ftmo
EURUSD_D1 willr_reversion: IS-grid best={'adx_max': 22, 'exit_mid': -50, 'require_htf_align': False, 'session_hours': None, 'willr_high': -20, 'willr_low': -90} OOS ret=0.66% n=42 gates=True holdout_ok=False source=approximate_non_ftmo
GBPUSD_H4 willr_reversion: IS-grid best={'adx_max': 35, 'exit_mid': -50, 'require_htf_align': False, 'session_hours': None, 'willr_high': -20, 'willr_low': -90} OOS ret=0.14% n=72 gates=True holdout_ok=True source=approximate_non_ftmo
GBPUSD_D1 willr_reversion: IS-grid best={'adx_max': 35, 'exit_mid': -50, 'require_htf_align': False, 'session_hours': None, 'willr_high': -10, 'willr_low': -90} OOS ret=0.18% n=62 gates=True holdout_ok=True source=approximate_non_ftmo
USDJPY_H4 willr_reversion: IS-grid best={'adx_max': 22, 'exit_mid': -50, 'require_htf_align': True, 'session_hours': None, 'willr_high': -20, 'willr_low': -80} OOS ret=0.00% n=0 gates=True holdout_ok=True source=approximate_non_ftmo
USDJPY_D1 willr_reversion: IS-grid best={'adx_max': 35, 'exit_mid': -50, 'require_htf_align': True, 'session_hours': None, 'willr_high': -10, 'willr_low': -80} OOS ret=0.00% n=0 gates=True holdout_ok=False source=approximate_non_ftmo
AUDUSD_H4 willr_reversion: IS-grid best={'adx_max': 35, 'exit_mid': -50, 'require_htf_align': False, 'session_hours': None, 'willr_high': -20, 'willr_low': -80} OOS ret=-0.19% n=87 gates=True holdout_ok=False source=approximate_non_ftmo
AUDUSD_D1 willr_reversion: IS-grid best={'adx_max': 22, 'exit_mid': -50, 'require_htf_align': False, 'session_hours': None, 'willr_high': -20, 'willr_low': -80} OOS ret=-0.31% n=124 gates=True holdout_ok=False source=approximate_non_ftmo
USDCHF_H4 willr_reversion: IS-grid best={'adx_max': 22, 'exit_mid': -50, 'require_htf_align': True, 'session_hours': None, 'willr_high': -10, 'willr_low': -90} OOS ret=0.00% n=0 gates=True holdout_ok=True source=approximate_non_ftmo
USDCHF_D1 willr_reversion: IS-grid best={'adx_max': 22, 'exit_mid': -50, 'require_htf_align': False, 'session_hours': None, 'willr_high': -10, 'willr_low': -90} OOS ret=0.18% n=30 gates=True holdout_ok=False source=approximate_non_ftmo
EURGBP_H4 willr_reversion: IS-grid best={'adx_max': 28, 'exit_mid': -50, 'require_htf_align': False, 'session_hours': None, 'willr_high': -10, 'willr_low': -90} OOS ret=-0.13% n=49 gates=True holdout_ok=False source=approximate_non_ftmo
EURGBP_D1 willr_reversion: IS-grid best={'adx_max': 28, 'exit_mid': -50, 'require_htf_align': False, 'session_hours': None, 'willr_high': -20, 'willr_low': -90} OOS ret=0.13% n=49 gates=True holdout_ok=True source=approximate_non_ftmo
AUDCAD_H4 willr_reversion: IS-grid best={'adx_max': 22, 'exit_mid': -50, 'require_htf_align': False, 'session_hours': None, 'willr_high': -10, 'willr_low': -80} OOS ret=0.09% n=46 gates=True holdout_ok=True source=approximate_non_ftmo
AUDCAD_D1 willr_reversion: IS-grid best={'adx_max': 22, 'exit_mid': -50, 'require_htf_align': False, 'session_hours': None, 'willr_high': -20, 'willr_low': -80} OOS ret=-0.32% n=46 gates=True holdout_ok=True source=approximate_non_ftmo
GBPCAD_H4 willr_reversion: IS-grid best={'adx_max': 22, 'exit_mid': -50, 'require_htf_align': False, 'session_hours': None, 'willr_high': -10, 'willr_low': -80} OOS ret=-0.22% n=38 gates=True holdout_ok=True source=approximate_non_ftmo
GBPCAD_D1 willr_reversion: IS-grid best={'adx_max': 28, 'exit_mid': -50, 'require_htf_align': False, 'session_hours': None, 'willr_high': -10, 'willr_low': -90} OOS ret=0.50% n=44 gates=True holdout_ok=True source=approximate_non_ftmo
Merged into existing summary → 390 rows (protect 4 interim legs)
Wrote /workspace/Mt5-swing/reports/leaderboard.csv
Wrote /workspace/Mt5-swing/reports/leaderboard.md
Wrote /workspace/Mt5-swing/reports/walk_forward_summary.csv
Wrote /workspace/Mt5-swing/reports/walk_forward_summary.md
NOTE: all results approximate_non_ftmo until FTMO MT5 exports are imported.
