EURJPY_H4 hybrid_regime: IS-grid best={'adx_chop': 16, 'adx_trend': 24, 'max_hold': 20, 'rsi_high': 70, 'rsi_low': 35, 'session_hours': None} OOS ret=-0.00% n=72 gates=True holdout_ok=False source=approximate_non_ftmo
EURJPY_H4 breakout_donchian: IS-grid best={'adx_min': 22, 'atr_pct_min': 0.1, 'donchian_window': 20, 'session_hours': None, 'use_mid_exit': False} OOS ret=0.00% n=60 gates=True holdout_ok=True source=approximate_non_ftmo
EURJPY_H4 bbands_reversion: IS-grid best={'adx_max': 22, 'require_htf_align': True, 'require_rsi': True, 'rsi_high': 65, 'rsi_low': 35, 'session_hours': None} OOS ret=0.00% n=0 gates=True holdout_ok=True source=approximate_non_ftmo
EURJPY_H4 squeeze_breakout: IS-grid best={'adx_min': 10, 'exit_bars': 16, 'lookback': 40, 'session_hours': None, 'squeeze_pct': 0.3} OOS ret=-0.00% n=102 gates=True holdout_ok=False source=approximate_non_ftmo
EURJPY_H4 keltner_breakout: IS-grid best={'adx_min': 12, 'atr_mult': 1.5, 'exit_to_mid': True, 'session_hours': None} OOS ret=0.00% n=75 gates=True holdout_ok=True source=approximate_non_ftmo
EURJPY_D1 hybrid_regime: IS-grid best={'adx_chop': 16, 'adx_trend': 20, 'max_hold': 0, 'rsi_high': 70, 'rsi_low': 30, 'session_hours': None} OOS ret=-0.01% n=42 gates=True holdout_ok=True source=approximate_non_ftmo
EURJPY_D1 breakout_donchian: IS-grid best={'adx_min': 0, 'atr_pct_min': 0.1, 'donchian_window': 30, 'session_hours': None, 'use_mid_exit': False} OOS ret=0.00% n=21 gates=True holdout_ok=True source=approximate_non_ftmo
EURJPY_D1 bbands_reversion: IS-grid best={'adx_max': 28, 'require_htf_align': False, 'require_rsi': True, 'rsi_high': 65, 'rsi_low': 35, 'session_hours': None} OOS ret=0.00% n=11 gates=True holdout_ok=True source=approximate_non_ftmo
EURJPY_D1 squeeze_breakout: IS-grid best={'adx_min': 10, 'exit_bars': 8, 'lookback': 40, 'session_hours': None, 'squeeze_pct': 0.2} OOS ret=0.01% n=63 gates=True holdout_ok=True source=approximate_non_ftmo
EURJPY_D1 keltner_breakout: IS-grid best={'adx_min': 18, 'atr_mult': 2.0, 'exit_to_mid': False, 'session_hours': None} OOS ret=0.00% n=34 gates=True holdout_ok=True source=approximate_non_ftmo
GBPJPY_H4 hybrid_regime: IS-grid best={'adx_chop': 16, 'adx_trend': 24, 'max_hold': 0, 'rsi_high': 70, 'rsi_low': 30, 'session_hours': None} OOS ret=0.00% n=52 gates=True holdout_ok=False source=approximate_non_ftmo
GBPJPY_H4 breakout_donchian: IS-grid best={'adx_min': 15, 'atr_pct_min': 0.0, 'donchian_window': 30, 'session_hours': None, 'use_mid_exit': False} OOS ret=0.01% n=81 gates=True holdout_ok=False source=approximate_non_ftmo
GBPJPY_H4 bbands_reversion: IS-grid best={'adx_max': 22, 'require_htf_align': True, 'require_rsi': False, 'rsi_high': 60, 'rsi_low': 35, 'session_hours': None} OOS ret=0.00% n=0 gates=True holdout_ok=True source=approximate_non_ftmo
GBPJPY_H4 squeeze_breakout: IS-grid best={'adx_min': 10, 'exit_bars': 16, 'lookback': 40, 'session_hours': None, 'squeeze_pct': 0.2} OOS ret=0.00% n=84 gates=True holdout_ok=False source=approximate_non_ftmo
GBPJPY_H4 keltner_breakout: IS-grid best={'adx_min': 12, 'atr_mult': 2.0, 'exit_to_mid': False, 'session_hours': None} OOS ret=0.00% n=78 gates=True holdout_ok=False source=approximate_non_ftmo
GBPJPY_D1 hybrid_regime: IS-grid best={'adx_chop': 16, 'adx_trend': 20, 'max_hold': 0, 'rsi_high': 70, 'rsi_low': 30, 'session_hours': None} OOS ret=0.00% n=45 gates=True holdout_ok=False source=approximate_non_ftmo
GBPJPY_D1 breakout_donchian: IS-grid best={'adx_min': 15, 'atr_pct_min': 0.1, 'donchian_window': 15, 'session_hours': None, 'use_mid_exit': False} OOS ret=-0.01% n=35 gates=True holdout_ok=False source=approximate_non_ftmo
GBPJPY_D1 bbands_reversion: IS-grid best={'adx_max': 28, 'require_htf_align': True, 'require_rsi': True, 'rsi_high': 65, 'rsi_low': 35, 'session_hours': None} OOS ret=0.00% n=0 gates=True holdout_ok=False source=approximate_non_ftmo
GBPJPY_D1 squeeze_breakout: IS-grid best={'adx_min': 10, 'exit_bars': 8, 'lookback': 60, 'session_hours': None, 'squeeze_pct': 0.2} OOS ret=0.00% n=70 gates=True holdout_ok=False source=approximate_non_ftmo
GBPJPY_D1 keltner_breakout: IS-grid best={'adx_min': 12, 'atr_mult': 1.25, 'exit_to_mid': True, 'session_hours': None} OOS ret=-0.00% n=60 gates=True holdout_ok=False source=approximate_non_ftmo
Wrote /workspace/Mt5-swing/reports/leaderboard.csv
Wrote /workspace/Mt5-swing/reports/leaderboard.md
Wrote /workspace/Mt5-swing/reports/walk_forward_summary.csv
Wrote /workspace/Mt5-swing/reports/walk_forward_summary.md
NOTE: all results approximate_non_ftmo until FTMO MT5 exports are imported.
