EURAUD_H4 bbands_reversion: IS-grid best={'adx_max': 35, 'max_hold': 20, 'require_htf_align': False, 'require_rsi': True, 'rsi_high': 60, 'rsi_low': 40, 'session_hours': None} OOS ret=-0.46% n=36 gates=True holdout_ok=False source=approximate_non_ftmo
EURAUD_H4 cci_reversion: IS-grid best={'adx_max': 35, 'cci_high': 120, 'cci_low': -100, 'exit_level': 0, 'require_htf_align': False, 'session_hours': None} OOS ret=-0.38% n=34 gates=True holdout_ok=False source=approximate_non_ftmo
EURAUD_H4 stoch_reversion: IS-grid best={'adx_max': 28, 'exit_mid': 50, 'require_htf_align': False, 'session_hours': None, 'stoch_high': 75, 'stoch_low': 15} OOS ret=-0.39% n=75 gates=True holdout_ok=False source=approximate_non_ftmo
EURAUD_H4 hybrid_regime: IS-grid best={'adx_chop': 16, 'adx_trend': 24, 'max_hold': 20, 'rsi_high': 70, 'rsi_low': 35, 'session_hours': None} OOS ret=-0.07% n=78 gates=True holdout_ok=False source=approximate_non_ftmo
EURAUD_H4 breakout_donchian: IS-grid best={'adx_min': 0, 'atr_pct_min': 0.0, 'donchian_window': 30, 'session_hours': None, 'use_mid_exit': False} OOS ret=0.15% n=65 gates=True holdout_ok=True source=approximate_non_ftmo
EURAUD_D1 bbands_reversion: IS-grid best={'adx_max': 35, 'max_hold': 0, 'require_htf_align': True, 'require_rsi': True, 'rsi_high': 65, 'rsi_low': 40, 'session_hours': None} OOS ret=0.00% n=0 gates=True holdout_ok=False source=approximate_non_ftmo
EURAUD_D1 cci_reversion: IS-grid best={'adx_max': 35, 'cci_high': 100, 'cci_low': -120, 'exit_level': 0, 'require_htf_align': True, 'session_hours': None} OOS ret=0.00% n=0 gates=True holdout_ok=False source=approximate_non_ftmo
EURAUD_D1 stoch_reversion: IS-grid best={'adx_max': 28, 'exit_mid': 50, 'require_htf_align': True, 'session_hours': None, 'stoch_high': 75, 'stoch_low': 25} OOS ret=0.00% n=0 gates=True holdout_ok=False source=approximate_non_ftmo
EURAUD_D1 hybrid_regime: IS-grid best={'adx_chop': 20, 'adx_trend': 20, 'max_hold': 0, 'rsi_high': 70, 'rsi_low': 35, 'session_hours': None} OOS ret=-0.04% n=47 gates=True holdout_ok=True source=approximate_non_ftmo
EURAUD_D1 breakout_donchian: IS-grid best={'adx_min': 22, 'atr_pct_min': 0.1, 'donchian_window': 20, 'session_hours': None, 'use_mid_exit': False} OOS ret=-0.16% n=19 gates=True holdout_ok=False source=approximate_non_ftmo
NZDCAD_H4 bbands_reversion: IS-grid best={'adx_max': 22, 'max_hold': 20, 'require_htf_align': False, 'require_rsi': False, 'rsi_high': 60, 'rsi_low': 40, 'session_hours': None} OOS ret=0.15% n=31 gates=True holdout_ok=False source=approximate_non_ftmo
NZDCAD_H4 cci_reversion: IS-grid best={'adx_max': 28, 'cci_high': 120, 'cci_low': -100, 'exit_level': 0, 'require_htf_align': False, 'session_hours': None} OOS ret=0.08% n=35 gates=True holdout_ok=False source=approximate_non_ftmo
NZDCAD_H4 stoch_reversion: IS-grid best={'adx_max': 22, 'exit_mid': 50, 'require_htf_align': False, 'session_hours': None, 'stoch_high': 85, 'stoch_low': 20} OOS ret=-0.03% n=49 gates=True holdout_ok=False source=approximate_non_ftmo
NZDCAD_H4 hybrid_regime: IS-grid best={'adx_chop': 16, 'adx_trend': 20, 'max_hold': 20, 'rsi_high': 70, 'rsi_low': 30, 'session_hours': None} OOS ret=-0.43% n=101 gates=True holdout_ok=False source=approximate_non_ftmo
NZDCAD_H4 breakout_donchian: IS-grid best={'adx_min': 15, 'atr_pct_min': 0.1, 'donchian_window': 30, 'session_hours': None, 'use_mid_exit': False} OOS ret=-0.30% n=61 gates=True holdout_ok=False source=approximate_non_ftmo
NZDCAD_D1 bbands_reversion: IS-grid best={'adx_max': 35, 'max_hold': 0, 'require_htf_align': False, 'require_rsi': True, 'rsi_high': 65, 'rsi_low': 35, 'session_hours': None} OOS ret=0.18% n=23 gates=True holdout_ok=True source=approximate_non_ftmo
NZDCAD_D1 cci_reversion: IS-grid best={'adx_max': 35, 'cci_high': 100, 'cci_low': -100, 'exit_level': 0, 'require_htf_align': False, 'session_hours': None} OOS ret=-0.41% n=27 gates=True holdout_ok=True source=approximate_non_ftmo
NZDCAD_D1 stoch_reversion: IS-grid best={'adx_max': 22, 'exit_mid': 50, 'require_htf_align': False, 'session_hours': None, 'stoch_high': 75, 'stoch_low': 20} OOS ret=-1.04% n=41 gates=True holdout_ok=True source=approximate_non_ftmo
NZDCAD_D1 hybrid_regime: IS-grid best={'adx_chop': 16, 'adx_trend': 20, 'max_hold': 20, 'rsi_high': 70, 'rsi_low': 35, 'session_hours': None} OOS ret=-0.24% n=43 gates=True holdout_ok=False source=approximate_non_ftmo
NZDCAD_D1 breakout_donchian: IS-grid best={'adx_min': 0, 'atr_pct_min': 0.1, 'donchian_window': 20, 'session_hours': None, 'use_mid_exit': False} OOS ret=0.40% n=32 gates=True holdout_ok=False source=approximate_non_ftmo
Wrote /workspace/Mt5-swing/reports/leaderboard.csv
Wrote /workspace/Mt5-swing/reports/leaderboard.md
Wrote /workspace/Mt5-swing/reports/walk_forward_summary.csv
Wrote /workspace/Mt5-swing/reports/walk_forward_summary.md
NOTE: all results approximate_non_ftmo until FTMO MT5 exports are imported.
