EURGBP_H4 stoch_reversion: IS-grid best={'adx_max': 28, 'exit_mid': 50, 'require_htf_align': False, 'session_hours': None, 'stoch_high': 85, 'stoch_low': 15} OOS ret=-0.21% n=56 gates=True holdout_ok=True source=approximate_non_ftmo
EURGBP_H4 atr_channel_breakout: IS-grid best={'adx_min': 12, 'atr_mult': 2.0, 'exit_to_mid': False, 'max_hold': 0, 'require_htf_align': True, 'session_hours': None} OOS ret=0.00% n=0 gates=True holdout_ok=False source=approximate_non_ftmo
EURGBP_H4 squeeze_breakout: IS-grid best={'adx_min': 18, 'exit_bars': 16, 'lookback': 40, 'session_hours': None, 'squeeze_pct': 0.3} OOS ret=0.05% n=84 gates=True holdout_ok=False source=approximate_non_ftmo
EURGBP_H4 keltner_breakout: IS-grid best={'adx_min': 12, 'atr_mult': 1.5, 'exit_to_mid': False, 'session_hours': None} OOS ret=0.05% n=84 gates=True holdout_ok=False source=approximate_non_ftmo
EURGBP_H4 macd_trend: IS-grid best={'adx_min': 22, 'exit_on_cross': True, 'hold_while_hist': False, 'max_hold': 0, 'require_htf_align': True, 'session_hours': None} OOS ret=0.00% n=0 gates=True holdout_ok=False source=approximate_non_ftmo
EURGBP_H4 ema_pullback: IS-grid best={'adx_threshold': 15, 'rsi_pullback_high': 60, 'rsi_pullback_low': 35, 'session_hours': None, 'use_macd_confirm': False} OOS ret=0.04% n=17 gates=True holdout_ok=False source=approximate_non_ftmo
EURGBP_D1 stoch_reversion: IS-grid best={'adx_max': 22, 'exit_mid': 50, 'require_htf_align': False, 'session_hours': None, 'stoch_high': 75, 'stoch_low': 25} OOS ret=0.10% n=51 gates=True holdout_ok=True source=approximate_non_ftmo
EURGBP_D1 atr_channel_breakout: IS-grid best={'adx_min': 12, 'atr_mult': 2.0, 'exit_to_mid': False, 'max_hold': 0, 'require_htf_align': False, 'session_hours': None} OOS ret=-0.05% n=49 gates=False holdout_ok=False source=approximate_non_ftmo
EURGBP_D1 squeeze_breakout: IS-grid best={'adx_min': 18, 'exit_bars': 16, 'lookback': 40, 'session_hours': None, 'squeeze_pct': 0.3} OOS ret=-0.32% n=47 gates=True holdout_ok=False source=approximate_non_ftmo
EURGBP_D1 keltner_breakout: IS-grid best={'adx_min': 12, 'atr_mult': 1.25, 'exit_to_mid': True, 'session_hours': None} OOS ret=0.25% n=56 gates=True holdout_ok=False source=approximate_non_ftmo
EURGBP_D1 macd_trend: IS-grid best={'adx_min': 22, 'exit_on_cross': True, 'hold_while_hist': False, 'max_hold': 24, 'require_htf_align': False, 'session_hours': None} OOS ret=-0.27% n=44 gates=True holdout_ok=False source=approximate_non_ftmo
EURGBP_D1 ema_pullback: IS-grid best={'adx_threshold': 18, 'rsi_pullback_high': 55, 'rsi_pullback_low': 35, 'session_hours': None, 'use_macd_confirm': False} OOS ret=0.07% n=8 gates=True holdout_ok=True source=approximate_non_ftmo
AUDJPY_H4 stoch_reversion: IS-grid best={'adx_max': 22, 'exit_mid': 50, 'require_htf_align': True, 'session_hours': None, 'stoch_high': 80, 'stoch_low': 25} OOS ret=0.00% n=0 gates=True holdout_ok=False source=approximate_non_ftmo
AUDJPY_H4 atr_channel_breakout: IS-grid best={'adx_min': 12, 'atr_mult': 2.5, 'exit_to_mid': True, 'max_hold': 0, 'require_htf_align': False, 'session_hours': None} OOS ret=0.00% n=50 gates=True holdout_ok=False source=approximate_non_ftmo
AUDJPY_H4 squeeze_breakout: IS-grid best={'adx_min': 18, 'exit_bars': 16, 'lookback': 40, 'session_hours': None, 'squeeze_pct': 0.2} OOS ret=0.00% n=54 gates=True holdout_ok=True source=approximate_non_ftmo
AUDJPY_H4 keltner_breakout: IS-grid best={'adx_min': 18, 'atr_mult': 2.0, 'exit_to_mid': True, 'session_hours': None} OOS ret=0.00% n=56 gates=True holdout_ok=False source=approximate_non_ftmo
AUDJPY_H4 macd_trend: IS-grid best={'adx_min': 12, 'exit_on_cross': True, 'hold_while_hist': True, 'max_hold': 0, 'require_htf_align': True, 'session_hours': None} OOS ret=0.00% n=0 gates=True holdout_ok=True source=approximate_non_ftmo
AUDJPY_H4 ema_pullback: IS-grid best={'adx_threshold': 18, 'rsi_pullback_high': 60, 'rsi_pullback_low': 45, 'session_hours': None, 'use_macd_confirm': False} OOS ret=0.00% n=21 gates=True holdout_ok=True source=approximate_non_ftmo
AUDJPY_D1 stoch_reversion: IS-grid best={'adx_max': 22, 'exit_mid': 50, 'require_htf_align': True, 'session_hours': None, 'stoch_high': 75, 'stoch_low': 20} OOS ret=0.00% n=0 gates=True holdout_ok=False source=approximate_non_ftmo
AUDJPY_D1 atr_channel_breakout: IS-grid best={'adx_min': 12, 'atr_mult': 1.5, 'exit_to_mid': True, 'max_hold': 0, 'require_htf_align': True, 'session_hours': None} OOS ret=0.00% n=0 gates=True holdout_ok=False source=approximate_non_ftmo
AUDJPY_D1 squeeze_breakout: IS-grid best={'adx_min': 10, 'exit_bars': 8, 'lookback': 40, 'session_hours': None, 'squeeze_pct': 0.3} OOS ret=0.01% n=80 gates=True holdout_ok=True source=approximate_non_ftmo
AUDJPY_D1 keltner_breakout: IS-grid best={'adx_min': 12, 'atr_mult': 1.25, 'exit_to_mid': True, 'session_hours': None} OOS ret=-0.00% n=73 gates=True holdout_ok=False source=approximate_non_ftmo
AUDJPY_D1 macd_trend: IS-grid best={'adx_min': 18, 'exit_on_cross': True, 'hold_while_hist': True, 'max_hold': 0, 'require_htf_align': False, 'session_hours': None} OOS ret=-0.00% n=88 gates=True holdout_ok=False source=approximate_non_ftmo
AUDJPY_D1 ema_pullback: IS-grid best={'adx_threshold': 15, 'rsi_pullback_high': 60, 'rsi_pullback_low': 35, 'session_hours': None, 'use_macd_confirm': False} OOS ret=-0.00% n=7 gates=True holdout_ok=True source=approximate_non_ftmo
EURCHF_H4 stoch_reversion: IS-grid best={'adx_max': 28, 'exit_mid': 50, 'require_htf_align': True, 'session_hours': None, 'stoch_high': 75, 'stoch_low': 25} OOS ret=0.00% n=0 gates=True holdout_ok=True source=approximate_non_ftmo
EURCHF_H4 atr_channel_breakout: IS-grid best={'adx_min': 18, 'atr_mult': 1.5, 'exit_to_mid': False, 'max_hold': 24, 'require_htf_align': False, 'session_hours': None} OOS ret=-0.15% n=94 gates=True holdout_ok=False source=approximate_non_ftmo
EURCHF_H4 squeeze_breakout: IS-grid best={'adx_min': 18, 'exit_bars': 16, 'lookback': 40, 'session_hours': None, 'squeeze_pct': 0.2} OOS ret=-0.13% n=59 gates=True holdout_ok=False source=approximate_non_ftmo
EURCHF_H4 keltner_breakout: IS-grid best={'adx_min': 12, 'atr_mult': 1.25, 'exit_to_mid': False, 'session_hours': None} OOS ret=-0.14% n=84 gates=True holdout_ok=True source=approximate_non_ftmo
EURCHF_H4 macd_trend: IS-grid best={'adx_min': 18, 'exit_on_cross': True, 'hold_while_hist': False, 'max_hold': 24, 'require_htf_align': True, 'session_hours': None} OOS ret=0.00% n=0 gates=True holdout_ok=False source=approximate_non_ftmo
EURCHF_H4 ema_pullback: IS-grid best={'adx_threshold': 15, 'rsi_pullback_high': 55, 'rsi_pullback_low': 35, 'session_hours': None, 'use_macd_confirm': False} OOS ret=0.03% n=22 gates=True holdout_ok=False source=approximate_non_ftmo
EURCHF_D1 stoch_reversion: IS-grid best={'adx_max': 22, 'exit_mid': 50, 'require_htf_align': False, 'session_hours': None, 'stoch_high': 85, 'stoch_low': 25} OOS ret=0.13% n=33 gates=True holdout_ok=False source=approximate_non_ftmo
EURCHF_D1 atr_channel_breakout: IS-grid best={'adx_min': 12, 'atr_mult': 1.5, 'exit_to_mid': True, 'max_hold': 0, 'require_htf_align': False, 'session_hours': None} OOS ret=-0.79% n=57 gates=True holdout_ok=True source=approximate_non_ftmo
EURCHF_D1 squeeze_breakout: IS-grid best={'adx_min': 10, 'exit_bars': 16, 'lookback': 40, 'session_hours': None, 'squeeze_pct': 0.3} OOS ret=-0.38% n=60 gates=True holdout_ok=True source=approximate_non_ftmo
EURCHF_D1 keltner_breakout: IS-grid best={'adx_min': 12, 'atr_mult': 2.0, 'exit_to_mid': False, 'session_hours': None} OOS ret=-0.71% n=33 gates=True holdout_ok=False source=approximate_non_ftmo
EURCHF_D1 macd_trend: IS-grid best={'adx_min': 18, 'exit_on_cross': True, 'hold_while_hist': False, 'max_hold': 24, 'require_htf_align': False, 'session_hours': None} OOS ret=-0.39% n=63 gates=True holdout_ok=False source=approximate_non_ftmo
EURCHF_D1 ema_pullback: IS-grid best={'adx_threshold': 15, 'rsi_pullback_high': 60, 'rsi_pullback_low': 35, 'session_hours': None, 'use_macd_confirm': False} OOS ret=0.05% n=9 gates=True holdout_ok=False source=approximate_non_ftmo
Wrote /workspace/Mt5-swing/reports/leaderboard.csv
Wrote /workspace/Mt5-swing/reports/leaderboard.md
Wrote /workspace/Mt5-swing/reports/walk_forward_summary.csv
Wrote /workspace/Mt5-swing/reports/walk_forward_summary.md
NOTE: all results approximate_non_ftmo until FTMO MT5 exports are imported.
