CADJPY_H4 atr_channel_breakout: IS-grid best={'adx_min': 18, 'atr_mult': 1.5, 'exit_to_mid': True, 'max_hold': 0, 'require_htf_align': True, 'session_hours': None} OOS ret=0.00% n=0 gates=True holdout_ok=False source=approximate_non_ftmo
CADJPY_H4 bbands_reversion: IS-grid best={'adx_max': 22, 'require_htf_align': True, 'require_rsi': True, 'rsi_high': 65, 'rsi_low': 40, 'session_hours': None} OOS ret=0.00% n=0 gates=True holdout_ok=True source=approximate_non_ftmo
CADJPY_H4 breakout_donchian: IS-grid best={'adx_min': 0, 'atr_pct_min': 0.15, 'donchian_window': 15, 'session_hours': None, 'use_mid_exit': False} OOS ret=-0.01% n=98 gates=True holdout_ok=True source=approximate_non_ftmo
CADJPY_H4 ema_pullback: IS-grid best={'adx_threshold': 15, 'rsi_pullback_high': 65, 'rsi_pullback_low': 40, 'session_hours': None, 'use_macd_confirm': False} OOS ret=0.00% n=14 gates=True holdout_ok=False source=approximate_non_ftmo
CADJPY_H4 hybrid_regime: IS-grid best={'adx_chop': 16, 'adx_trend': 20, 'max_hold': 20, 'rsi_high': 65, 'rsi_low': 30, 'session_hours': None} OOS ret=-0.00% n=100 gates=True holdout_ok=False source=approximate_non_ftmo
CADJPY_H4 keltner_breakout: IS-grid best={'adx_min': 18, 'atr_mult': 2.0, 'exit_to_mid': True, 'session_hours': None} OOS ret=-0.00% n=54 gates=True holdout_ok=False source=approximate_non_ftmo
CADJPY_H4 macd_trend: IS-grid best={'adx_min': 12, 'exit_on_cross': True, 'hold_while_hist': False, 'max_hold': 0, 'require_htf_align': True, 'session_hours': None} OOS ret=0.00% n=0 gates=True holdout_ok=False source=approximate_non_ftmo
CADJPY_H4 mean_reversion_regime: IS-grid best={'adx_max': 25, 'rsi_high': 65, 'rsi_low': 35, 'session_hours': '7-20'} OOS ret=0.01% n=23 gates=True holdout_ok=True source=approximate_non_ftmo
CADJPY_H4 squeeze_breakout: IS-grid best={'adx_min': 18, 'exit_bars': 8, 'lookback': 40, 'session_hours': None, 'squeeze_pct': 0.2} OOS ret=0.00% n=56 gates=True holdout_ok=False source=approximate_non_ftmo
CADJPY_H4 stoch_reversion: IS-grid best={'adx_max': 22, 'exit_mid': 50, 'require_htf_align': False, 'session_hours': None, 'stoch_high': 75, 'stoch_low': 20} OOS ret=0.01% n=75 gates=True holdout_ok=True source=approximate_non_ftmo
CADJPY_H4 trend_ma_adx: IS-grid best={'adx_threshold': 22, 'atr_pct_max': 0.9, 'atr_pct_min': 0.15, 'require_ema_align': True, 'require_htf_align': True, 'session_hours': None} OOS ret=0.00% n=0 gates=True holdout_ok=True source=approximate_non_ftmo
CADJPY_D1 atr_channel_breakout: IS-grid best={'adx_min': 12, 'atr_mult': 1.5, 'exit_to_mid': True, 'max_hold': 0, 'require_htf_align': False, 'session_hours': None} OOS ret=-0.00% n=63 gates=True holdout_ok=False source=approximate_non_ftmo
CADJPY_D1 bbands_reversion: IS-grid best={'adx_max': 28, 'require_htf_align': True, 'require_rsi': True, 'rsi_high': 60, 'rsi_low': 35, 'session_hours': None} OOS ret=0.00% n=0 gates=True holdout_ok=False source=approximate_non_ftmo
CADJPY_D1 breakout_donchian: IS-grid best={'adx_min': 15, 'atr_pct_min': 0.15, 'donchian_window': 15, 'session_hours': None, 'use_mid_exit': False} OOS ret=0.01% n=23 gates=True holdout_ok=True source=approximate_non_ftmo
CADJPY_D1 ema_pullback: IS-grid best={'adx_threshold': 18, 'rsi_pullback_high': 60, 'rsi_pullback_low': 35, 'session_hours': None, 'use_macd_confirm': False} OOS ret=0.00% n=6 gates=True holdout_ok=False source=approximate_non_ftmo
CADJPY_D1 hybrid_regime: IS-grid best={'adx_chop': 20, 'adx_trend': 20, 'max_hold': 20, 'rsi_high': 70, 'rsi_low': 35, 'session_hours': None} OOS ret=0.01% n=57 gates=True holdout_ok=False source=approximate_non_ftmo
CADJPY_D1 keltner_breakout: IS-grid best={'adx_min': 12, 'atr_mult': 2.0, 'exit_to_mid': True, 'session_hours': None} OOS ret=-0.00% n=31 gates=True holdout_ok=False source=approximate_non_ftmo
CADJPY_D1 macd_trend: IS-grid best={'adx_min': 12, 'exit_on_cross': True, 'hold_while_hist': True, 'max_hold': 0, 'require_htf_align': False, 'session_hours': None} OOS ret=-0.00% n=105 gates=True holdout_ok=False source=approximate_non_ftmo
CADJPY_D1 mean_reversion_regime: IS-grid best={'adx_max': 20, 'rsi_high': 70, 'rsi_low': 35, 'session_hours': None} OOS ret=0.00% n=7 gates=True holdout_ok=False source=approximate_non_ftmo
CADJPY_D1 squeeze_breakout: IS-grid best={'adx_min': 10, 'exit_bars': 16, 'lookback': 40, 'session_hours': None, 'squeeze_pct': 0.3} OOS ret=-0.00% n=81 gates=True holdout_ok=False source=approximate_non_ftmo
CADJPY_D1 stoch_reversion: IS-grid best={'adx_max': 28, 'exit_mid': 50, 'require_htf_align': True, 'session_hours': None, 'stoch_high': 75, 'stoch_low': 15} OOS ret=0.00% n=0 gates=True holdout_ok=False source=approximate_non_ftmo
CADJPY_D1 trend_ma_adx: IS-grid best={'adx_threshold': 18, 'atr_pct_max': 0.9, 'atr_pct_min': 0.0, 'require_ema_align': False, 'require_htf_align': True, 'session_hours': None} OOS ret=0.00% n=0 gates=True holdout_ok=False source=approximate_non_ftmo
NZDJPY_H4 atr_channel_breakout: IS-grid best={'adx_min': 12, 'atr_mult': 1.5, 'exit_to_mid': False, 'max_hold': 0, 'require_htf_align': False, 'session_hours': None} OOS ret=-0.01% n=125 gates=True holdout_ok=False source=approximate_non_ftmo
NZDJPY_H4 bbands_reversion: IS-grid best={'adx_max': 22, 'require_htf_align': False, 'require_rsi': True, 'rsi_high': 65, 'rsi_low': 40, 'session_hours': None} OOS ret=0.00% n=11 gates=True holdout_ok=False source=approximate_non_ftmo
NZDJPY_H4 breakout_donchian: IS-grid best={'adx_min': 22, 'atr_pct_min': 0.0, 'donchian_window': 15, 'session_hours': None, 'use_mid_exit': False} OOS ret=0.00% n=93 gates=True holdout_ok=False source=approximate_non_ftmo
NZDJPY_H4 ema_pullback: IS-grid best={'adx_threshold': 18, 'rsi_pullback_high': 55, 'rsi_pullback_low': 40, 'session_hours': None, 'use_macd_confirm': False} OOS ret=-0.00% n=18 gates=True holdout_ok=False source=approximate_non_ftmo
NZDJPY_H4 hybrid_regime: IS-grid best={'adx_chop': 16, 'adx_trend': 20, 'max_hold': 0, 'rsi_high': 70, 'rsi_low': 35, 'session_hours': None} OOS ret=0.00% n=71 gates=True holdout_ok=False source=approximate_non_ftmo
NZDJPY_H4 keltner_breakout: IS-grid best={'adx_min': 12, 'atr_mult': 1.25, 'exit_to_mid': False, 'session_hours': None} OOS ret=-0.01% n=123 gates=True holdout_ok=True source=approximate_non_ftmo
NZDJPY_H4 macd_trend: IS-grid best={'adx_min': 22, 'exit_on_cross': True, 'hold_while_hist': False, 'max_hold': 24, 'require_htf_align': False, 'session_hours': None} OOS ret=-0.01% n=92 gates=True holdout_ok=True source=approximate_non_ftmo
NZDJPY_H4 mean_reversion_regime: IS-grid best={'adx_max': 20, 'rsi_high': 70, 'rsi_low': 35, 'session_hours': None} OOS ret=-0.00% n=4 gates=True holdout_ok=True source=approximate_non_ftmo
NZDJPY_H4 squeeze_breakout: IS-grid best={'adx_min': 10, 'exit_bars': 8, 'lookback': 40, 'session_hours': None, 'squeeze_pct': 0.2} OOS ret=0.00% n=78 gates=True holdout_ok=True source=approximate_non_ftmo
NZDJPY_H4 stoch_reversion: IS-grid best={'adx_max': 22, 'exit_mid': 50, 'require_htf_align': False, 'session_hours': None, 'stoch_high': 75, 'stoch_low': 25} OOS ret=0.00% n=64 gates=True holdout_ok=False source=approximate_non_ftmo
NZDJPY_H4 trend_ma_adx: IS-grid best={'adx_threshold': 22, 'atr_pct_max': 0.9, 'atr_pct_min': 0.0, 'require_ema_align': True, 'require_htf_align': False, 'session_hours': None} OOS ret=0.00% n=65 gates=True holdout_ok=False source=approximate_non_ftmo
NZDJPY_D1 atr_channel_breakout: IS-grid best={'adx_min': 18, 'atr_mult': 1.5, 'exit_to_mid': False, 'max_hold': 24, 'require_htf_align': True, 'session_hours': None} OOS ret=0.00% n=0 gates=True holdout_ok=False source=approximate_non_ftmo
NZDJPY_D1 bbands_reversion: IS-grid best={'adx_max': 28, 'require_htf_align': True, 'require_rsi': True, 'rsi_high': 65, 'rsi_low': 35, 'session_hours': None} OOS ret=0.00% n=0 gates=True holdout_ok=False source=approximate_non_ftmo
NZDJPY_D1 breakout_donchian: IS-grid best={'adx_min': 0, 'atr_pct_min': 0.1, 'donchian_window': 20, 'session_hours': None, 'use_mid_exit': False} OOS ret=0.01% n=35 gates=True holdout_ok=False source=approximate_non_ftmo
NZDJPY_D1 ema_pullback: IS-grid best={'adx_threshold': 18, 'rsi_pullback_high': 60, 'rsi_pullback_low': 35, 'session_hours': None, 'use_macd_confirm': False} OOS ret=-0.00% n=7 gates=True holdout_ok=False source=approximate_non_ftmo
NZDJPY_D1 hybrid_regime: IS-grid best={'adx_chop': 20, 'adx_trend': 24, 'max_hold': 20, 'rsi_high': 65, 'rsi_low': 35, 'session_hours': None} OOS ret=-0.00% n=56 gates=True holdout_ok=False source=approximate_non_ftmo
NZDJPY_D1 keltner_breakout: IS-grid best={'adx_min': 12, 'atr_mult': 1.25, 'exit_to_mid': True, 'session_hours': None} OOS ret=0.00% n=62 gates=True holdout_ok=False source=approximate_non_ftmo
NZDJPY_D1 macd_trend: IS-grid best={'adx_min': 12, 'exit_on_cross': True, 'hold_while_hist': True, 'max_hold': 0, 'require_htf_align': False, 'session_hours': None} OOS ret=0.01% n=123 gates=True holdout_ok=False source=approximate_non_ftmo
NZDJPY_D1 mean_reversion_regime: IS-grid best={'adx_max': 30, 'rsi_high': 65, 'rsi_low': 30, 'session_hours': None} OOS ret=0.01% n=20 gates=True holdout_ok=False source=approximate_non_ftmo
NZDJPY_D1 squeeze_breakout: IS-grid best={'adx_min': 10, 'exit_bars': 16, 'lookback': 60, 'session_hours': None, 'squeeze_pct': 0.2} OOS ret=0.01% n=72 gates=True holdout_ok=False source=approximate_non_ftmo
NZDJPY_D1 stoch_reversion: IS-grid best={'adx_max': 22, 'exit_mid': 50, 'require_htf_align': True, 'session_hours': None, 'stoch_high': 75, 'stoch_low': 20} OOS ret=0.00% n=0 gates=True holdout_ok=False source=approximate_non_ftmo
NZDJPY_D1 trend_ma_adx: IS-grid best={'adx_threshold': 22, 'atr_pct_max': 1.0, 'atr_pct_min': 0.0, 'require_ema_align': True, 'require_htf_align': False, 'session_hours': None} OOS ret=0.01% n=23 gates=True holdout_ok=False source=approximate_non_ftmo
Wrote /workspace/Mt5-swing/reports/leaderboard.csv
Wrote /workspace/Mt5-swing/reports/leaderboard.md
Wrote /workspace/Mt5-swing/reports/walk_forward_summary.csv
Wrote /workspace/Mt5-swing/reports/walk_forward_summary.md
NOTE: all results approximate_non_ftmo until FTMO MT5 exports are imported.
