EURUSD_H4 stoch_reversion: IS-grid best={'adx_max': 22, 'exit_mid': 50, 'require_htf_align': False, 'session_hours': None, 'stoch_high': 85, 'stoch_low': 20} OOS ret=-0.10% n=37 gates=True holdout_ok=True source=approximate_non_ftmo
EURUSD_H4 atr_channel_breakout: IS-grid best={'adx_min': 12, 'atr_mult': 2.0, 'exit_to_mid': False, 'max_hold': 0, 'require_htf_align': False, 'session_hours': None} OOS ret=-0.41% n=123 gates=True holdout_ok=False source=approximate_non_ftmo
EURUSD_D1 stoch_reversion: IS-grid best={'adx_max': 28, 'exit_mid': 50, 'require_htf_align': False, 'session_hours': None, 'stoch_high': 75, 'stoch_low': 20} OOS ret=0.06% n=64 gates=True holdout_ok=False source=approximate_non_ftmo
EURUSD_D1 atr_channel_breakout: IS-grid best={'adx_min': 12, 'atr_mult': 2.5, 'exit_to_mid': False, 'max_hold': 24, 'require_htf_align': False, 'session_hours': None} OOS ret=-0.30% n=17 gates=True holdout_ok=False source=approximate_non_ftmo
GBPUSD_H4 stoch_reversion: IS-grid best={'adx_max': 28, 'exit_mid': 50, 'require_htf_align': False, 'session_hours': None, 'stoch_high': 75, 'stoch_low': 15} OOS ret=0.03% n=69 gates=True holdout_ok=True source=approximate_non_ftmo
GBPUSD_H4 atr_channel_breakout: IS-grid best={'adx_min': 12, 'atr_mult': 2.0, 'exit_to_mid': False, 'max_hold': 0, 'require_htf_align': False, 'session_hours': None} OOS ret=-0.13% n=109 gates=True holdout_ok=False source=approximate_non_ftmo
GBPUSD_D1 stoch_reversion: IS-grid best={'adx_max': 22, 'exit_mid': 50, 'require_htf_align': True, 'session_hours': None, 'stoch_high': 85, 'stoch_low': 20} OOS ret=0.00% n=0 gates=True holdout_ok=False source=approximate_non_ftmo
GBPUSD_D1 atr_channel_breakout: IS-grid best={'adx_min': 12, 'atr_mult': 2.5, 'exit_to_mid': False, 'max_hold': 0, 'require_htf_align': False, 'session_hours': None} OOS ret=0.16% n=26 gates=True holdout_ok=False source=approximate_non_ftmo
USDJPY_H4 stoch_reversion: IS-grid best={'adx_max': 22, 'exit_mid': 50, 'require_htf_align': True, 'session_hours': None, 'stoch_high': 80, 'stoch_low': 20} OOS ret=0.00% n=0 gates=True holdout_ok=True source=approximate_non_ftmo
USDJPY_H4 atr_channel_breakout: IS-grid best={'adx_min': 18, 'atr_mult': 1.5, 'exit_to_mid': False, 'max_hold': 0, 'require_htf_align': False, 'session_hours': None} OOS ret=0.05% n=108 gates=True holdout_ok=True source=approximate_non_ftmo
USDJPY_D1 stoch_reversion: IS-grid best={'adx_max': 28, 'exit_mid': 50, 'require_htf_align': True, 'session_hours': None, 'stoch_high': 80, 'stoch_low': 15} OOS ret=0.00% n=0 gates=True holdout_ok=False source=approximate_non_ftmo
USDJPY_D1 atr_channel_breakout: IS-grid best={'adx_min': 12, 'atr_mult': 2.0, 'exit_to_mid': False, 'max_hold': 24, 'require_htf_align': True, 'session_hours': None} OOS ret=0.00% n=0 gates=True holdout_ok=False source=approximate_non_ftmo
AUDUSD_H4 stoch_reversion: IS-grid best={'adx_max': 22, 'exit_mid': 50, 'require_htf_align': False, 'session_hours': None, 'stoch_high': 75, 'stoch_low': 15} OOS ret=-0.10% n=53 gates=True holdout_ok=False source=approximate_non_ftmo
AUDUSD_H4 atr_channel_breakout: IS-grid best={'adx_min': 12, 'atr_mult': 2.0, 'exit_to_mid': False, 'max_hold': 24, 'require_htf_align': False, 'session_hours': None} OOS ret=-0.53% n=110 gates=True holdout_ok=False source=approximate_non_ftmo
AUDUSD_D1 stoch_reversion: IS-grid best={'adx_max': 22, 'exit_mid': 50, 'require_htf_align': False, 'session_hours': None, 'stoch_high': 85, 'stoch_low': 20} OOS ret=-0.24% n=111 gates=True holdout_ok=False source=approximate_non_ftmo
AUDUSD_D1 atr_channel_breakout: IS-grid best={'adx_min': 12, 'atr_mult': 2.0, 'exit_to_mid': False, 'max_hold': 24, 'require_htf_align': False, 'session_hours': None} OOS ret=0.36% n=120 gates=True holdout_ok=True source=approximate_non_ftmo
USDCAD_H4 stoch_reversion: IS-grid best={'adx_max': 28, 'exit_mid': 50, 'require_htf_align': False, 'session_hours': None, 'stoch_high': 85, 'stoch_low': 25} OOS ret=-0.24% n=59 gates=True holdout_ok=False source=approximate_non_ftmo
USDCAD_H4 atr_channel_breakout: IS-grid best={'adx_min': 12, 'atr_mult': 2.0, 'exit_to_mid': False, 'max_hold': 0, 'require_htf_align': True, 'session_hours': None} OOS ret=0.00% n=0 gates=True holdout_ok=False source=approximate_non_ftmo
USDCAD_D1 stoch_reversion: IS-grid best={'adx_max': 22, 'exit_mid': 50, 'require_htf_align': False, 'session_hours': None, 'stoch_high': 85, 'stoch_low': 15} OOS ret=0.05% n=133 gates=True holdout_ok=False source=approximate_non_ftmo
USDCAD_D1 atr_channel_breakout: IS-grid best={'adx_min': 12, 'atr_mult': 2.5, 'exit_to_mid': False, 'max_hold': 0, 'require_htf_align': True, 'session_hours': None} OOS ret=0.00% n=0 gates=True holdout_ok=False source=approximate_non_ftmo
USDCHF_H4 stoch_reversion: IS-grid best={'adx_max': 22, 'exit_mid': 50, 'require_htf_align': True, 'session_hours': None, 'stoch_high': 80, 'stoch_low': 20} OOS ret=0.00% n=0 gates=True holdout_ok=True source=approximate_non_ftmo
USDCHF_H4 atr_channel_breakout: IS-grid best={'adx_min': 12, 'atr_mult': 1.5, 'exit_to_mid': False, 'max_hold': 0, 'require_htf_align': True, 'session_hours': None} OOS ret=0.00% n=0 gates=True holdout_ok=False source=approximate_non_ftmo
USDCHF_D1 stoch_reversion: IS-grid best={'adx_max': 28, 'exit_mid': 50, 'require_htf_align': False, 'session_hours': None, 'stoch_high': 80, 'stoch_low': 25} OOS ret=0.49% n=64 gates=True holdout_ok=False source=approximate_non_ftmo
USDCHF_D1 atr_channel_breakout: IS-grid best={'adx_min': 12, 'atr_mult': 1.5, 'exit_to_mid': False, 'max_hold': 24, 'require_htf_align': True, 'session_hours': None} OOS ret=0.00% n=0 gates=True holdout_ok=False source=approximate_non_ftmo
NZDUSD_H4 stoch_reversion: IS-grid best={'adx_max': 28, 'exit_mid': 50, 'require_htf_align': True, 'session_hours': None, 'stoch_high': 80, 'stoch_low': 20} OOS ret=0.00% n=0 gates=True holdout_ok=False source=approximate_non_ftmo
NZDUSD_H4 atr_channel_breakout: IS-grid best={'adx_min': 12, 'atr_mult': 2.0, 'exit_to_mid': False, 'max_hold': 0, 'require_htf_align': False, 'session_hours': None} OOS ret=-0.01% n=128 gates=True holdout_ok=True source=approximate_non_ftmo
NZDUSD_D1 stoch_reversion: IS-grid best={'adx_max': 28, 'exit_mid': 50, 'require_htf_align': True, 'session_hours': None, 'stoch_high': 80, 'stoch_low': 15} OOS ret=0.00% n=0 gates=True holdout_ok=False source=approximate_non_ftmo
NZDUSD_D1 atr_channel_breakout: IS-grid best={'adx_min': 12, 'atr_mult': 1.5, 'exit_to_mid': False, 'max_hold': 24, 'require_htf_align': True, 'session_hours': None} OOS ret=0.00% n=0 gates=True holdout_ok=False source=approximate_non_ftmo
Wrote /workspace/Mt5-swing/reports/leaderboard.csv
Wrote /workspace/Mt5-swing/reports/leaderboard.md
Wrote /workspace/Mt5-swing/reports/walk_forward_summary.csv
Wrote /workspace/Mt5-swing/reports/walk_forward_summary.md
NOTE: all results approximate_non_ftmo until FTMO MT5 exports are imported.
