EURUSD_H4 keltner_breakout: IS-grid best={'adx_min': 12, 'atr_mult': 2.0, 'exit_to_mid': False, 'session_hours': None} OOS ret=-0.33% n=99 gates=True holdout_ok=False source=approximate_non_ftmo
EURUSD_H4 ema_pullback: IS-grid best={'adx_threshold': 15, 'rsi_pullback_high': 55, 'rsi_pullback_low': 40, 'session_hours': None, 'use_macd_confirm': False} OOS ret=-0.01% n=30 gates=True holdout_ok=False source=approximate_non_ftmo
EURUSD_H4 hybrid_regime: IS-grid best={'adx_chop': 16, 'adx_trend': 24, 'rsi_high': 70, 'rsi_low': 35, 'session_hours': None} OOS ret=0.07% n=80 gates=True holdout_ok=False source=approximate_non_ftmo
EURUSD_H4 squeeze_breakout: IS-grid best={'adx_min': 10, 'exit_bars': 16, 'lookback': 60, 'session_hours': None, 'squeeze_pct': 0.2} OOS ret=0.04% n=90 gates=True holdout_ok=False source=approximate_non_ftmo
EURUSD_D1 keltner_breakout: IS-grid best={'adx_min': 12, 'atr_mult': 2.0, 'exit_to_mid': False, 'session_hours': None} OOS ret=-0.15% n=34 gates=True holdout_ok=False source=approximate_non_ftmo
EURUSD_D1 ema_pullback: IS-grid best={'adx_threshold': 15, 'rsi_pullback_high': 60, 'rsi_pullback_low': 45, 'session_hours': None, 'use_macd_confirm': False} OOS ret=-0.25% n=15 gates=True holdout_ok=False source=approximate_non_ftmo
EURUSD_D1 hybrid_regime: IS-grid best={'adx_chop': 16, 'adx_trend': 24, 'rsi_high': 70, 'rsi_low': 35, 'session_hours': None} OOS ret=-0.15% n=34 gates=True holdout_ok=False source=approximate_non_ftmo
EURUSD_D1 squeeze_breakout: IS-grid best={'adx_min': 18, 'exit_bars': 16, 'lookback': 60, 'session_hours': None, 'squeeze_pct': 0.2} OOS ret=0.53% n=47 gates=True holdout_ok=False source=approximate_non_ftmo
GBPUSD_H4 keltner_breakout: IS-grid best={'adx_min': 12, 'atr_mult': 1.5, 'exit_to_mid': True, 'session_hours': None} OOS ret=0.05% n=105 gates=True holdout_ok=False source=approximate_non_ftmo
GBPUSD_H4 ema_pullback: IS-grid best={'adx_threshold': 18, 'rsi_pullback_high': 65, 'rsi_pullback_low': 35, 'session_hours': None, 'use_macd_confirm': False} OOS ret=-0.04% n=6 gates=True holdout_ok=True source=approximate_non_ftmo
GBPUSD_H4 hybrid_regime: IS-grid best={'adx_chop': 20, 'adx_trend': 20, 'rsi_high': 70, 'rsi_low': 30, 'session_hours': None} OOS ret=0.30% n=91 gates=True holdout_ok=False source=approximate_non_ftmo
GBPUSD_H4 squeeze_breakout: IS-grid best={'adx_min': 18, 'exit_bars': 8, 'lookback': 60, 'session_hours': None, 'squeeze_pct': 0.2} OOS ret=-0.07% n=74 gates=True holdout_ok=False source=approximate_non_ftmo
GBPUSD_D1 keltner_breakout: IS-grid best={'adx_min': 12, 'atr_mult': 2.0, 'exit_to_mid': False, 'session_hours': None} OOS ret=0.33% n=36 gates=True holdout_ok=False source=approximate_non_ftmo
GBPUSD_D1 ema_pullback: IS-grid best={'adx_threshold': 18, 'rsi_pullback_high': 55, 'rsi_pullback_low': 45, 'session_hours': None, 'use_macd_confirm': False} OOS ret=0.18% n=7 gates=True holdout_ok=False source=approximate_non_ftmo
GBPUSD_D1 hybrid_regime: IS-grid best={'adx_chop': 16, 'adx_trend': 20, 'rsi_high': 65, 'rsi_low': 30, 'session_hours': None} OOS ret=0.22% n=36 gates=True holdout_ok=False source=approximate_non_ftmo
GBPUSD_D1 squeeze_breakout: IS-grid best={'adx_min': 10, 'exit_bars': 16, 'lookback': 60, 'session_hours': None, 'squeeze_pct': 0.2} OOS ret=-0.23% n=62 gates=True holdout_ok=False source=approximate_non_ftmo
USDJPY_H4 keltner_breakout: IS-grid best={'adx_min': 18, 'atr_mult': 1.25, 'exit_to_mid': False, 'session_hours': None} OOS ret=-0.21% n=113 gates=True holdout_ok=False source=approximate_non_ftmo
USDJPY_H4 ema_pullback: IS-grid best={'adx_threshold': 15, 'rsi_pullback_high': 65, 'rsi_pullback_low': 40, 'session_hours': None, 'use_macd_confirm': False} OOS ret=-0.04% n=15 gates=True holdout_ok=False source=approximate_non_ftmo
USDJPY_H4 hybrid_regime: IS-grid best={'adx_chop': 16, 'adx_trend': 20, 'rsi_high': 70, 'rsi_low': 30, 'session_hours': None} OOS ret=0.29% n=89 gates=True holdout_ok=False source=approximate_non_ftmo
USDJPY_H4 squeeze_breakout: IS-grid best={'adx_min': 18, 'exit_bars': 8, 'lookback': 40, 'session_hours': None, 'squeeze_pct': 0.2} OOS ret=0.12% n=44 gates=True holdout_ok=True source=approximate_non_ftmo
USDJPY_D1 keltner_breakout: IS-grid best={'adx_min': 12, 'atr_mult': 2.0, 'exit_to_mid': False, 'session_hours': None} OOS ret=0.37% n=41 gates=True holdout_ok=False source=approximate_non_ftmo
USDJPY_D1 ema_pullback: IS-grid best={'adx_threshold': 18, 'rsi_pullback_high': 55, 'rsi_pullback_low': 40, 'session_hours': None, 'use_macd_confirm': False} OOS ret=0.07% n=9 gates=True holdout_ok=False source=approximate_non_ftmo
USDJPY_D1 hybrid_regime: IS-grid best={'adx_chop': 20, 'adx_trend': 24, 'rsi_high': 70, 'rsi_low': 30, 'session_hours': None} OOS ret=0.69% n=35 gates=True holdout_ok=True source=approximate_non_ftmo
USDJPY_D1 squeeze_breakout: IS-grid best={'adx_min': 10, 'exit_bars': 16, 'lookback': 60, 'session_hours': None, 'squeeze_pct': 0.2} OOS ret=-0.16% n=70 gates=True holdout_ok=False source=approximate_non_ftmo
AUDUSD_H4 keltner_breakout: IS-grid best={'adx_min': 12, 'atr_mult': 1.5, 'exit_to_mid': False, 'session_hours': None} OOS ret=-0.37% n=109 gates=True holdout_ok=False source=approximate_non_ftmo
AUDUSD_H4 ema_pullback: IS-grid best={'adx_threshold': 18, 'rsi_pullback_high': 65, 'rsi_pullback_low': 35, 'session_hours': None, 'use_macd_confirm': False} OOS ret=0.04% n=7 gates=True holdout_ok=True source=approximate_non_ftmo
AUDUSD_H4 hybrid_regime: IS-grid best={'adx_chop': 20, 'adx_trend': 20, 'rsi_high': 70, 'rsi_low': 35, 'session_hours': None} OOS ret=-0.32% n=101 gates=True holdout_ok=False source=approximate_non_ftmo
AUDUSD_H4 squeeze_breakout: IS-grid best={'adx_min': 18, 'exit_bars': 16, 'lookback': 40, 'session_hours': None, 'squeeze_pct': 0.3} OOS ret=-0.31% n=92 gates=True holdout_ok=False source=approximate_non_ftmo
AUDUSD_D1 keltner_breakout: IS-grid best={'adx_min': 12, 'atr_mult': 2.0, 'exit_to_mid': True, 'session_hours': None} OOS ret=0.35% n=85 gates=True holdout_ok=True source=approximate_non_ftmo
AUDUSD_D1 ema_pullback: IS-grid best={'adx_threshold': 15, 'rsi_pullback_high': 65, 'rsi_pullback_low': 40, 'session_hours': None, 'use_macd_confirm': False} OOS ret=-0.01% n=11 gates=True holdout_ok=False source=approximate_non_ftmo
AUDUSD_D1 hybrid_regime: IS-grid best={'adx_chop': 20, 'adx_trend': 24, 'rsi_high': 65, 'rsi_low': 35, 'session_hours': None} OOS ret=0.25% n=96 gates=True holdout_ok=True source=approximate_non_ftmo
AUDUSD_D1 squeeze_breakout: IS-grid best={'adx_min': 18, 'exit_bars': 16, 'lookback': 40, 'session_hours': None, 'squeeze_pct': 0.2} OOS ret=-0.28% n=130 gates=True holdout_ok=True source=approximate_non_ftmo
Wrote /workspace/Mt5-swing/reports/leaderboard.csv
Wrote /workspace/Mt5-swing/reports/leaderboard.md
Wrote /workspace/Mt5-swing/reports/walk_forward_summary.csv
Wrote /workspace/Mt5-swing/reports/walk_forward_summary.md
NOTE: all results approximate_non_ftmo until FTMO MT5 exports are imported.
