data_source=approximate_non_ftmo RF=0.08 VT=0.0025 tag_locked=fx4plus_gbpcad_d1_voltarget_0025
end=2026-09-16 00:00:00+00:00 holdout_start=2025-09-16 00:00:00+00:00 IS=['2024', '2025_IS'] CONF=['2025', '2026', 'holdout_365d']
  legs ready 2024: [1596, 1596, 1597, 1602, 262]
  legs ready 2025_IS: [1125, 1125, 1125, 1129, 182]
  legs ready 2025: [1591, 1590, 1591, 1596, 257]
  legs ready 2026: [1121, 1121, 1120, 1122, 184]
  legs ready holdout_365d: [1587, 1586, 1586, 1589, 259]
baseline 2024 mo=0.42% pos=55% top3=74%
/workspace/Mt5-swing/src/mt5_swing/portfolio/overlays.py:1067: UserWarning: Converting to PeriodArray/Index representation will drop timezone information.
  months = utc_idx.to_period("M")
/workspace/Mt5-swing/src/mt5_swing/portfolio/overlays.py:1067: UserWarning: Converting to PeriodArray/Index representation will drop timezone information.
  months = utc_idx.to_period("M")
/workspace/Mt5-swing/src/mt5_swing/portfolio/overlays.py:1067: UserWarning: Converting to PeriodArray/Index representation will drop timezone information.
  months = utc_idx.to_period("M")
/workspace/Mt5-swing/src/mt5_swing/portfolio/overlays.py:1067: UserWarning: Converting to PeriodArray/Index representation will drop timezone information.
  months = utc_idx.to_period("M")
/workspace/Mt5-swing/src/mt5_swing/portfolio/overlays.py:1067: UserWarning: Converting to PeriodArray/Index representation will drop timezone information.
  months = utc_idx.to_period("M")
surplus: lock+mesurp_sd15_s0.008_c0.35 soft=True 2024=0.75% HO=1.40%/75% top3HO=73% note=holdout_fail
/workspace/Mt5-swing/src/mt5_swing/portfolio/overlays.py:1067: UserWarning: Converting to PeriodArray/Index representation will drop timezone information.
  months = utc_idx.to_period("M")
/workspace/Mt5-swing/src/mt5_swing/portfolio/overlays.py:1067: UserWarning: Converting to PeriodArray/Index representation will drop timezone information.
  months = utc_idx.to_period("M")
/workspace/Mt5-swing/src/mt5_swing/portfolio/overlays.py:1067: UserWarning: Converting to PeriodArray/Index representation will drop timezone information.
  months = utc_idx.to_period("M")
/workspace/Mt5-swing/src/mt5_swing/portfolio/overlays.py:1067: UserWarning: Converting to PeriodArray/Index representation will drop timezone information.
  months = utc_idx.to_period("M")
/workspace/Mt5-swing/src/mt5_swing/portfolio/overlays.py:1067: UserWarning: Converting to PeriodArray/Index representation will drop timezone information.
  months = utc_idx.to_period("M")
surplus: lock+mesurp_sd15_s0.008_c0.5 soft=True 2024=0.68% HO=1.43%/75% top3HO=74% note=holdout_fail
/workspace/Mt5-swing/src/mt5_swing/portfolio/overlays.py:1067: UserWarning: Converting to PeriodArray/Index representation will drop timezone information.
  months = utc_idx.to_period("M")
/workspace/Mt5-swing/src/mt5_swing/portfolio/overlays.py:1067: UserWarning: Converting to PeriodArray/Index representation will drop timezone information.
  months = utc_idx.to_period("M")
/workspace/Mt5-swing/src/mt5_swing/portfolio/overlays.py:1067: UserWarning: Converting to PeriodArray/Index representation will drop timezone information.
  months = utc_idx.to_period("M")
/workspace/Mt5-swing/src/mt5_swing/portfolio/overlays.py:1067: UserWarning: Converting to PeriodArray/Index representation will drop timezone information.
  months = utc_idx.to_period("M")
/workspace/Mt5-swing/src/mt5_swing/portfolio/overlays.py:1067: UserWarning: Converting to PeriodArray/Index representation will drop timezone information.
  months = utc_idx.to_period("M")
surplus: lock+mesurp_sd15_s0.008_c0.65 soft=True 2024=0.60% HO=1.46%/75% top3HO=76% note=holdout_fail
/workspace/Mt5-swing/src/mt5_swing/portfolio/overlays.py:1067: UserWarning: Converting to PeriodArray/Index representation will drop timezone information.
  months = utc_idx.to_period("M")
/workspace/Mt5-swing/src/mt5_swing/portfolio/overlays.py:1067: UserWarning: Converting to PeriodArray/Index representation will drop timezone information.
  months = utc_idx.to_period("M")
/workspace/Mt5-swing/src/mt5_swing/portfolio/overlays.py:1067: UserWarning: Converting to PeriodArray/Index representation will drop timezone information.
  months = utc_idx.to_period("M")
/workspace/Mt5-swing/src/mt5_swing/portfolio/overlays.py:1067: UserWarning: Converting to PeriodArray/Index representation will drop timezone information.
  months = utc_idx.to_period("M")
/workspace/Mt5-swing/src/mt5_swing/portfolio/overlays.py:1067: UserWarning: Converting to PeriodArray/Index representation will drop timezone information.
  months = utc_idx.to_period("M")
surplus: lock+mesurp_sd18_s0.008_c0.35 soft=True 2024=0.76% HO=1.28%/75% top3HO=69% note=year_clear_fail
/workspace/Mt5-swing/src/mt5_swing/portfolio/overlays.py:1067: UserWarning: Converting to PeriodArray/Index representation will drop timezone information.
  months = utc_idx.to_period("M")
/workspace/Mt5-swing/src/mt5_swing/portfolio/overlays.py:1067: UserWarning: Converting to PeriodArray/Index representation will drop timezone information.
  months = utc_idx.to_period("M")
/workspace/Mt5-swing/src/mt5_swing/portfolio/overlays.py:1067: UserWarning: Converting to PeriodArray/Index representation will drop timezone information.
  months = utc_idx.to_period("M")
/workspace/Mt5-swing/src/mt5_swing/portfolio/overlays.py:1067: UserWarning: Converting to PeriodArray/Index representation will drop timezone information.
  months = utc_idx.to_period("M")
/workspace/Mt5-swing/src/mt5_swing/portfolio/overlays.py:1067: UserWarning: Converting to PeriodArray/Index representation will drop timezone information.
  months = utc_idx.to_period("M")
surplus: lock+mesurp_sd18_s0.008_c0.5 soft=True 2024=0.68% HO=1.34%/75% top3HO=71% note=holdout_fail
/workspace/Mt5-swing/src/mt5_swing/portfolio/overlays.py:1067: UserWarning: Converting to PeriodArray/Index representation will drop timezone information.
  months = utc_idx.to_period("M")
/workspace/Mt5-swing/src/mt5_swing/portfolio/overlays.py:1067: UserWarning: Converting to PeriodArray/Index representation will drop timezone information.
  months = utc_idx.to_period("M")
/workspace/Mt5-swing/src/mt5_swing/portfolio/overlays.py:1067: UserWarning: Converting to PeriodArray/Index representation will drop timezone information.
  months = utc_idx.to_period("M")
/workspace/Mt5-swing/src/mt5_swing/portfolio/overlays.py:1067: UserWarning: Converting to PeriodArray/Index representation will drop timezone information.
  months = utc_idx.to_period("M")
/workspace/Mt5-swing/src/mt5_swing/portfolio/overlays.py:1067: UserWarning: Converting to PeriodArray/Index representation will drop timezone information.
  months = utc_idx.to_period("M")
surplus: lock+mesurp_sd18_s0.008_c0.65 soft=True 2024=0.60% HO=1.39%/75% top3HO=74% note=holdout_fail
/workspace/Mt5-swing/src/mt5_swing/portfolio/overlays.py:1067: UserWarning: Converting to PeriodArray/Index representation will drop timezone information.
  months = utc_idx.to_period("M")
/workspace/Mt5-swing/src/mt5_swing/portfolio/overlays.py:1067: UserWarning: Converting to PeriodArray/Index representation will drop timezone information.
  months = utc_idx.to_period("M")
/workspace/Mt5-swing/src/mt5_swing/portfolio/overlays.py:1067: UserWarning: Converting to PeriodArray/Index representation will drop timezone information.
  months = utc_idx.to_period("M")
/workspace/Mt5-swing/src/mt5_swing/portfolio/overlays.py:1067: UserWarning: Converting to PeriodArray/Index representation will drop timezone information.
  months = utc_idx.to_period("M")
/workspace/Mt5-swing/src/mt5_swing/portfolio/overlays.py:1067: UserWarning: Converting to PeriodArray/Index representation will drop timezone information.
  months = utc_idx.to_period("M")
surplus: lock+mesurp_sd20_s0.008_c0.35 soft=True 2024=0.72% HO=1.17%/75% top3HO=72% note=holdout_fail
/workspace/Mt5-swing/src/mt5_swing/portfolio/overlays.py:1067: UserWarning: Converting to PeriodArray/Index representation will drop timezone information.
  months = utc_idx.to_period("M")
/workspace/Mt5-swing/src/mt5_swing/portfolio/overlays.py:1067: UserWarning: Converting to PeriodArray/Index representation will drop timezone information.
  months = utc_idx.to_period("M")
/workspace/Mt5-swing/src/mt5_swing/portfolio/overlays.py:1067: UserWarning: Converting to PeriodArray/Index representation will drop timezone information.
  months = utc_idx.to_period("M")
/workspace/Mt5-swing/src/mt5_swing/portfolio/overlays.py:1067: UserWarning: Converting to PeriodArray/Index representation will drop timezone information.
  months = utc_idx.to_period("M")
/workspace/Mt5-swing/src/mt5_swing/portfolio/overlays.py:1067: UserWarning: Converting to PeriodArray/Index representation will drop timezone information.
  months = utc_idx.to_period("M")
surplus: lock+mesurp_sd20_s0.008_c0.5 soft=True 2024=0.65% HO=1.25%/75% top3HO=74% note=holdout_fail
/workspace/Mt5-swing/src/mt5_swing/portfolio/overlays.py:1067: UserWarning: Converting to PeriodArray/Index representation will drop timezone information.
  months = utc_idx.to_period("M")
/workspace/Mt5-swing/src/mt5_swing/portfolio/overlays.py:1067: UserWarning: Converting to PeriodArray/Index representation will drop timezone information.
  months = utc_idx.to_period("M")
/workspace/Mt5-swing/src/mt5_swing/portfolio/overlays.py:1067: UserWarning: Converting to PeriodArray/Index representation will drop timezone information.
  months = utc_idx.to_period("M")
/workspace/Mt5-swing/src/mt5_swing/portfolio/overlays.py:1067: UserWarning: Converting to PeriodArray/Index representation will drop timezone information.
  months = utc_idx.to_period("M")
/workspace/Mt5-swing/src/mt5_swing/portfolio/overlays.py:1067: UserWarning: Converting to PeriodArray/Index representation will drop timezone information.
  months = utc_idx.to_period("M")
surplus: lock+mesurp_sd20_s0.008_c0.65 soft=True 2024=0.58% HO=1.33%/75% top3HO=75% note=holdout_fail
/workspace/Mt5-swing/src/mt5_swing/portfolio/overlays.py:1067: UserWarning: Converting to PeriodArray/Index representation will drop timezone information.
  months = utc_idx.to_period("M")
/workspace/Mt5-swing/src/mt5_swing/portfolio/overlays.py:1067: UserWarning: Converting to PeriodArray/Index representation will drop timezone information.
  months = utc_idx.to_period("M")
/workspace/Mt5-swing/src/mt5_swing/portfolio/overlays.py:1067: UserWarning: Converting to PeriodArray/Index representation will drop timezone information.
  months = utc_idx.to_period("M")
/workspace/Mt5-swing/src/mt5_swing/portfolio/overlays.py:1067: UserWarning: Converting to PeriodArray/Index representation will drop timezone information.
  months = utc_idx.to_period("M")
/workspace/Mt5-swing/src/mt5_swing/portfolio/overlays.py:1067: UserWarning: Converting to PeriodArray/Index representation will drop timezone information.
  months = utc_idx.to_period("M")
surplus: lock+mesurp_sd22_s0.008_c0.35 soft=True 2024=0.82% HO=1.10%/75% top3HO=71% note=holdout_fail
/workspace/Mt5-swing/src/mt5_swing/portfolio/overlays.py:1067: UserWarning: Converting to PeriodArray/Index representation will drop timezone information.
  months = utc_idx.to_period("M")
/workspace/Mt5-swing/src/mt5_swing/portfolio/overlays.py:1067: UserWarning: Converting to PeriodArray/Index representation will drop timezone information.
  months = utc_idx.to_period("M")
/workspace/Mt5-swing/src/mt5_swing/portfolio/overlays.py:1067: UserWarning: Converting to PeriodArray/Index representation will drop timezone information.
  months = utc_idx.to_period("M")
/workspace/Mt5-swing/src/mt5_swing/portfolio/overlays.py:1067: UserWarning: Converting to PeriodArray/Index representation will drop timezone information.
  months = utc_idx.to_period("M")
/workspace/Mt5-swing/src/mt5_swing/portfolio/overlays.py:1067: UserWarning: Converting to PeriodArray/Index representation will drop timezone information.
  months = utc_idx.to_period("M")
surplus: lock+mesurp_sd22_s0.008_c0.5 soft=True 2024=0.72% HO=1.20%/75% top3HO=74% note=holdout_fail
/workspace/Mt5-swing/src/mt5_swing/portfolio/overlays.py:1067: UserWarning: Converting to PeriodArray/Index representation will drop timezone information.
  months = utc_idx.to_period("M")
/workspace/Mt5-swing/src/mt5_swing/portfolio/overlays.py:1067: UserWarning: Converting to PeriodArray/Index representation will drop timezone information.
  months = utc_idx.to_period("M")
/workspace/Mt5-swing/src/mt5_swing/portfolio/overlays.py:1067: UserWarning: Converting to PeriodArray/Index representation will drop timezone information.
  months = utc_idx.to_period("M")
/workspace/Mt5-swing/src/mt5_swing/portfolio/overlays.py:1067: UserWarning: Converting to PeriodArray/Index representation will drop timezone information.
  months = utc_idx.to_period("M")
/workspace/Mt5-swing/src/mt5_swing/portfolio/overlays.py:1067: UserWarning: Converting to PeriodArray/Index representation will drop timezone information.
  months = utc_idx.to_period("M")
surplus: lock+mesurp_sd22_s0.008_c0.65 soft=True 2024=0.63% HO=1.29%/75% top3HO=76% note=holdout_fail
/workspace/Mt5-swing/src/mt5_swing/portfolio/overlays.py:1067: UserWarning: Converting to PeriodArray/Index representation will drop timezone information.
  months = utc_idx.to_period("M")
/workspace/Mt5-swing/src/mt5_swing/portfolio/overlays.py:1067: UserWarning: Converting to PeriodArray/Index representation will drop timezone information.
  months = utc_idx.to_period("M")
/workspace/Mt5-swing/src/mt5_swing/portfolio/overlays.py:1067: UserWarning: Converting to PeriodArray/Index representation will drop timezone information.
  months = utc_idx.to_period("M")
/workspace/Mt5-swing/src/mt5_swing/portfolio/overlays.py:1067: UserWarning: Converting to PeriodArray/Index representation will drop timezone information.
  months = utc_idx.to_period("M")
/workspace/Mt5-swing/src/mt5_swing/portfolio/overlays.py:1067: UserWarning: Converting to PeriodArray/Index representation will drop timezone information.
  months = utc_idx.to_period("M")
/workspace/Mt5-swing/src/mt5_swing/portfolio/overlays.py:1067: UserWarning: Converting to PeriodArray/Index representation will drop timezone information.
  months = utc_idx.to_period("M")
/workspace/Mt5-swing/src/mt5_swing/portfolio/overlays.py:1067: UserWarning: Converting to PeriodArray/Index representation will drop timezone information.
  months = utc_idx.to_period("M")
/workspace/Mt5-swing/src/mt5_swing/portfolio/overlays.py:1067: UserWarning: Converting to PeriodArray/Index representation will drop timezone information.
  months = utc_idx.to_period("M")
/workspace/Mt5-swing/src/mt5_swing/portfolio/overlays.py:1067: UserWarning: Converting to PeriodArray/Index representation will drop timezone information.
  months = utc_idx.to_period("M")
/workspace/Mt5-swing/src/mt5_swing/portfolio/overlays.py:1067: UserWarning: Converting to PeriodArray/Index representation will drop timezone information.
  months = utc_idx.to_period("M")
/workspace/Mt5-swing/src/mt5_swing/portfolio/overlays.py:1067: UserWarning: Converting to PeriodArray/Index representation will drop timezone information.
  months = utc_idx.to_period("M")
/workspace/Mt5-swing/src/mt5_swing/portfolio/overlays.py:1067: UserWarning: Converting to PeriodArray/Index representation will drop timezone information.
  months = utc_idx.to_period("M")
/workspace/Mt5-swing/src/mt5_swing/portfolio/overlays.py:1067: UserWarning: Converting to PeriodArray/Index representation will drop timezone information.
  months = utc_idx.to_period("M")
/workspace/Mt5-swing/src/mt5_swing/portfolio/overlays.py:1067: UserWarning: Converting to PeriodArray/Index representation will drop timezone information.
  months = utc_idx.to_period("M")
/workspace/Mt5-swing/src/mt5_swing/portfolio/overlays.py:1067: UserWarning: Converting to PeriodArray/Index representation will drop timezone information.
  months = utc_idx.to_period("M")
/workspace/Mt5-swing/src/mt5_swing/portfolio/overlays.py:1067: UserWarning: Converting to PeriodArray/Index representation will drop timezone information.
  months = utc_idx.to_period("M")
/workspace/Mt5-swing/src/mt5_swing/portfolio/overlays.py:1067: UserWarning: Converting to PeriodArray/Index representation will drop timezone information.
  months = utc_idx.to_period("M")
/workspace/Mt5-swing/src/mt5_swing/portfolio/overlays.py:1067: UserWarning: Converting to PeriodArray/Index representation will drop timezone information.
  months = utc_idx.to_period("M")
/workspace/Mt5-swing/src/mt5_swing/portfolio/overlays.py:1067: UserWarning: Converting to PeriodArray/Index representation will drop timezone information.
  months = utc_idx.to_period("M")
/workspace/Mt5-swing/src/mt5_swing/portfolio/overlays.py:1067: UserWarning: Converting to PeriodArray/Index representation will drop timezone information.
  months = utc_idx.to_period("M")
/workspace/Mt5-swing/src/mt5_swing/portfolio/overlays.py:1067: UserWarning: Converting to PeriodArray/Index representation will drop timezone information.
  months = utc_idx.to_period("M")
/workspace/Mt5-swing/src/mt5_swing/portfolio/overlays.py:1067: UserWarning: Converting to PeriodArray/Index representation will drop timezone information.
  months = utc_idx.to_period("M")
/workspace/Mt5-swing/src/mt5_swing/portfolio/overlays.py:1067: UserWarning: Converting to PeriodArray/Index representation will drop timezone information.
  months = utc_idx.to_period("M")
/workspace/Mt5-swing/src/mt5_swing/portfolio/overlays.py:1067: UserWarning: Converting to PeriodArray/Index representation will drop timezone information.
  months = utc_idx.to_period("M")
/workspace/Mt5-swing/src/mt5_swing/portfolio/overlays.py:1067: UserWarning: Converting to PeriodArray/Index representation will drop timezone information.
  months = utc_idx.to_period("M")
/workspace/Mt5-swing/src/mt5_swing/portfolio/overlays.py:1067: UserWarning: Converting to PeriodArray/Index representation will drop timezone information.
  months = utc_idx.to_period("M")
/workspace/Mt5-swing/src/mt5_swing/portfolio/overlays.py:1067: UserWarning: Converting to PeriodArray/Index representation will drop timezone information.
  months = utc_idx.to_period("M")
/workspace/Mt5-swing/src/mt5_swing/portfolio/overlays.py:1067: UserWarning: Converting to PeriodArray/Index representation will drop timezone information.
  months = utc_idx.to_period("M")
/workspace/Mt5-swing/src/mt5_swing/portfolio/overlays.py:1067: UserWarning: Converting to PeriodArray/Index representation will drop timezone information.
  months = utc_idx.to_period("M")
/workspace/Mt5-swing/src/mt5_swing/portfolio/overlays.py:1067: UserWarning: Converting to PeriodArray/Index representation will drop timezone information.
  months = utc_idx.to_period("M")
/workspace/Mt5-swing/src/mt5_swing/portfolio/overlays.py:1067: UserWarning: Converting to PeriodArray/Index representation will drop timezone information.
  months = utc_idx.to_period("M")
/workspace/Mt5-swing/src/mt5_swing/portfolio/overlays.py:1067: UserWarning: Converting to PeriodArray/Index representation will drop timezone information.
  months = utc_idx.to_period("M")
/workspace/Mt5-swing/src/mt5_swing/portfolio/overlays.py:1067: UserWarning: Converting to PeriodArray/Index representation will drop timezone information.
  months = utc_idx.to_period("M")
/workspace/Mt5-swing/src/mt5_swing/portfolio/overlays.py:1067: UserWarning: Converting to PeriodArray/Index representation will drop timezone information.
  months = utc_idx.to_period("M")
/workspace/Mt5-swing/src/mt5_swing/portfolio/overlays.py:1067: UserWarning: Converting to PeriodArray/Index representation will drop timezone information.
  months = utc_idx.to_period("M")
/workspace/Mt5-swing/src/mt5_swing/portfolio/overlays.py:1067: UserWarning: Converting to PeriodArray/Index representation will drop timezone information.
  months = utc_idx.to_period("M")
/workspace/Mt5-swing/src/mt5_swing/portfolio/overlays.py:1067: UserWarning: Converting to PeriodArray/Index representation will drop timezone information.
  months = utc_idx.to_period("M")
/workspace/Mt5-swing/src/mt5_swing/portfolio/overlays.py:1067: UserWarning: Converting to PeriodArray/Index representation will drop timezone information.
  months = utc_idx.to_period("M")
/workspace/Mt5-swing/src/mt5_swing/portfolio/overlays.py:1067: UserWarning: Converting to PeriodArray/Index representation will drop timezone information.
  months = utc_idx.to_period("M")
/workspace/Mt5-swing/src/mt5_swing/portfolio/overlays.py:1067: UserWarning: Converting to PeriodArray/Index representation will drop timezone information.
  months = utc_idx.to_period("M")
/workspace/Mt5-swing/src/mt5_swing/portfolio/overlays.py:1067: UserWarning: Converting to PeriodArray/Index representation will drop timezone information.
  months = utc_idx.to_period("M")
/workspace/Mt5-swing/src/mt5_swing/portfolio/overlays.py:1067: UserWarning: Converting to PeriodArray/Index representation will drop timezone information.
  months = utc_idx.to_period("M")
/workspace/Mt5-swing/src/mt5_swing/portfolio/overlays.py:1067: UserWarning: Converting to PeriodArray/Index representation will drop timezone information.
  months = utc_idx.to_period("M")
/workspace/Mt5-swing/src/mt5_swing/portfolio/overlays.py:1067: UserWarning: Converting to PeriodArray/Index representation will drop timezone information.
  months = utc_idx.to_period("M")
/workspace/Mt5-swing/src/mt5_swing/portfolio/overlays.py:1067: UserWarning: Converting to PeriodArray/Index representation will drop timezone information.
  months = utc_idx.to_period("M")
/workspace/Mt5-swing/src/mt5_swing/portfolio/overlays.py:1067: UserWarning: Converting to PeriodArray/Index representation will drop timezone information.
  months = utc_idx.to_period("M")
/workspace/Mt5-swing/src/mt5_swing/portfolio/overlays.py:1067: UserWarning: Converting to PeriodArray/Index representation will drop timezone information.
  months = utc_idx.to_period("M")
/workspace/Mt5-swing/src/mt5_swing/portfolio/overlays.py:1067: UserWarning: Converting to PeriodArray/Index representation will drop timezone information.
  months = utc_idx.to_period("M")
/workspace/Mt5-swing/src/mt5_swing/portfolio/overlays.py:1067: UserWarning: Converting to PeriodArray/Index representation will drop timezone information.
  months = utc_idx.to_period("M")
/workspace/Mt5-swing/src/mt5_swing/portfolio/overlays.py:1067: UserWarning: Converting to PeriodArray/Index representation will drop timezone information.
  months = utc_idx.to_period("M")
/workspace/Mt5-swing/src/mt5_swing/portfolio/overlays.py:1067: UserWarning: Converting to PeriodArray/Index representation will drop timezone information.
  months = utc_idx.to_period("M")
/workspace/Mt5-swing/src/mt5_swing/portfolio/overlays.py:1067: UserWarning: Converting to PeriodArray/Index representation will drop timezone information.
  months = utc_idx.to_period("M")
/workspace/Mt5-swing/src/mt5_swing/portfolio/overlays.py:1067: UserWarning: Converting to PeriodArray/Index representation will drop timezone information.
  months = utc_idx.to_period("M")
surplus_nested: lock+mesurp_sd15_s0.005_c0.35_nested soft=True 2024=0.73% HO=1.38%/75% note=year_clear_fail
/workspace/Mt5-swing/src/mt5_swing/portfolio/overlays.py:1067: UserWarning: Converting to PeriodArray/Index representation will drop timezone information.
  months = utc_idx.to_period("M")
/workspace/Mt5-swing/src/mt5_swing/portfolio/overlays.py:1067: UserWarning: Converting to PeriodArray/Index representation will drop timezone information.
  months = utc_idx.to_period("M")
/workspace/Mt5-swing/src/mt5_swing/portfolio/overlays.py:1067: UserWarning: Converting to PeriodArray/Index representation will drop timezone information.
  months = utc_idx.to_period("M")
/workspace/Mt5-swing/src/mt5_swing/portfolio/overlays.py:1067: UserWarning: Converting to PeriodArray/Index representation will drop timezone information.
  months = utc_idx.to_period("M")
/workspace/Mt5-swing/src/mt5_swing/portfolio/overlays.py:1067: UserWarning: Converting to PeriodArray/Index representation will drop timezone information.
  months = utc_idx.to_period("M")
surplus_nested: lock+mesurp_sd18_s0.005_c0.35_nested soft=True 2024=0.79% HO=1.28%/75% note=year_clear_fail
/workspace/Mt5-swing/src/mt5_swing/portfolio/overlays.py:1067: UserWarning: Converting to PeriodArray/Index representation will drop timezone information.
  months = utc_idx.to_period("M")
/workspace/Mt5-swing/src/mt5_swing/portfolio/overlays.py:1067: UserWarning: Converting to PeriodArray/Index representation will drop timezone information.
  months = utc_idx.to_period("M")
/workspace/Mt5-swing/src/mt5_swing/portfolio/overlays.py:1067: UserWarning: Converting to PeriodArray/Index representation will drop timezone information.
  months = utc_idx.to_period("M")
/workspace/Mt5-swing/src/mt5_swing/portfolio/overlays.py:1067: UserWarning: Converting to PeriodArray/Index representation will drop timezone information.
  months = utc_idx.to_period("M")
/workspace/Mt5-swing/src/mt5_swing/portfolio/overlays.py:1067: UserWarning: Converting to PeriodArray/Index representation will drop timezone information.
  months = utc_idx.to_period("M")
surplus_nested: lock+mesurp_sd15_s0.005_c0.5_nested soft=True 2024=0.66% HO=1.42%/75% note=holdout_fail
/workspace/Mt5-swing/src/mt5_swing/portfolio/overlays.py:297: UserWarning: Converting to PeriodArray/Index representation will drop timezone information.
  months = idx.tz_convert("UTC").to_period("M")
/workspace/Mt5-swing/src/mt5_swing/portfolio/overlays.py:297: UserWarning: Converting to PeriodArray/Index representation will drop timezone information.
  months = idx.tz_convert("UTC").to_period("M")
/workspace/Mt5-swing/src/mt5_swing/portfolio/overlays.py:297: UserWarning: Converting to PeriodArray/Index representation will drop timezone information.
  months = idx.tz_convert("UTC").to_period("M")
/workspace/Mt5-swing/src/mt5_swing/portfolio/overlays.py:297: UserWarning: Converting to PeriodArray/Index representation will drop timezone information.
  months = idx.tz_convert("UTC").to_period("M")
/workspace/Mt5-swing/src/mt5_swing/portfolio/overlays.py:297: UserWarning: Converting to PeriodArray/Index representation will drop timezone information.
  months = idx.tz_convert("UTC").to_period("M")
wrebal+mtd: wrebal_0.328_0.029_0.241_0.178_0.224+mtd_t0.015_a0.5_frozen soft=True 2024=1.18% HO=1.69%/67% note=holdout_fail
/workspace/Mt5-swing/src/mt5_swing/portfolio/overlays.py:297: UserWarning: Converting to PeriodArray/Index representation will drop timezone information.
  months = idx.tz_convert("UTC").to_period("M")
/workspace/Mt5-swing/src/mt5_swing/portfolio/overlays.py:297: UserWarning: Converting to PeriodArray/Index representation will drop timezone information.
  months = idx.tz_convert("UTC").to_period("M")
/workspace/Mt5-swing/src/mt5_swing/portfolio/overlays.py:297: UserWarning: Converting to PeriodArray/Index representation will drop timezone information.
  months = idx.tz_convert("UTC").to_period("M")
/workspace/Mt5-swing/src/mt5_swing/portfolio/overlays.py:297: UserWarning: Converting to PeriodArray/Index representation will drop timezone information.
  months = idx.tz_convert("UTC").to_period("M")
/workspace/Mt5-swing/src/mt5_swing/portfolio/overlays.py:297: UserWarning: Converting to PeriodArray/Index representation will drop timezone information.
  months = idx.tz_convert("UTC").to_period("M")
wrebal+mtd: wrebal_0.328_0.029_0.241_0.178_0.224+mtd_t0.015_a0.65_frozen soft=True 2024=1.03% HO=1.70%/67% note=holdout_fail
/workspace/Mt5-swing/src/mt5_swing/portfolio/overlays.py:1067: UserWarning: Converting to PeriodArray/Index representation will drop timezone information.
  months = utc_idx.to_period("M")
/workspace/Mt5-swing/src/mt5_swing/portfolio/overlays.py:1067: UserWarning: Converting to PeriodArray/Index representation will drop timezone information.
  months = utc_idx.to_period("M")
/workspace/Mt5-swing/src/mt5_swing/portfolio/overlays.py:1067: UserWarning: Converting to PeriodArray/Index representation will drop timezone information.
  months = utc_idx.to_period("M")
/workspace/Mt5-swing/src/mt5_swing/portfolio/overlays.py:1067: UserWarning: Converting to PeriodArray/Index representation will drop timezone information.
  months = utc_idx.to_period("M")
/workspace/Mt5-swing/src/mt5_swing/portfolio/overlays.py:1067: UserWarning: Converting to PeriodArray/Index representation will drop timezone information.
  months = utc_idx.to_period("M")
/workspace/Mt5-swing/src/mt5_swing/portfolio/overlays.py:1067: UserWarning: Converting to PeriodArray/Index representation will drop timezone information.
  months = utc_idx.to_period("M")
/workspace/Mt5-swing/src/mt5_swing/portfolio/overlays.py:1067: UserWarning: Converting to PeriodArray/Index representation will drop timezone information.
  months = utc_idx.to_period("M")
/workspace/Mt5-swing/src/mt5_swing/portfolio/overlays.py:1067: UserWarning: Converting to PeriodArray/Index representation will drop timezone information.
  months = utc_idx.to_period("M")
/workspace/Mt5-swing/src/mt5_swing/portfolio/overlays.py:1067: UserWarning: Converting to PeriodArray/Index representation will drop timezone information.
  months = utc_idx.to_period("M")
/workspace/Mt5-swing/src/mt5_swing/portfolio/overlays.py:1067: UserWarning: Converting to PeriodArray/Index representation will drop timezone information.
  months = utc_idx.to_period("M")
/workspace/Mt5-swing/src/mt5_swing/portfolio/overlays.py:1067: UserWarning: Converting to PeriodArray/Index representation will drop timezone information.
  months = utc_idx.to_period("M")
/workspace/Mt5-swing/src/mt5_swing/portfolio/overlays.py:1067: UserWarning: Converting to PeriodArray/Index representation will drop timezone information.
  months = utc_idx.to_period("M")
/workspace/Mt5-swing/src/mt5_swing/portfolio/overlays.py:1067: UserWarning: Converting to PeriodArray/Index representation will drop timezone information.
  months = utc_idx.to_period("M")
/workspace/Mt5-swing/src/mt5_swing/portfolio/overlays.py:1067: UserWarning: Converting to PeriodArray/Index representation will drop timezone information.
  months = utc_idx.to_period("M")
/workspace/Mt5-swing/src/mt5_swing/portfolio/overlays.py:1067: UserWarning: Converting to PeriodArray/Index representation will drop timezone information.
  months = utc_idx.to_period("M")
/workspace/Mt5-swing/src/mt5_swing/portfolio/overlays.py:1067: UserWarning: Converting to PeriodArray/Index representation will drop timezone information.
  months = utc_idx.to_period("M")
/workspace/Mt5-swing/src/mt5_swing/portfolio/overlays.py:1067: UserWarning: Converting to PeriodArray/Index representation will drop timezone information.
  months = utc_idx.to_period("M")
/workspace/Mt5-swing/src/mt5_swing/portfolio/overlays.py:1067: UserWarning: Converting to PeriodArray/Index representation will drop timezone information.
  months = utc_idx.to_period("M")
/workspace/Mt5-swing/src/mt5_swing/portfolio/overlays.py:1067: UserWarning: Converting to PeriodArray/Index representation will drop timezone information.
  months = utc_idx.to_period("M")
/workspace/Mt5-swing/src/mt5_swing/portfolio/overlays.py:1067: UserWarning: Converting to PeriodArray/Index representation will drop timezone information.
  months = utc_idx.to_period("M")
/workspace/Mt5-swing/src/mt5_swing/portfolio/overlays.py:1067: UserWarning: Converting to PeriodArray/Index representation will drop timezone information.
  months = utc_idx.to_period("M")
/workspace/Mt5-swing/src/mt5_swing/portfolio/overlays.py:1067: UserWarning: Converting to PeriodArray/Index representation will drop timezone information.
  months = utc_idx.to_period("M")
/workspace/Mt5-swing/src/mt5_swing/portfolio/overlays.py:1067: UserWarning: Converting to PeriodArray/Index representation will drop timezone information.
  months = utc_idx.to_period("M")
/workspace/Mt5-swing/src/mt5_swing/portfolio/overlays.py:1067: UserWarning: Converting to PeriodArray/Index representation will drop timezone information.
  months = utc_idx.to_period("M")
/workspace/Mt5-swing/src/mt5_swing/portfolio/overlays.py:1067: UserWarning: Converting to PeriodArray/Index representation will drop timezone information.
  months = utc_idx.to_period("M")
/workspace/Mt5-swing/src/mt5_swing/portfolio/overlays.py:1067: UserWarning: Converting to PeriodArray/Index representation will drop timezone information.
  months = utc_idx.to_period("M")
/workspace/Mt5-swing/src/mt5_swing/portfolio/overlays.py:1067: UserWarning: Converting to PeriodArray/Index representation will drop timezone information.
  months = utc_idx.to_period("M")
/workspace/Mt5-swing/src/mt5_swing/portfolio/overlays.py:1067: UserWarning: Converting to PeriodArray/Index representation will drop timezone information.
  months = utc_idx.to_period("M")
/workspace/Mt5-swing/src/mt5_swing/portfolio/overlays.py:1067: UserWarning: Converting to PeriodArray/Index representation will drop timezone information.
  months = utc_idx.to_period("M")
/workspace/Mt5-swing/src/mt5_swing/portfolio/overlays.py:1067: UserWarning: Converting to PeriodArray/Index representation will drop timezone information.
  months = utc_idx.to_period("M")
/workspace/Mt5-swing/src/mt5_swing/portfolio/overlays.py:1067: UserWarning: Converting to PeriodArray/Index representation will drop timezone information.
  months = utc_idx.to_period("M")
/workspace/Mt5-swing/src/mt5_swing/portfolio/overlays.py:1067: UserWarning: Converting to PeriodArray/Index representation will drop timezone information.
  months = utc_idx.to_period("M")
/workspace/Mt5-swing/src/mt5_swing/portfolio/overlays.py:1067: UserWarning: Converting to PeriodArray/Index representation will drop timezone information.
  months = utc_idx.to_period("M")
/workspace/Mt5-swing/src/mt5_swing/portfolio/overlays.py:1067: UserWarning: Converting to PeriodArray/Index representation will drop timezone information.
  months = utc_idx.to_period("M")
/workspace/Mt5-swing/src/mt5_swing/portfolio/overlays.py:1067: UserWarning: Converting to PeriodArray/Index representation will drop timezone information.
  months = utc_idx.to_period("M")
/workspace/Mt5-swing/src/mt5_swing/portfolio/overlays.py:1067: UserWarning: Converting to PeriodArray/Index representation will drop timezone information.
  months = utc_idx.to_period("M")
/workspace/Mt5-swing/src/mt5_swing/portfolio/overlays.py:1067: UserWarning: Converting to PeriodArray/Index representation will drop timezone information.
  months = utc_idx.to_period("M")
/workspace/Mt5-swing/src/mt5_swing/portfolio/overlays.py:1067: UserWarning: Converting to PeriodArray/Index representation will drop timezone information.
  months = utc_idx.to_period("M")
/workspace/Mt5-swing/src/mt5_swing/portfolio/overlays.py:1067: UserWarning: Converting to PeriodArray/Index representation will drop timezone information.
  months = utc_idx.to_period("M")
/workspace/Mt5-swing/src/mt5_swing/portfolio/overlays.py:1067: UserWarning: Converting to PeriodArray/Index representation will drop timezone information.
  months = utc_idx.to_period("M")
/workspace/Mt5-swing/src/mt5_swing/portfolio/overlays.py:1067: UserWarning: Converting to PeriodArray/Index representation will drop timezone information.
  months = utc_idx.to_period("M")
/workspace/Mt5-swing/src/mt5_swing/portfolio/overlays.py:1067: UserWarning: Converting to PeriodArray/Index representation will drop timezone information.
  months = utc_idx.to_period("M")
/workspace/Mt5-swing/src/mt5_swing/portfolio/overlays.py:1067: UserWarning: Converting to PeriodArray/Index representation will drop timezone information.
  months = utc_idx.to_period("M")
/workspace/Mt5-swing/src/mt5_swing/portfolio/overlays.py:1067: UserWarning: Converting to PeriodArray/Index representation will drop timezone information.
  months = utc_idx.to_period("M")
/workspace/Mt5-swing/src/mt5_swing/portfolio/overlays.py:1067: UserWarning: Converting to PeriodArray/Index representation will drop timezone information.
  months = utc_idx.to_period("M")
/workspace/Mt5-swing/src/mt5_swing/portfolio/overlays.py:1067: UserWarning: Converting to PeriodArray/Index representation will drop timezone information.
  months = utc_idx.to_period("M")
/workspace/Mt5-swing/src/mt5_swing/portfolio/overlays.py:1067: UserWarning: Converting to PeriodArray/Index representation will drop timezone information.
  months = utc_idx.to_period("M")
/workspace/Mt5-swing/src/mt5_swing/portfolio/overlays.py:1067: UserWarning: Converting to PeriodArray/Index representation will drop timezone information.
  months = utc_idx.to_period("M")
/workspace/Mt5-swing/src/mt5_swing/portfolio/overlays.py:1067: UserWarning: Converting to PeriodArray/Index representation will drop timezone information.
  months = utc_idx.to_period("M")
/workspace/Mt5-swing/src/mt5_swing/portfolio/overlays.py:1067: UserWarning: Converting to PeriodArray/Index representation will drop timezone information.
  months = utc_idx.to_period("M")
/workspace/Mt5-swing/src/mt5_swing/portfolio/overlays.py:1067: UserWarning: Converting to PeriodArray/Index representation will drop timezone information.
  months = utc_idx.to_period("M")
/workspace/Mt5-swing/src/mt5_swing/portfolio/overlays.py:1067: UserWarning: Converting to PeriodArray/Index representation will drop timezone information.
  months = utc_idx.to_period("M")
/workspace/Mt5-swing/src/mt5_swing/portfolio/overlays.py:1067: UserWarning: Converting to PeriodArray/Index representation will drop timezone information.
  months = utc_idx.to_period("M")
wrebal+surplus: wrebal_0.328_0.029_0.241_0.178_0.224+mesurp_sd18_s0.005_c0.5_frozen soft=True note=holdout_fail
/workspace/Mt5-swing/src/mt5_swing/portfolio/overlays.py:1067: UserWarning: Converting to PeriodArray/Index representation will drop timezone information.
  months = utc_idx.to_period("M")
/workspace/Mt5-swing/src/mt5_swing/portfolio/overlays.py:1067: UserWarning: Converting to PeriodArray/Index representation will drop timezone information.
  months = utc_idx.to_period("M")
/workspace/Mt5-swing/src/mt5_swing/portfolio/overlays.py:1067: UserWarning: Converting to PeriodArray/Index representation will drop timezone information.
  months = utc_idx.to_period("M")
/workspace/Mt5-swing/src/mt5_swing/portfolio/overlays.py:1067: UserWarning: Converting to PeriodArray/Index representation will drop timezone information.
  months = utc_idx.to_period("M")
/workspace/Mt5-swing/src/mt5_swing/portfolio/overlays.py:1067: UserWarning: Converting to PeriodArray/Index representation will drop timezone information.
  months = utc_idx.to_period("M")
wrebal+surplus: wrebal_0.328_0.029_0.241_0.178_0.224+mesurp_sd18_s0.005_c0.35_frozen soft=True note=holdout_fail
/workspace/Mt5-swing/src/mt5_swing/portfolio/overlays.py:1067: UserWarning: Converting to PeriodArray/Index representation will drop timezone information.
  months = utc_idx.to_period("M")
/workspace/Mt5-swing/src/mt5_swing/portfolio/overlays.py:1067: UserWarning: Converting to PeriodArray/Index representation will drop timezone information.
  months = utc_idx.to_period("M")
/workspace/Mt5-swing/src/mt5_swing/portfolio/overlays.py:1067: UserWarning: Converting to PeriodArray/Index representation will drop timezone information.
  months = utc_idx.to_period("M")
/workspace/Mt5-swing/src/mt5_swing/portfolio/overlays.py:1067: UserWarning: Converting to PeriodArray/Index representation will drop timezone information.
  months = utc_idx.to_period("M")
/workspace/Mt5-swing/src/mt5_swing/portfolio/overlays.py:1067: UserWarning: Converting to PeriodArray/Index representation will drop timezone information.
  months = utc_idx.to_period("M")
/workspace/Mt5-swing/src/mt5_swing/portfolio/overlays.py:1067: UserWarning: Converting to PeriodArray/Index representation will drop timezone information.
  months = utc_idx.to_period("M")
/workspace/Mt5-swing/src/mt5_swing/portfolio/overlays.py:1067: UserWarning: Converting to PeriodArray/Index representation will drop timezone information.
  months = utc_idx.to_period("M")
/workspace/Mt5-swing/src/mt5_swing/portfolio/overlays.py:1067: UserWarning: Converting to PeriodArray/Index representation will drop timezone information.
  months = utc_idx.to_period("M")
/workspace/Mt5-swing/src/mt5_swing/portfolio/overlays.py:1067: UserWarning: Converting to PeriodArray/Index representation will drop timezone information.
  months = utc_idx.to_period("M")
/workspace/Mt5-swing/src/mt5_swing/portfolio/overlays.py:1067: UserWarning: Converting to PeriodArray/Index representation will drop timezone information.
  months = utc_idx.to_period("M")
/workspace/Mt5-swing/src/mt5_swing/portfolio/overlays.py:1067: UserWarning: Converting to PeriodArray/Index representation will drop timezone information.
  months = utc_idx.to_period("M")
/workspace/Mt5-swing/src/mt5_swing/portfolio/overlays.py:1067: UserWarning: Converting to PeriodArray/Index representation will drop timezone information.
  months = utc_idx.to_period("M")
/workspace/Mt5-swing/src/mt5_swing/portfolio/overlays.py:1067: UserWarning: Converting to PeriodArray/Index representation will drop timezone information.
  months = utc_idx.to_period("M")
/workspace/Mt5-swing/src/mt5_swing/portfolio/overlays.py:1067: UserWarning: Converting to PeriodArray/Index representation will drop timezone information.
  months = utc_idx.to_period("M")
/workspace/Mt5-swing/src/mt5_swing/portfolio/overlays.py:1067: UserWarning: Converting to PeriodArray/Index representation will drop timezone information.
  months = utc_idx.to_period("M")
/workspace/Mt5-swing/src/mt5_swing/portfolio/overlays.py:1067: UserWarning: Converting to PeriodArray/Index representation will drop timezone information.
  months = utc_idx.to_period("M")
/workspace/Mt5-swing/src/mt5_swing/portfolio/overlays.py:1067: UserWarning: Converting to PeriodArray/Index representation will drop timezone information.
  months = utc_idx.to_period("M")
/workspace/Mt5-swing/src/mt5_swing/portfolio/overlays.py:1067: UserWarning: Converting to PeriodArray/Index representation will drop timezone information.
  months = utc_idx.to_period("M")
/workspace/Mt5-swing/src/mt5_swing/portfolio/overlays.py:1067: UserWarning: Converting to PeriodArray/Index representation will drop timezone information.
  months = utc_idx.to_period("M")
/workspace/Mt5-swing/src/mt5_swing/portfolio/overlays.py:1067: UserWarning: Converting to PeriodArray/Index representation will drop timezone information.
  months = utc_idx.to_period("M")
/workspace/Mt5-swing/src/mt5_swing/portfolio/overlays.py:1067: UserWarning: Converting to PeriodArray/Index representation will drop timezone information.
  months = utc_idx.to_period("M")
/workspace/Mt5-swing/src/mt5_swing/portfolio/overlays.py:1067: UserWarning: Converting to PeriodArray/Index representation will drop timezone information.
  months = utc_idx.to_period("M")
/workspace/Mt5-swing/src/mt5_swing/portfolio/overlays.py:1067: UserWarning: Converting to PeriodArray/Index representation will drop timezone information.
  months = utc_idx.to_period("M")
/workspace/Mt5-swing/src/mt5_swing/portfolio/overlays.py:1067: UserWarning: Converting to PeriodArray/Index representation will drop timezone information.
  months = utc_idx.to_period("M")
/workspace/Mt5-swing/src/mt5_swing/portfolio/overlays.py:1067: UserWarning: Converting to PeriodArray/Index representation will drop timezone information.
  months = utc_idx.to_period("M")
/workspace/Mt5-swing/src/mt5_swing/portfolio/overlays.py:1067: UserWarning: Converting to PeriodArray/Index representation will drop timezone information.
  months = utc_idx.to_period("M")
/workspace/Mt5-swing/src/mt5_swing/portfolio/overlays.py:1067: UserWarning: Converting to PeriodArray/Index representation will drop timezone information.
  months = utc_idx.to_period("M")
/workspace/Mt5-swing/src/mt5_swing/portfolio/overlays.py:1067: UserWarning: Converting to PeriodArray/Index representation will drop timezone information.
  months = utc_idx.to_period("M")
/workspace/Mt5-swing/src/mt5_swing/portfolio/overlays.py:1067: UserWarning: Converting to PeriodArray/Index representation will drop timezone information.
  months = utc_idx.to_period("M")
/workspace/Mt5-swing/src/mt5_swing/portfolio/overlays.py:1067: UserWarning: Converting to PeriodArray/Index representation will drop timezone information.
  months = utc_idx.to_period("M")
/workspace/Mt5-swing/src/mt5_swing/portfolio/overlays.py:1067: UserWarning: Converting to PeriodArray/Index representation will drop timezone information.
  months = utc_idx.to_period("M")
/workspace/Mt5-swing/src/mt5_swing/portfolio/overlays.py:1067: UserWarning: Converting to PeriodArray/Index representation will drop timezone information.
  months = utc_idx.to_period("M")
/workspace/Mt5-swing/src/mt5_swing/portfolio/overlays.py:1067: UserWarning: Converting to PeriodArray/Index representation will drop timezone information.
  months = utc_idx.to_period("M")
/workspace/Mt5-swing/src/mt5_swing/portfolio/overlays.py:1067: UserWarning: Converting to PeriodArray/Index representation will drop timezone information.
  months = utc_idx.to_period("M")
/workspace/Mt5-swing/src/mt5_swing/portfolio/overlays.py:1067: UserWarning: Converting to PeriodArray/Index representation will drop timezone information.
  months = utc_idx.to_period("M")
/workspace/Mt5-swing/src/mt5_swing/portfolio/overlays.py:1067: UserWarning: Converting to PeriodArray/Index representation will drop timezone information.
  months = utc_idx.to_period("M")
/workspace/Mt5-swing/src/mt5_swing/portfolio/overlays.py:1067: UserWarning: Converting to PeriodArray/Index representation will drop timezone information.
  months = utc_idx.to_period("M")
/workspace/Mt5-swing/src/mt5_swing/portfolio/overlays.py:1067: UserWarning: Converting to PeriodArray/Index representation will drop timezone information.
  months = utc_idx.to_period("M")
/workspace/Mt5-swing/src/mt5_swing/portfolio/overlays.py:1067: UserWarning: Converting to PeriodArray/Index representation will drop timezone information.
  months = utc_idx.to_period("M")
/workspace/Mt5-swing/src/mt5_swing/portfolio/overlays.py:1067: UserWarning: Converting to PeriodArray/Index representation will drop timezone information.
  months = utc_idx.to_period("M")
/workspace/Mt5-swing/src/mt5_swing/portfolio/overlays.py:1067: UserWarning: Converting to PeriodArray/Index representation will drop timezone information.
  months = utc_idx.to_period("M")
/workspace/Mt5-swing/src/mt5_swing/portfolio/overlays.py:1067: UserWarning: Converting to PeriodArray/Index representation will drop timezone information.
  months = utc_idx.to_period("M")
/workspace/Mt5-swing/src/mt5_swing/portfolio/overlays.py:1067: UserWarning: Converting to PeriodArray/Index representation will drop timezone information.
  months = utc_idx.to_period("M")
/workspace/Mt5-swing/src/mt5_swing/portfolio/overlays.py:1067: UserWarning: Converting to PeriodArray/Index representation will drop timezone information.
  months = utc_idx.to_period("M")
/workspace/Mt5-swing/src/mt5_swing/portfolio/overlays.py:1067: UserWarning: Converting to PeriodArray/Index representation will drop timezone information.
  months = utc_idx.to_period("M")
/workspace/Mt5-swing/src/mt5_swing/portfolio/overlays.py:1067: UserWarning: Converting to PeriodArray/Index representation will drop timezone information.
  months = utc_idx.to_period("M")
/workspace/Mt5-swing/src/mt5_swing/portfolio/overlays.py:1067: UserWarning: Converting to PeriodArray/Index representation will drop timezone information.
  months = utc_idx.to_period("M")
/workspace/Mt5-swing/src/mt5_swing/portfolio/overlays.py:1067: UserWarning: Converting to PeriodArray/Index representation will drop timezone information.
  months = utc_idx.to_period("M")
/workspace/Mt5-swing/src/mt5_swing/portfolio/overlays.py:1067: UserWarning: Converting to PeriodArray/Index representation will drop timezone information.
  months = utc_idx.to_period("M")
/workspace/Mt5-swing/src/mt5_swing/portfolio/overlays.py:1067: UserWarning: Converting to PeriodArray/Index representation will drop timezone information.
  months = utc_idx.to_period("M")
/workspace/Mt5-swing/src/mt5_swing/portfolio/overlays.py:1067: UserWarning: Converting to PeriodArray/Index representation will drop timezone information.
  months = utc_idx.to_period("M")
/workspace/Mt5-swing/src/mt5_swing/portfolio/overlays.py:1067: UserWarning: Converting to PeriodArray/Index representation will drop timezone information.
  months = utc_idx.to_period("M")
/workspace/Mt5-swing/src/mt5_swing/portfolio/overlays.py:1067: UserWarning: Converting to PeriodArray/Index representation will drop timezone information.
  months = utc_idx.to_period("M")
wrebal+mtd+surplus: wrebal_0.328_0.029_0.241_0.178_0.224+mtd_t0.015_a0.5_frozen+mesurp_sd18_s0.005_c0.65 soft=True note=holdout_fail HO_pos=67% top3=67%
/workspace/Mt5-swing/src/mt5_swing/portfolio/overlays.py:1067: UserWarning: Converting to PeriodArray/Index representation will drop timezone information.
  months = utc_idx.to_period("M")
/workspace/Mt5-swing/src/mt5_swing/portfolio/overlays.py:1067: UserWarning: Converting to PeriodArray/Index representation will drop timezone information.
  months = utc_idx.to_period("M")
/workspace/Mt5-swing/src/mt5_swing/portfolio/overlays.py:1067: UserWarning: Converting to PeriodArray/Index representation will drop timezone information.
  months = utc_idx.to_period("M")
/workspace/Mt5-swing/src/mt5_swing/portfolio/overlays.py:1067: UserWarning: Converting to PeriodArray/Index representation will drop timezone information.
  months = utc_idx.to_period("M")
/workspace/Mt5-swing/src/mt5_swing/portfolio/overlays.py:1067: UserWarning: Converting to PeriodArray/Index representation will drop timezone information.
  months = utc_idx.to_period("M")
/workspace/Mt5-swing/src/mt5_swing/portfolio/overlays.py:1067: UserWarning: Converting to PeriodArray/Index representation will drop timezone information.
  months = utc_idx.to_period("M")
/workspace/Mt5-swing/src/mt5_swing/portfolio/overlays.py:1067: UserWarning: Converting to PeriodArray/Index representation will drop timezone information.
  months = utc_idx.to_period("M")
/workspace/Mt5-swing/src/mt5_swing/portfolio/overlays.py:1067: UserWarning: Converting to PeriodArray/Index representation will drop timezone information.
  months = utc_idx.to_period("M")
/workspace/Mt5-swing/src/mt5_swing/portfolio/overlays.py:1067: UserWarning: Converting to PeriodArray/Index representation will drop timezone information.
  months = utc_idx.to_period("M")
/workspace/Mt5-swing/src/mt5_swing/portfolio/overlays.py:1067: UserWarning: Converting to PeriodArray/Index representation will drop timezone information.
  months = utc_idx.to_period("M")
/workspace/Mt5-swing/src/mt5_swing/portfolio/overlays.py:1067: UserWarning: Converting to PeriodArray/Index representation will drop timezone information.
  months = utc_idx.to_period("M")
/workspace/Mt5-swing/src/mt5_swing/portfolio/overlays.py:1067: UserWarning: Converting to PeriodArray/Index representation will drop timezone information.
  months = utc_idx.to_period("M")
/workspace/Mt5-swing/src/mt5_swing/portfolio/overlays.py:1067: UserWarning: Converting to PeriodArray/Index representation will drop timezone information.
  months = utc_idx.to_period("M")
/workspace/Mt5-swing/src/mt5_swing/portfolio/overlays.py:1067: UserWarning: Converting to PeriodArray/Index representation will drop timezone information.
  months = utc_idx.to_period("M")
/workspace/Mt5-swing/src/mt5_swing/portfolio/overlays.py:1067: UserWarning: Converting to PeriodArray/Index representation will drop timezone information.
  months = utc_idx.to_period("M")
/workspace/Mt5-swing/src/mt5_swing/portfolio/overlays.py:1067: UserWarning: Converting to PeriodArray/Index representation will drop timezone information.
  months = utc_idx.to_period("M")
/workspace/Mt5-swing/src/mt5_swing/portfolio/overlays.py:1067: UserWarning: Converting to PeriodArray/Index representation will drop timezone information.
  months = utc_idx.to_period("M")
/workspace/Mt5-swing/src/mt5_swing/portfolio/overlays.py:1067: UserWarning: Converting to PeriodArray/Index representation will drop timezone information.
  months = utc_idx.to_period("M")
/workspace/Mt5-swing/src/mt5_swing/portfolio/overlays.py:1067: UserWarning: Converting to PeriodArray/Index representation will drop timezone information.
  months = utc_idx.to_period("M")
/workspace/Mt5-swing/src/mt5_swing/portfolio/overlays.py:1067: UserWarning: Converting to PeriodArray/Index representation will drop timezone information.
  months = utc_idx.to_period("M")
/workspace/Mt5-swing/src/mt5_swing/portfolio/overlays.py:1067: UserWarning: Converting to PeriodArray/Index representation will drop timezone information.
  months = utc_idx.to_period("M")
/workspace/Mt5-swing/src/mt5_swing/portfolio/overlays.py:1067: UserWarning: Converting to PeriodArray/Index representation will drop timezone information.
  months = utc_idx.to_period("M")
/workspace/Mt5-swing/src/mt5_swing/portfolio/overlays.py:1067: UserWarning: Converting to PeriodArray/Index representation will drop timezone information.
  months = utc_idx.to_period("M")
/workspace/Mt5-swing/src/mt5_swing/portfolio/overlays.py:1067: UserWarning: Converting to PeriodArray/Index representation will drop timezone information.
  months = utc_idx.to_period("M")
/workspace/Mt5-swing/src/mt5_swing/portfolio/overlays.py:1067: UserWarning: Converting to PeriodArray/Index representation will drop timezone information.
  months = utc_idx.to_period("M")
/workspace/Mt5-swing/src/mt5_swing/portfolio/overlays.py:1067: UserWarning: Converting to PeriodArray/Index representation will drop timezone information.
  months = utc_idx.to_period("M")
/workspace/Mt5-swing/src/mt5_swing/portfolio/overlays.py:1067: UserWarning: Converting to PeriodArray/Index representation will drop timezone information.
  months = utc_idx.to_period("M")
/workspace/Mt5-swing/src/mt5_swing/portfolio/overlays.py:1067: UserWarning: Converting to PeriodArray/Index representation will drop timezone information.
  months = utc_idx.to_period("M")
/workspace/Mt5-swing/src/mt5_swing/portfolio/overlays.py:1067: UserWarning: Converting to PeriodArray/Index representation will drop timezone information.
  months = utc_idx.to_period("M")
/workspace/Mt5-swing/src/mt5_swing/portfolio/overlays.py:1067: UserWarning: Converting to PeriodArray/Index representation will drop timezone information.
  months = utc_idx.to_period("M")
/workspace/Mt5-swing/src/mt5_swing/portfolio/overlays.py:1067: UserWarning: Converting to PeriodArray/Index representation will drop timezone information.
  months = utc_idx.to_period("M")
/workspace/Mt5-swing/src/mt5_swing/portfolio/overlays.py:1067: UserWarning: Converting to PeriodArray/Index representation will drop timezone information.
  months = utc_idx.to_period("M")
/workspace/Mt5-swing/src/mt5_swing/portfolio/overlays.py:1067: UserWarning: Converting to PeriodArray/Index representation will drop timezone information.
  months = utc_idx.to_period("M")
/workspace/Mt5-swing/src/mt5_swing/portfolio/overlays.py:1067: UserWarning: Converting to PeriodArray/Index representation will drop timezone information.
  months = utc_idx.to_period("M")
/workspace/Mt5-swing/src/mt5_swing/portfolio/overlays.py:1067: UserWarning: Converting to PeriodArray/Index representation will drop timezone information.
  months = utc_idx.to_period("M")
/workspace/Mt5-swing/src/mt5_swing/portfolio/overlays.py:1067: UserWarning: Converting to PeriodArray/Index representation will drop timezone information.
  months = utc_idx.to_period("M")
/workspace/Mt5-swing/src/mt5_swing/portfolio/overlays.py:1067: UserWarning: Converting to PeriodArray/Index representation will drop timezone information.
  months = utc_idx.to_period("M")
/workspace/Mt5-swing/src/mt5_swing/portfolio/overlays.py:1067: UserWarning: Converting to PeriodArray/Index representation will drop timezone information.
  months = utc_idx.to_period("M")
/workspace/Mt5-swing/src/mt5_swing/portfolio/overlays.py:1067: UserWarning: Converting to PeriodArray/Index representation will drop timezone information.
  months = utc_idx.to_period("M")
/workspace/Mt5-swing/src/mt5_swing/portfolio/overlays.py:1067: UserWarning: Converting to PeriodArray/Index representation will drop timezone information.
  months = utc_idx.to_period("M")
/workspace/Mt5-swing/src/mt5_swing/portfolio/overlays.py:1067: UserWarning: Converting to PeriodArray/Index representation will drop timezone information.
  months = utc_idx.to_period("M")
/workspace/Mt5-swing/src/mt5_swing/portfolio/overlays.py:1067: UserWarning: Converting to PeriodArray/Index representation will drop timezone information.
  months = utc_idx.to_period("M")
/workspace/Mt5-swing/src/mt5_swing/portfolio/overlays.py:1067: UserWarning: Converting to PeriodArray/Index representation will drop timezone information.
  months = utc_idx.to_period("M")
/workspace/Mt5-swing/src/mt5_swing/portfolio/overlays.py:1067: UserWarning: Converting to PeriodArray/Index representation will drop timezone information.
  months = utc_idx.to_period("M")
/workspace/Mt5-swing/src/mt5_swing/portfolio/overlays.py:1067: UserWarning: Converting to PeriodArray/Index representation will drop timezone information.
  months = utc_idx.to_period("M")
/workspace/Mt5-swing/src/mt5_swing/portfolio/overlays.py:1067: UserWarning: Converting to PeriodArray/Index representation will drop timezone information.
  months = utc_idx.to_period("M")
/workspace/Mt5-swing/src/mt5_swing/portfolio/overlays.py:1067: UserWarning: Converting to PeriodArray/Index representation will drop timezone information.
  months = utc_idx.to_period("M")
/workspace/Mt5-swing/src/mt5_swing/portfolio/overlays.py:1067: UserWarning: Converting to PeriodArray/Index representation will drop timezone information.
  months = utc_idx.to_period("M")
/workspace/Mt5-swing/src/mt5_swing/portfolio/overlays.py:1067: UserWarning: Converting to PeriodArray/Index representation will drop timezone information.
  months = utc_idx.to_period("M")
/workspace/Mt5-swing/src/mt5_swing/portfolio/overlays.py:1067: UserWarning: Converting to PeriodArray/Index representation will drop timezone information.
  months = utc_idx.to_period("M")
/workspace/Mt5-swing/src/mt5_swing/portfolio/overlays.py:1067: UserWarning: Converting to PeriodArray/Index representation will drop timezone information.
  months = utc_idx.to_period("M")
/workspace/Mt5-swing/src/mt5_swing/portfolio/overlays.py:1067: UserWarning: Converting to PeriodArray/Index representation will drop timezone information.
  months = utc_idx.to_period("M")
/workspace/Mt5-swing/src/mt5_swing/portfolio/overlays.py:1067: UserWarning: Converting to PeriodArray/Index representation will drop timezone information.
  months = utc_idx.to_period("M")
wrebal+mtd+surplus: wrebal_0.328_0.029_0.241_0.178_0.224+mtd_t0.015_a0.65_frozen+mesurp_sd18_s0.008_c0.5 soft=True note=holdout_fail HO_pos=67% top3=65%
blend a=0.40 vs wrebal_0.328_0.029_0.241_0.178_0.224+mesurp_sd18_s0.005_c0.5_frozen: soft=True 2024=0.69% HO=1.51%/67% note=holdout_fail
blend a=0.55 vs wrebal_0.328_0.029_0.241_0.178_0.224+mesurp_sd18_s0.005_c0.5_frozen: soft=True 2024=0.79% HO=1.51%/67% note=holdout_fail
blend a=0.40 vs wrebal_0.328_0.029_0.241_0.178_0.224+mesurp_sd18_s0.005_c0.35_frozen: soft=True 2024=0.74% HO=1.49%/67% note=holdout_fail
blend a=0.55 vs wrebal_0.328_0.029_0.241_0.178_0.224+mesurp_sd18_s0.005_c0.35_frozen: soft=True 2024=0.86% HO=1.48%/67% note=holdout_fail
blend a=0.40 vs wrebal_0.328_0.029_0.241_0.178_0.224+mtd_t0.015_a0.5_frozen+mesurp_sd18_s0.005_c0.65: soft=True 2024=0.74% HO=1.56%/67% note=holdout_fail
blend a=0.55 vs wrebal_0.328_0.029_0.241_0.178_0.224+mtd_t0.015_a0.5_frozen+mesurp_sd18_s0.005_c0.65: soft=True 2024=0.87% HO=1.57%/67% note=holdout_fail
BOARD n=29 soft=6 hard=0 promote=0
Wrote /workspace/Mt5-swing/reports/quest_month_end_surplus_board.csv
Wrote /workspace/Mt5-swing/reports/quest_month_end_surplus_consistency.md
Wrote /workspace/Mt5-swing/configs/quest_month_end_surplus_selected.json
