data_source=approximate_non_ftmo RF=0.08 VT=0.0025 tag_locked=fx4plus_gbpcad_d1_voltarget_0025
end=2026-09-16 00:00:00+00:00 holdout_start=2025-09-16 00:00:00+00:00 IS=['2024', '2025_IS'] CONF=['2025', '2026', 'holdout_365d']
  legs ready 2024: [1596, 1596, 1597, 1602, 262]
  legs ready 2025_IS: [1125, 1125, 1125, 1129, 182]
  legs ready 2025: [1591, 1590, 1591, 1596, 257]
  legs ready 2026: [1121, 1121, 1120, 1122, 184]
  legs ready holdout_365d: [1587, 1586, 1586, 1589, 259]
baseline 2024 mo=0.42% pos=55% top3=74%
upside_ratio_cool: lock+urc_lb21_t1.25_c0.35 soft=False 2024=0.98% HO=1.50%/83% top3HO=75% note=is_fail
upside_ratio_cool: lock+urc_lb21_t1.25_c0.5 soft=False 2024=0.85% HO=1.51%/83% top3HO=77% note=is_fail
upside_ratio_cool: lock+urc_lb21_t1.25_c0.65 soft=False 2024=0.72% HO=1.51%/75% top3HO=79% note=is_fail
upside_ratio_cool: lock+urc_lb42_t1.25_c0.35 soft=False 2024=0.87% HO=0.89%/67% top3HO=82% note=is_fail
upside_ratio_cool: lock+urc_lb42_t1.25_c0.5 soft=True 2024=0.77% HO=1.04%/67% top3HO=81% note=holdout_fail
upside_ratio_cool: lock+urc_lb42_t1.25_c0.65 soft=False 2024=0.67% HO=1.18%/67% top3HO=80% note=is_fail
upside_ratio_cool: lock+urc_lb63_t1.25_c0.35 soft=True 2024=0.85% HO=1.12%/75% top3HO=84% note=holdout_fail
upside_ratio_cool: lock+urc_lb63_t1.25_c0.5 soft=True 2024=0.75% HO=1.21%/75% top3HO=82% note=holdout_fail
upside_ratio_cool: lock+urc_lb63_t1.25_c0.65 soft=False 2024=0.65% HO=1.31%/75% top3HO=81% note=is_fail
upside_ratio_cool_nested: lock+urc_lb21_t1.25_c0.35_nested soft=False 2024=0.98% HO=1.50%/83% note=is_fail
upside_ratio_cool_nested: lock+urc_lb63_t1.25_c0.35_nested soft=True 2024=0.85% HO=1.12%/75% note=holdout_fail
upside_ratio_cool_nested: lock+urc_lb21_t1.1_c0.35_nested soft=False 2024=0.90% HO=1.50%/83% note=is_fail
/workspace/Mt5-swing/src/mt5_swing/portfolio/overlays.py:297: UserWarning: Converting to PeriodArray/Index representation will drop timezone information.
  months = idx.tz_convert("UTC").to_period("M")
/workspace/Mt5-swing/src/mt5_swing/portfolio/overlays.py:297: UserWarning: Converting to PeriodArray/Index representation will drop timezone information.
  months = idx.tz_convert("UTC").to_period("M")
/workspace/Mt5-swing/src/mt5_swing/portfolio/overlays.py:297: UserWarning: Converting to PeriodArray/Index representation will drop timezone information.
  months = idx.tz_convert("UTC").to_period("M")
/workspace/Mt5-swing/src/mt5_swing/portfolio/overlays.py:297: UserWarning: Converting to PeriodArray/Index representation will drop timezone information.
  months = idx.tz_convert("UTC").to_period("M")
/workspace/Mt5-swing/src/mt5_swing/portfolio/overlays.py:297: UserWarning: Converting to PeriodArray/Index representation will drop timezone information.
  months = idx.tz_convert("UTC").to_period("M")
wrebal+mtd: wrebal_0.328_0.029_0.241_0.178_0.224+mtd_t0.015_a0.5_frozen soft=True 2024=1.18% HO=1.69%/67% note=holdout_fail
/workspace/Mt5-swing/src/mt5_swing/portfolio/overlays.py:297: UserWarning: Converting to PeriodArray/Index representation will drop timezone information.
  months = idx.tz_convert("UTC").to_period("M")
/workspace/Mt5-swing/src/mt5_swing/portfolio/overlays.py:297: UserWarning: Converting to PeriodArray/Index representation will drop timezone information.
  months = idx.tz_convert("UTC").to_period("M")
/workspace/Mt5-swing/src/mt5_swing/portfolio/overlays.py:297: UserWarning: Converting to PeriodArray/Index representation will drop timezone information.
  months = idx.tz_convert("UTC").to_period("M")
/workspace/Mt5-swing/src/mt5_swing/portfolio/overlays.py:297: UserWarning: Converting to PeriodArray/Index representation will drop timezone information.
  months = idx.tz_convert("UTC").to_period("M")
/workspace/Mt5-swing/src/mt5_swing/portfolio/overlays.py:297: UserWarning: Converting to PeriodArray/Index representation will drop timezone information.
  months = idx.tz_convert("UTC").to_period("M")
wrebal+mtd: wrebal_0.328_0.029_0.241_0.178_0.224+mtd_t0.015_a0.65_frozen soft=True 2024=1.03% HO=1.70%/67% note=holdout_fail
wrebal+upside_ratio_cool: wrebal_0.328_0.029_0.241_0.178_0.224+urc_lb42_t1.25_c0.5_frozen soft=True note=holdout_fail
wrebal+upside_ratio_cool: wrebal_0.328_0.029_0.241_0.178_0.224+urc_lb42_t1.25_c0.35_frozen soft=False note=is_fail
wrebal+mtd+upside_ratio_cool: wrebal_0.328_0.029_0.241_0.178_0.224+mtd_t0.015_a0.5_frozen+urc_lb42_t1.25_c0.65 soft=True note=soft_is_hard_fail HO_pos=75% top3=68%
wrebal+mtd+upside_ratio_cool: wrebal_0.328_0.029_0.241_0.178_0.224+mtd_t0.015_a0.65_frozen+urc_lb42_t1.25_c0.35 soft=True note=holdout_fail HO_pos=67% top3=72%
blend a=0.40 vs wrebal_0.328_0.029_0.241_0.178_0.224+urc_lb42_t1.25_c0.5_frozen: soft=False 2024=0.54% HO=1.37%/67% note=is_fail
blend a=0.55 vs wrebal_0.328_0.029_0.241_0.178_0.224+urc_lb42_t1.25_c0.5_frozen: soft=True 2024=0.58% HO=1.32%/67% note=holdout_fail
blend a=0.40 vs wrebal_0.328_0.029_0.241_0.178_0.224+mtd_t0.015_a0.5_frozen+urc_lb42_t1.25_c0.65: soft=True 2024=0.69% HO=1.47%/75% note=holdout_fail
blend a=0.55 vs wrebal_0.328_0.029_0.241_0.178_0.224+mtd_t0.015_a0.5_frozen+urc_lb42_t1.25_c0.65: soft=True 2024=0.80% HO=1.45%/75% note=holdout_fail
blend a=0.40 vs wrebal_0.328_0.029_0.241_0.178_0.224+mtd_t0.015_a0.5_frozen: soft=True 2024=0.73% HO=1.59%/67% note=holdout_fail
blend a=0.55 vs wrebal_0.328_0.029_0.241_0.178_0.224+mtd_t0.015_a0.5_frozen: soft=True 2024=0.84% HO=1.61%/67% note=holdout_fail
BOARD n=26 soft=4 hard=0 promote=0
Wrote /workspace/Mt5-swing/reports/quest_upside_ratio_cool_board.csv
Wrote /workspace/Mt5-swing/reports/quest_upside_ratio_cool_consistency.md
Wrote /workspace/Mt5-swing/configs/quest_upside_ratio_cool_selected.json
