data_source=approximate_non_ftmo RF=0.08 VT=0.0025 tag_locked=fx4plus_gbpcad_d1_voltarget_0025
end=2026-09-16 00:00:00+00:00 holdout_start=2025-09-16 00:00:00+00:00 IS=['2024', '2025_IS'] CONF=['2025', '2026', 'holdout_365d']
  legs ready 2024: [1596, 1596, 1597, 1602, 262]
  legs ready 2025_IS: [1125, 1125, 1125, 1129, 182]
  legs ready 2025: [1591, 1590, 1591, 1596, 257]
  legs ready 2026: [1121, 1121, 1120, 1122, 184]
  legs ready holdout_365d: [1587, 1586, 1586, 1589, 259]
baseline 2024 mo=0.42% pos=55% top3=74%
dddepth: lock+dddepth_pb42_hb126_p0.2_c0.35 soft=False 2024=0.54% HO=1.17%/67% note=is_fail
dddepth: lock+dddepth_pb42_hb126_p0.2_c0.5 soft=False 2024=0.51% HO=1.25%/67% note=is_fail
dddepth: lock+dddepth_pb42_hb126_p0.2_c0.65 soft=False 2024=0.49% HO=1.33%/75% note=is_fail
dddepth: lock+dddepth_pb42_hb252_p0.2_c0.35 soft=False 2024=0.49% HO=0.75%/67% note=is_fail
dddepth: lock+dddepth_pb42_hb252_p0.2_c0.5 soft=False 2024=0.47% HO=0.93%/67% note=is_fail
dddepth: lock+dddepth_pb42_hb252_p0.2_c0.65 soft=False 2024=0.46% HO=1.11%/75% note=is_fail
dddepth: lock+dddepth_pb63_hb126_p0.2_c0.35 soft=False 2024=0.35% HO=0.85%/67% note=is_fail
dddepth: lock+dddepth_pb63_hb126_p0.2_c0.5 soft=False 2024=0.37% HO=1.00%/67% note=is_fail
dddepth: lock+dddepth_pb63_hb126_p0.2_c0.65 soft=False 2024=0.39% HO=1.16%/67% note=is_fail
dddepth: lock+dddepth_pb63_hb252_p0.2_c0.35 soft=False 2024=0.37% HO=0.92%/67% note=is_fail
dddepth: lock+dddepth_pb63_hb252_p0.2_c0.5 soft=False 2024=0.38% HO=1.06%/67% note=is_fail
dddepth: lock+dddepth_pb63_hb252_p0.2_c0.65 soft=False 2024=0.39% HO=1.20%/67% note=is_fail
dddepth: lock+dddepth_pb126_hb126_p0.2_c0.35 soft=False 2024=0.52% HO=0.97%/67% note=is_fail
dddepth: lock+dddepth_pb126_hb126_p0.2_c0.5 soft=False 2024=0.50% HO=1.10%/67% note=is_fail
dddepth: lock+dddepth_pb126_hb126_p0.2_c0.65 soft=False 2024=0.48% HO=1.23%/67% note=is_fail
dddepth: lock+dddepth_pb126_hb252_p0.2_c0.35 soft=False 2024=0.47% HO=0.98%/67% note=is_fail
dddepth: lock+dddepth_pb126_hb252_p0.2_c0.5 soft=False 2024=0.46% HO=1.10%/67% note=is_fail
dddepth: lock+dddepth_pb126_hb252_p0.2_c0.65 soft=False 2024=0.45% HO=1.23%/67% note=is_fail
/workspace/Mt5-swing/src/mt5_swing/portfolio/overlays.py:297: UserWarning: Converting to PeriodArray/Index representation will drop timezone information.
  months = idx.tz_convert("UTC").to_period("M")
/workspace/Mt5-swing/src/mt5_swing/portfolio/overlays.py:297: UserWarning: Converting to PeriodArray/Index representation will drop timezone information.
  months = idx.tz_convert("UTC").to_period("M")
/workspace/Mt5-swing/src/mt5_swing/portfolio/overlays.py:297: UserWarning: Converting to PeriodArray/Index representation will drop timezone information.
  months = idx.tz_convert("UTC").to_period("M")
/workspace/Mt5-swing/src/mt5_swing/portfolio/overlays.py:297: UserWarning: Converting to PeriodArray/Index representation will drop timezone information.
  months = idx.tz_convert("UTC").to_period("M")
/workspace/Mt5-swing/src/mt5_swing/portfolio/overlays.py:297: UserWarning: Converting to PeriodArray/Index representation will drop timezone information.
  months = idx.tz_convert("UTC").to_period("M")
wrebal+mtd: wrebal_0.328_0.029_0.241_0.178_0.224+mtd_t0.015_a0.5_frozen soft=True 2024=1.18% HO=1.69%/67% note=holdout_fail
/workspace/Mt5-swing/src/mt5_swing/portfolio/overlays.py:297: UserWarning: Converting to PeriodArray/Index representation will drop timezone information.
  months = idx.tz_convert("UTC").to_period("M")
/workspace/Mt5-swing/src/mt5_swing/portfolio/overlays.py:297: UserWarning: Converting to PeriodArray/Index representation will drop timezone information.
  months = idx.tz_convert("UTC").to_period("M")
/workspace/Mt5-swing/src/mt5_swing/portfolio/overlays.py:297: UserWarning: Converting to PeriodArray/Index representation will drop timezone information.
  months = idx.tz_convert("UTC").to_period("M")
/workspace/Mt5-swing/src/mt5_swing/portfolio/overlays.py:297: UserWarning: Converting to PeriodArray/Index representation will drop timezone information.
  months = idx.tz_convert("UTC").to_period("M")
/workspace/Mt5-swing/src/mt5_swing/portfolio/overlays.py:297: UserWarning: Converting to PeriodArray/Index representation will drop timezone information.
  months = idx.tz_convert("UTC").to_period("M")
wrebal+mtd: wrebal_0.328_0.029_0.241_0.178_0.224+mtd_t0.015_a0.65_frozen soft=True 2024=1.03% HO=1.70%/67% note=holdout_fail
wrebal+dddepth: wrebal_0.328_0.029_0.241_0.178_0.224+dddepth_pb63_hb126_p0.2_c0.65_frozen soft=True note=holdout_fail
wrebal+dddepth: wrebal_0.328_0.029_0.241_0.178_0.224+dddepth_pb63_hb126_p0.25_c0.65_frozen soft=True note=holdout_fail
wrebal+mtd+dddepth: wrebal_0.328_0.029_0.241_0.178_0.224+mtd_t0.015_a0.5_frozen+dddepth_pb63_hb126_p0.15_c0.65 soft=True note=holdout_fail HO_pos=67%
wrebal+mtd+dddepth: wrebal_0.328_0.029_0.241_0.178_0.224+mtd_t0.015_a0.65_frozen+dddepth_pb63_hb126_p0.2_c0.65 soft=True note=year_clear_fail HO_pos=75%
blend a=0.40 vs wrebal_0.328_0.029_0.241_0.178_0.224+mtd_t0.015_a0.5_frozen+dddepth_pb63_hb126_p0.15_c0.65: soft=True 2024=0.73% HO=1.49%/75% note=holdout_fail
blend a=0.55 vs wrebal_0.328_0.029_0.241_0.178_0.224+mtd_t0.015_a0.5_frozen+dddepth_pb63_hb126_p0.15_c0.65: soft=True 2024=0.85% HO=1.47%/75% note=holdout_fail
blend a=0.40 vs wrebal_0.328_0.029_0.241_0.178_0.224+mtd_t0.015_a0.5_frozen: soft=True 2024=0.73% HO=1.59%/67% note=holdout_fail
blend a=0.55 vs wrebal_0.328_0.029_0.241_0.178_0.224+mtd_t0.015_a0.5_frozen: soft=True 2024=0.84% HO=1.61%/67% note=holdout_fail
blend a=0.40 vs wrebal_0.328_0.029_0.241_0.178_0.224+mtd_t0.015_a0.65_frozen+dddepth_pb63_hb126_p0.2_c0.65: soft=True 2024=0.64% HO=1.50%/75% note=holdout_fail
blend a=0.55 vs wrebal_0.328_0.029_0.241_0.178_0.224+mtd_t0.015_a0.65_frozen+dddepth_pb63_hb126_p0.2_c0.65: soft=True 2024=0.72% HO=1.50%/75% note=holdout_fail
BOARD n=32 soft=4 hard=0 promote=0
Wrote /workspace/Mt5-swing/reports/quest_dd_depth_board.csv
Wrote /workspace/Mt5-swing/reports/quest_dd_depth_consistency.md
Wrote /workspace/Mt5-swing/configs/quest_dd_depth_selected.json
