data_source=approximate_non_ftmo RF=0.08 VT=0.0025 tag_locked=fx4plus_gbpcad_d1_voltarget_0025
end=2026-09-16 00:00:00+00:00 holdout_start=2025-09-16 00:00:00+00:00 IS=['2024', '2025_IS'] CONF=['2025', '2026', 'holdout_365d']
  legs ready 2024: [1596, 1596, 1597, 1602, 262]
  legs ready 2025_IS: [1125, 1125, 1125, 1129, 182]
  legs ready 2025: [1591, 1590, 1591, 1596, 257]
  legs ready 2026: [1121, 1121, 1120, 1122, 184]
  legs ready holdout_365d: [1587, 1586, 1586, 1589, 259]
baseline 2024 mo=0.42% pos=55% top3=74%
weekly_mean_cool: lock+wmc_lb4_t0.003_c0.35 soft=False 2024=0.43% HO=1.66%/83% top3HO=80% note=is_fail
weekly_mean_cool: lock+wmc_lb4_t0.003_c0.5 soft=False 2024=0.43% HO=1.63%/83% top3HO=81% note=is_fail
weekly_mean_cool: lock+wmc_lb4_t0.003_c0.65 soft=False 2024=0.42% HO=1.60%/83% top3HO=81% note=is_fail
weekly_mean_cool: lock+wmc_lb6_t0.003_c0.35 soft=True 2024=0.70% HO=1.37%/75% top3HO=83% note=holdout_fail
weekly_mean_cool: lock+wmc_lb6_t0.003_c0.5 soft=True 2024=0.64% HO=1.40%/75% top3HO=82% note=holdout_fail
weekly_mean_cool: lock+wmc_lb6_t0.003_c0.65 soft=False 2024=0.57% HO=1.44%/75% top3HO=81% note=is_fail
weekly_mean_cool: lock+wmc_lb8_t0.003_c0.35 soft=False 2024=0.71% HO=1.50%/75% top3HO=84% note=is_fail
weekly_mean_cool: lock+wmc_lb8_t0.003_c0.5 soft=False 2024=0.64% HO=1.51%/75% top3HO=83% note=is_fail
weekly_mean_cool: lock+wmc_lb8_t0.003_c0.65 soft=False 2024=0.57% HO=1.51%/75% top3HO=82% note=is_fail
weekly_mean_cool: lock+wmc_lb12_t0.003_c0.35 soft=False 2024=0.84% HO=1.36%/75% top3HO=83% note=is_fail
weekly_mean_cool: lock+wmc_lb12_t0.003_c0.5 soft=False 2024=0.74% HO=1.40%/75% top3HO=82% note=is_fail
weekly_mean_cool: lock+wmc_lb12_t0.003_c0.65 soft=False 2024=0.65% HO=1.44%/75% top3HO=81% note=is_fail
weekly_mean_cool_nested: lock+wmc_lb12_t0.002_c0.35_nested soft=True 2024=0.73% HO=0.90%/83% note=holdout_fail
weekly_mean_cool_nested: lock+wmc_lb12_t0.002_c0.5_nested soft=True 2024=0.66% HO=1.04%/83% note=holdout_fail
weekly_mean_cool_nested: lock+wmc_lb12_t0.003_c0.35_nested soft=False 2024=0.84% HO=1.36%/75% note=is_fail
/workspace/Mt5-swing/src/mt5_swing/portfolio/overlays.py:297: UserWarning: Converting to PeriodArray/Index representation will drop timezone information.
  months = idx.tz_convert("UTC").to_period("M")
/workspace/Mt5-swing/src/mt5_swing/portfolio/overlays.py:297: UserWarning: Converting to PeriodArray/Index representation will drop timezone information.
  months = idx.tz_convert("UTC").to_period("M")
/workspace/Mt5-swing/src/mt5_swing/portfolio/overlays.py:297: UserWarning: Converting to PeriodArray/Index representation will drop timezone information.
  months = idx.tz_convert("UTC").to_period("M")
/workspace/Mt5-swing/src/mt5_swing/portfolio/overlays.py:297: UserWarning: Converting to PeriodArray/Index representation will drop timezone information.
  months = idx.tz_convert("UTC").to_period("M")
/workspace/Mt5-swing/src/mt5_swing/portfolio/overlays.py:297: UserWarning: Converting to PeriodArray/Index representation will drop timezone information.
  months = idx.tz_convert("UTC").to_period("M")
wrebal+mtd: wrebal_0.328_0.029_0.241_0.178_0.224+mtd_t0.015_a0.5_frozen soft=True 2024=1.18% HO=1.69%/67% note=holdout_fail
/workspace/Mt5-swing/src/mt5_swing/portfolio/overlays.py:297: UserWarning: Converting to PeriodArray/Index representation will drop timezone information.
  months = idx.tz_convert("UTC").to_period("M")
/workspace/Mt5-swing/src/mt5_swing/portfolio/overlays.py:297: UserWarning: Converting to PeriodArray/Index representation will drop timezone information.
  months = idx.tz_convert("UTC").to_period("M")
/workspace/Mt5-swing/src/mt5_swing/portfolio/overlays.py:297: UserWarning: Converting to PeriodArray/Index representation will drop timezone information.
  months = idx.tz_convert("UTC").to_period("M")
/workspace/Mt5-swing/src/mt5_swing/portfolio/overlays.py:297: UserWarning: Converting to PeriodArray/Index representation will drop timezone information.
  months = idx.tz_convert("UTC").to_period("M")
/workspace/Mt5-swing/src/mt5_swing/portfolio/overlays.py:297: UserWarning: Converting to PeriodArray/Index representation will drop timezone information.
  months = idx.tz_convert("UTC").to_period("M")
wrebal+mtd: wrebal_0.328_0.029_0.241_0.178_0.224+mtd_t0.015_a0.65_frozen soft=True 2024=1.03% HO=1.70%/67% note=holdout_fail
wrebal+weekly_mean_cool: wrebal_0.328_0.029_0.241_0.178_0.224+wmc_lb12_t0.002_c0.5_frozen soft=True note=holdout_fail
wrebal+weekly_mean_cool: wrebal_0.328_0.029_0.241_0.178_0.224+wmc_lb6_t0.003_c0.35_frozen soft=True note=holdout_fail
wrebal+mtd+weekly_mean_cool: wrebal_0.328_0.029_0.241_0.178_0.224+mtd_t0.015_a0.5_frozen+wmc_lb6_t0.003_c0.35 soft=True note=holdout_fail HO_pos=75% top3=73%
wrebal+mtd+weekly_mean_cool: wrebal_0.328_0.029_0.241_0.178_0.224+mtd_t0.015_a0.65_frozen+wmc_lb6_t0.003_c0.35 soft=True note=holdout_fail HO_pos=75% top3=74%
blend a=0.40 vs wrebal_0.328_0.029_0.241_0.178_0.224+wmc_lb12_t0.002_c0.5_frozen: soft=False 2024=0.56% HO=1.43%/67% note=is_fail
blend a=0.55 vs wrebal_0.328_0.029_0.241_0.178_0.224+wmc_lb12_t0.002_c0.5_frozen: soft=True 2024=0.61% HO=1.39%/67% note=holdout_fail
blend a=0.40 vs wrebal_0.328_0.029_0.241_0.178_0.224+wmc_lb6_t0.003_c0.35_frozen: soft=True 2024=0.77% HO=1.50%/67% note=holdout_fail
blend a=0.55 vs wrebal_0.328_0.029_0.241_0.178_0.224+wmc_lb6_t0.003_c0.35_frozen: soft=True 2024=0.90% HO=1.49%/67% note=holdout_fail
blend a=0.40 vs wrebal_0.328_0.029_0.241_0.178_0.224+mtd_t0.015_a0.5_frozen+wmc_lb6_t0.003_c0.35: soft=True 2024=0.84% HO=1.35%/75% note=holdout_fail
blend a=0.55 vs wrebal_0.328_0.029_0.241_0.178_0.224+mtd_t0.015_a0.5_frozen+wmc_lb6_t0.003_c0.35: soft=True 2024=1.00% HO=1.29%/67% note=holdout_fail
BOARD n=29 soft=6 hard=0 promote=0
Wrote /workspace/Mt5-swing/reports/quest_weekly_mean_cool_board.csv
Wrote /workspace/Mt5-swing/reports/quest_weekly_mean_cool_consistency.md
Wrote /workspace/Mt5-swing/configs/quest_weekly_mean_cool_selected.json
