2024           ret=   4.62% mean_mo= 0.36% pos=  55% top3=  78% gates=PASS p2t=7.58% (research/WF overlap)
2025           ret=  24.70% mean_mo= 1.84% pos=  73% top3=  68% gates=PASS p2t=4.21% (mixed research→holdout)
2026           ret=  21.12% mean_mo= 2.43% pos=  75% top3=  88% gates=PASS p2t=7.05% (pure holdout)
holdout_365d   ret=  21.57% mean_mo= 1.54% pos=  67% top3=  84% gates=PASS p2t=7.29% (pure holdout)
roll12_end     ret=  21.57% mean_mo= 1.54% pos=  67% top3=  84% gates=PASS p2t=7.29% (pure holdout)
roll12_m6      ret=  17.69% mean_mo= 1.24% pos=  67% top3=  82% gates=PASS p2t=3.84% (mixed)
Wrote /workspace/Mt5-swing/reports/quest_verify_locked_vt.md
2024           ret=   5.38% mean_mo= 0.42% pos=  55% top3=  74% gates=PASS p2t=7.42% (research/WF overlap)
2025           ret=  22.04% mean_mo= 1.63% pos=  73% top3=  69% gates=PASS p2t=3.86% (mixed research→holdout)
2026           ret=  20.03% mean_mo= 2.30% pos=  88% top3=  87% gates=PASS p2t=6.38% (pure holdout)
holdout_365d   ret=  21.55% mean_mo= 1.52% pos=  75% top3=  81% gates=PASS p2t=6.83% (pure holdout)
roll12_end     ret=  21.55% mean_mo= 1.52% pos=  75% top3=  81% gates=PASS p2t=6.83% (pure holdout)
roll12_m6      ret=  16.45% mean_mo= 1.13% pos=  67% top3=  80% gates=PASS p2t=3.87% (mixed)
Wrote /workspace/Mt5-swing/reports/quest_verify_locked_oosw.md
2024           ret=   2.33% mean_mo= 0.16% pos=  64% top3=  71% gates=PASS p2t=3.93% (research/WF overlap)
2025           ret=   7.43% mean_mo= 0.60% pos=  73% top3=  65% gates=PASS p2t=1.91% (mixed research→holdout)
2026           ret=   9.97% mean_mo= 1.16% pos=  62% top3=  91% gates=PASS p2t=2.68% (pure holdout)
holdout_365d   ret=  10.75% mean_mo= 0.83% pos=  67% top3=  85% gates=PASS p2t=2.55% (pure holdout)
roll12_end     ret=  10.75% mean_mo= 0.83% pos=  67% top3=  85% gates=PASS p2t=2.55% (pure holdout)
roll12_m6      ret=   6.02% mean_mo= 0.40% pos=  67% top3=  80% gates=PASS p2t=1.93% (mixed)
Wrote /workspace/Mt5-swing/reports/quest_verify_locked_novt.md
