data_source=approximate_non_ftmo RF=0.08 VT=0.0025 tag_locked=fx4plus_gbpcad_d1_voltarget_0025
end=2026-09-16 00:00:00+00:00 holdout_start=2025-09-16 00:00:00+00:00 IS=['2024', '2025_IS'] CONF=['2025', '2026', 'holdout_365d']
  legs ready 2024: [1596, 1596, 1597, 1602, 262]
  legs ready 2025_IS: [1125, 1125, 1125, 1129, 182]
  legs ready 2025: [1591, 1590, 1591, 1596, 257]
  legs ready 2026: [1121, 1121, 1120, 1122, 184]
  legs ready holdout_365d: [1587, 1586, 1586, 1589, 259]
baseline 2024 mo=0.42% pos=55% top3=74%
peakprox: lock+peakprox_lb21_e0.005_c0.35 soft=False 2024=0.44% HO=1.02%/75% note=is_fail
peakprox: lock+peakprox_lb21_e0.005_c0.5 soft=False 2024=0.44% HO=1.14%/75% note=is_fail
peakprox: lock+peakprox_lb21_e0.005_c0.65 soft=False 2024=0.43% HO=1.25%/67% note=is_fail
peakprox: lock+peakprox_lb21_e0.01_c0.35 soft=True 2024=0.37% HO=1.05%/83% note=year_clear_fail
peakprox: lock+peakprox_lb21_e0.01_c0.5 soft=False 2024=0.39% HO=1.16%/83% note=is_fail
peakprox: lock+peakprox_lb21_e0.01_c0.65 soft=False 2024=0.40% HO=1.27%/75% note=is_fail
peakprox: lock+peakprox_lb21_e0.02_c0.35 soft=False 2024=0.21% HO=1.00%/92% note=is_fail
peakprox: lock+peakprox_lb21_e0.02_c0.5 soft=False 2024=0.26% HO=1.12%/83% note=is_fail
peakprox: lock+peakprox_lb21_e0.02_c0.65 soft=False 2024=0.31% HO=1.24%/75% note=is_fail
peakprox: lock+peakprox_lb42_e0.005_c0.35 soft=False 2024=0.48% HO=0.99%/83% note=is_fail
peakprox: lock+peakprox_lb42_e0.005_c0.5 soft=False 2024=0.47% HO=1.11%/75% note=is_fail
peakprox: lock+peakprox_lb42_e0.005_c0.65 soft=False 2024=0.45% HO=1.24%/75% note=is_fail
peakprox: lock+peakprox_lb42_e0.01_c0.35 soft=True 2024=0.53% HO=1.18%/83% note=year_clear_fail
peakprox: lock+peakprox_lb42_e0.01_c0.5 soft=True 2024=0.51% HO=1.26%/83% note=year_clear_fail
peakprox: lock+peakprox_lb42_e0.01_c0.65 soft=False 2024=0.48% HO=1.34%/83% note=is_fail
peakprox: lock+peakprox_lb42_e0.02_c0.35 soft=False 2024=0.40% HO=0.97%/92% note=is_fail
peakprox: lock+peakprox_lb42_e0.02_c0.5 soft=False 2024=0.41% HO=1.10%/83% note=is_fail
peakprox: lock+peakprox_lb42_e0.02_c0.65 soft=False 2024=0.41% HO=1.22%/75% note=is_fail
peakprox: lock+peakprox_lb63_e0.005_c0.35 soft=False 2024=0.50% HO=1.22%/75% note=is_fail
peakprox: lock+peakprox_lb63_e0.005_c0.5 soft=False 2024=0.48% HO=1.29%/75% note=is_fail
peakprox: lock+peakprox_lb63_e0.005_c0.65 soft=False 2024=0.47% HO=1.36%/75% note=is_fail
peakprox: lock+peakprox_lb63_e0.01_c0.35 soft=False 2024=0.63% HO=1.34%/83% note=is_fail
peakprox: lock+peakprox_lb63_e0.01_c0.5 soft=False 2024=0.59% HO=1.38%/83% note=is_fail
peakprox: lock+peakprox_lb63_e0.01_c0.65 soft=False 2024=0.54% HO=1.42%/83% note=is_fail
peakprox: lock+peakprox_lb63_e0.02_c0.35 soft=False 2024=0.50% HO=1.05%/92% note=is_fail
peakprox: lock+peakprox_lb63_e0.02_c0.5 soft=False 2024=0.48% HO=1.16%/92% note=is_fail
peakprox: lock+peakprox_lb63_e0.02_c0.65 soft=False 2024=0.47% HO=1.27%/83% note=is_fail
/workspace/Mt5-swing/src/mt5_swing/portfolio/overlays.py:297: UserWarning: Converting to PeriodArray/Index representation will drop timezone information.
  months = idx.tz_convert("UTC").to_period("M")
/workspace/Mt5-swing/src/mt5_swing/portfolio/overlays.py:297: UserWarning: Converting to PeriodArray/Index representation will drop timezone information.
  months = idx.tz_convert("UTC").to_period("M")
/workspace/Mt5-swing/src/mt5_swing/portfolio/overlays.py:297: UserWarning: Converting to PeriodArray/Index representation will drop timezone information.
  months = idx.tz_convert("UTC").to_period("M")
/workspace/Mt5-swing/src/mt5_swing/portfolio/overlays.py:297: UserWarning: Converting to PeriodArray/Index representation will drop timezone information.
  months = idx.tz_convert("UTC").to_period("M")
/workspace/Mt5-swing/src/mt5_swing/portfolio/overlays.py:297: UserWarning: Converting to PeriodArray/Index representation will drop timezone information.
  months = idx.tz_convert("UTC").to_period("M")
wrebal+mtd: wrebal_0.328_0.029_0.241_0.178_0.224+mtd_t0.015_a0.5_frozen soft=True 2024=1.18% HO=1.69%/67% note=holdout_fail
/workspace/Mt5-swing/src/mt5_swing/portfolio/overlays.py:297: UserWarning: Converting to PeriodArray/Index representation will drop timezone information.
  months = idx.tz_convert("UTC").to_period("M")
/workspace/Mt5-swing/src/mt5_swing/portfolio/overlays.py:297: UserWarning: Converting to PeriodArray/Index representation will drop timezone information.
  months = idx.tz_convert("UTC").to_period("M")
/workspace/Mt5-swing/src/mt5_swing/portfolio/overlays.py:297: UserWarning: Converting to PeriodArray/Index representation will drop timezone information.
  months = idx.tz_convert("UTC").to_period("M")
/workspace/Mt5-swing/src/mt5_swing/portfolio/overlays.py:297: UserWarning: Converting to PeriodArray/Index representation will drop timezone information.
  months = idx.tz_convert("UTC").to_period("M")
/workspace/Mt5-swing/src/mt5_swing/portfolio/overlays.py:297: UserWarning: Converting to PeriodArray/Index representation will drop timezone information.
  months = idx.tz_convert("UTC").to_period("M")
wrebal+mtd: wrebal_0.328_0.029_0.241_0.178_0.224+mtd_t0.015_a0.65_frozen soft=True 2024=1.03% HO=1.70%/67% note=holdout_fail
wrebal+peakprox: wrebal_0.328_0.029_0.241_0.178_0.224+peakprox_lb63_e0.01_c0.65_frozen soft=True note=year_clear_fail
wrebal+peakprox: wrebal_0.328_0.029_0.241_0.178_0.224+peakprox_lb63_e0.01_c0.35_frozen soft=True note=year_clear_fail
wrebal+mtd+peakprox: wrebal_0.328_0.029_0.241_0.178_0.224+mtd_t0.015_a0.5_frozen+peakprox_lb63_e0.02_c0.65 soft=True note=year_clear_fail HO_pos=75%
wrebal+mtd+peakprox: wrebal_0.328_0.029_0.241_0.178_0.224+mtd_t0.015_a0.65_frozen+peakprox_lb63_e0.02_c0.65 soft=True note=year_clear_fail HO_pos=75%
blend a=0.40 vs wrebal_0.328_0.029_0.241_0.178_0.224+mtd_t0.015_a0.5_frozen+peakprox_lb63_e0.02_c0.65: soft=True 2024=0.65% HO=1.50%/75% note=holdout_fail
blend a=0.55 vs wrebal_0.328_0.029_0.241_0.178_0.224+mtd_t0.015_a0.5_frozen+peakprox_lb63_e0.02_c0.65: soft=True 2024=0.73% HO=1.49%/75% note=holdout_fail
blend a=0.40 vs wrebal_0.328_0.029_0.241_0.178_0.224+mtd_t0.015_a0.5_frozen: soft=True 2024=0.73% HO=1.59%/67% note=holdout_fail
blend a=0.55 vs wrebal_0.328_0.029_0.241_0.178_0.224+mtd_t0.015_a0.5_frozen: soft=True 2024=0.84% HO=1.61%/67% note=holdout_fail
blend a=0.40 vs wrebal_0.328_0.029_0.241_0.178_0.224+mtd_t0.015_a0.65_frozen+peakprox_lb63_e0.02_c0.65: soft=True 2024=0.60% HO=1.51%/75% note=holdout_fail
blend a=0.55 vs wrebal_0.328_0.029_0.241_0.178_0.224+mtd_t0.015_a0.65_frozen+peakprox_lb63_e0.02_c0.65: soft=True 2024=0.67% HO=1.50%/75% note=holdout_fail
BOARD raw n=41
BOARD n=41 soft=5 hard=0 promote=0
Wrote /workspace/Mt5-swing/reports/quest_peak_proximity_board.csv
Wrote /workspace/Mt5-swing/reports/quest_peak_proximity_consistency.md
Wrote /workspace/Mt5-swing/configs/quest_peak_proximity_selected.json
