NOTE: overriding RISK_FRACTION=0.02 → 0.08 (set QUEST_ALLOW_RF_OVERRIDE=1 to keep)
data_source=approximate_non_ftmo RF=0.08 warmup=250 locked=fx4plus_gbpcad_d1_voltarget_0025
IS score: max min(year_mean_mo) s.t. %pos>=70% top3<=55% (soft<=70%); holdout NEVER for selection
  VT=0.002 ≈ 0.32%/mo @Sharpe1.2 (rough)
  VT=0.0025 ≈ 0.40%/mo @Sharpe1.2 (rough)
  VT=0.003 ≈ 0.48%/mo @Sharpe1.2 (rough)
  VT=0.004 ≈ 0.63%/mo @Sharpe1.2 (rough)
  VT=0.005 ≈ 0.79%/mo @Sharpe1.2 (rough)
dual-confirm FX=['AUDCAD', 'AUDJPY', 'AUDUSD', 'CADJPY', 'EURAUD', 'EURCAD', 'EURCHF', 'EURGBP', 'EURJPY', 'EURUSD', 'GBPCAD', 'GBPJPY', 'GBPUSD', 'NZDCAD', 'NZDJPY', 'USDCHF', 'USDJPY']
dual-confirm metals=none
smooth pool=18: GBPCAD:D1:bbands_reversion, CADJPY:H4:mean_reversion_regime, AUDCAD:H4:mean_reversion_regime, EURUSD:D1:cci_reversion, GBPJPY:H4:squeeze_breakout, USDCHF:H4:bbands_reversion, NZDCAD:H4:mean_reversion_regime, EURCHF:H4:cci_reversion, EURGBP:D1:cci_reversion, GBPUSD:D1:breakout_donchian, AUDUSD:H4:bbands_reversion, EURCAD:D1:bbands_reversion, AUDJPY:D1:mean_reversion_regime, NZDJPY:D1:mean_reversion_regime, EURJPY:H4:breakout_donchian, USDJPY:D1:breakout_donchian, EURAUD:H4:breakout_donchian, USDCAD:D1:willr_reversion
end=2026-09-16 00:00:00+00:00 holdout_start=2025-09-16 00:00:00+00:00
IS windows: ['2024', '2025_IS']
=== Baseline locked + vt0025 (confirm windows) ===
  2024           mo= 0.42% pos=  55% top3=  74% gates=True
  2025           mo= 1.63% pos=  73% top3=  69% gates=True
  2026           mo= 2.30% pos=  88% top3=  87% gates=True
  holdout_365d   mo= 1.52% pos=  75% top3=  81% gates=True
  roll12_m6      mo= 1.13% pos=  67% top3=  80% gates=True
=== IS corr screen on pool (ref n=8) ===
basket candidates=22
=== IS walk-forward select (min year mean_mo) ===
  SOFT smooth_n8_c0.45|equal|vt0.002|hi3.0: score=0.02% raw=0.36% pos=74% top3=63%
  SOFT smooth_n8_c0.45|oos_sharpe|vt0.002|hi2.0: score=-0.04% raw=0.28% pos=78% top3=63%
  SOFT smooth_n8_c0.45|oos_sharpe|vt0.002|hi3.0: score=0.02% raw=0.37% pos=78% top3=64%
  SOFT smooth_n8_c0.45|oos_sharpe|vt0.0025|hi2.0: score=-0.03% raw=0.28% pos=78% top3=63%
  SOFT smooth_n8_c0.45|oos_sharpe|vt0.0025|hi3.0: score=0.07% raw=0.41% pos=78% top3=63%
  SOFT smooth_n8_c0.45|oos_sharpe|vt0.003|hi2.0: score=-0.03% raw=0.28% pos=78% top3=63%
  SOFT smooth_n8_c0.45|oos_sharpe|vt0.003|hi3.0: score=0.09% raw=0.42% pos=78% top3=63%
  SOFT smooth_n8_c0.45|oos_sharpe|vt0.0035|hi2.0: score=-0.03% raw=0.28% pos=78% top3=63%
  SOFT smooth_n8_c0.45|oos_sharpe|vt0.0035|hi3.0: score=0.09% raw=0.42% pos=78% top3=63%
  SOFT smooth_n8_c0.45|oos_sharpe|vt0.004|hi2.0: score=-0.03% raw=0.28% pos=78% top3=63%
  SOFT smooth_n8_c0.45|oos_sharpe|vt0.004|hi3.0: score=0.09% raw=0.42% pos=78% top3=63%
  SOFT smooth_n8_c0.45|oos_sharpe|vt0.005|hi2.0: score=-0.03% raw=0.28% pos=78% top3=63%
  SOFT smooth_n8_c0.45|oos_sharpe|vt0.005|hi3.0: score=0.09% raw=0.42% pos=78% top3=63%
  SOFT mr_n5|equal|vt0.002|hi2.0: score=0.07% raw=0.37% pos=74% top3=62%
  SOFT mr_n5|equal|vt0.002|hi3.0: score=0.14% raw=0.51% pos=74% top3=64%
  SOFT mr_n5|equal|vt0.0025|hi2.0: score=-0.07% raw=0.33% pos=74% top3=65%
  SOFT mr_n5|equal|vt0.0025|hi3.0: score=0.28% raw=0.56% pos=74% top3=62%
  SOFT mr_n5|equal|vt0.003|hi2.0: score=-0.15% raw=0.30% pos=74% top3=66%
  SOFT mr_n5|equal|vt0.003|hi3.0: score=0.24% raw=0.54% pos=74% top3=63%
  SOFT mr_n5|equal|vt0.0035|hi3.0: score=0.13% raw=0.51% pos=74% top3=65%
  SOFT lock_plus2|oos_sharpe|vt0.002|hi2.0: score=0.11% raw=0.50% pos=74% top3=65%
  SOFT lock_plus2|oos_sharpe|vt0.002|hi3.0: score=0.42% raw=0.77% pos=74% top3=64%
  SOFT lock_plus2|oos_sharpe|vt0.0025|hi2.0: score=0.13% raw=0.51% pos=74% top3=65%
  SOFT lock_plus2|oos_sharpe|vt0.0025|hi3.0: score=0.36% raw=0.74% pos=74% top3=64%
  SOFT lock_plus2|oos_sharpe|vt0.003|hi2.0: score=0.15% raw=0.52% pos=74% top3=64%
  SOFT lock_plus2|oos_sharpe|vt0.003|hi3.0: score=0.36% raw=0.76% pos=74% top3=65%
  SOFT lock_plus2|oos_sharpe|vt0.0035|hi2.0: score=0.15% raw=0.52% pos=74% top3=64%
  SOFT lock_plus2|oos_sharpe|vt0.0035|hi3.0: score=0.37% raw=0.76% pos=74% top3=65%
  SOFT lock_plus2|oos_sharpe|vt0.004|hi2.0: score=0.15% raw=0.52% pos=74% top3=64%
  SOFT lock_plus2|oos_sharpe|vt0.004|hi3.0: score=0.39% raw=0.77% pos=74% top3=65%
  SOFT lock_plus2|oos_sharpe|vt0.005|hi2.0: score=0.15% raw=0.52% pos=74% top3=64%
  SOFT lock_plus2|oos_sharpe|vt0.005|hi3.0: score=0.40% raw=0.78% pos=74% top3=64%
  SOFT lock_plus3|oos_sharpe|vt0.002|hi2.0: score=0.25% raw=0.54% pos=74% top3=62%
  SOFT lock_plus3|oos_sharpe|vt0.002|hi3.0: score=0.50% raw=0.77% pos=74% top3=62%
  SOFT lock_plus3|oos_sharpe|vt0.0025|hi2.0: score=0.26% raw=0.54% pos=74% top3=62%
  SOFT lock_plus3|oos_sharpe|vt0.0025|hi3.0: score=0.49% raw=0.79% pos=74% top3=62%
  SOFT lock_plus3|oos_sharpe|vt0.003|hi2.0: score=0.26% raw=0.54% pos=74% top3=62%
  SOFT lock_plus3|oos_sharpe|vt0.003|hi3.0: score=0.51% raw=0.80% pos=74% top3=62%
  SOFT lock_plus3|oos_sharpe|vt0.0035|hi2.0: score=0.26% raw=0.54% pos=74% top3=62%
  SOFT lock_plus3|oos_sharpe|vt0.0035|hi3.0: score=0.52% raw=0.81% pos=74% top3=62%
  SOFT lock_plus3|oos_sharpe|vt0.004|hi2.0: score=0.26% raw=0.54% pos=74% top3=62%
  SOFT lock_plus3|oos_sharpe|vt0.004|hi3.0: score=0.53% raw=0.81% pos=74% top3=62%
  SOFT lock_plus3|oos_sharpe|vt0.005|hi2.0: score=0.26% raw=0.54% pos=74% top3=62%
  SOFT lock_plus3|oos_sharpe|vt0.005|hi3.0: score=0.53% raw=0.81% pos=74% top3=62%
  SOFT lock_plus4|oos_sharpe|vt0.002|hi2.0: score=0.27% raw=0.53% pos=74% top3=62%
  SOFT lock_plus4|oos_sharpe|vt0.002|hi3.0: score=0.48% raw=0.77% pos=74% top3=62%
  SOFT lock_plus4|oos_sharpe|vt0.0025|hi2.0: score=0.28% raw=0.54% pos=74% top3=61%
  SOFT lock_plus4|oos_sharpe|vt0.0025|hi3.0: score=0.51% raw=0.79% pos=74% top3=62%
  SOFT lock_plus4|oos_sharpe|vt0.003|hi2.0: score=0.28% raw=0.54% pos=74% top3=61%
  SOFT lock_plus4|oos_sharpe|vt0.003|hi3.0: score=0.53% raw=0.80% pos=74% top3=62%
  SOFT lock_plus4|oos_sharpe|vt0.0035|hi2.0: score=0.28% raw=0.54% pos=74% top3=61%
  SOFT lock_plus4|oos_sharpe|vt0.0035|hi3.0: score=0.55% raw=0.81% pos=74% top3=62%
  SOFT lock_plus4|oos_sharpe|vt0.004|hi2.0: score=0.28% raw=0.54% pos=74% top3=61%
  SOFT lock_plus4|oos_sharpe|vt0.004|hi3.0: score=0.55% raw=0.81% pos=74% top3=62%
  SOFT lock_plus4|oos_sharpe|vt0.005|hi2.0: score=0.28% raw=0.54% pos=74% top3=61%
  SOFT lock_plus4|oos_sharpe|vt0.005|hi3.0: score=0.55% raw=0.81% pos=74% top3=62%
  SOFT seed3_n8_c0.55|oos_sharpe|vt0.002|hi2.0: score=-0.08% raw=0.26% pos=74% top3=63%
  SOFT seed3_n8_c0.55|oos_sharpe|vt0.002|hi3.0: score=-0.03% raw=0.34% pos=74% top3=64%
  SOFT seed3_n8_c0.55|oos_sharpe|vt0.0025|hi2.0: score=-0.07% raw=0.26% pos=74% top3=63%
  SOFT seed3_n8_c0.55|oos_sharpe|vt0.0025|hi3.0: score=0.01% raw=0.38% pos=74% top3=64%
  SOFT seed3_n8_c0.55|oos_sharpe|vt0.003|hi2.0: score=-0.07% raw=0.26% pos=74% top3=63%
  SOFT seed3_n8_c0.55|oos_sharpe|vt0.003|hi3.0: score=0.04% raw=0.39% pos=74% top3=64%
  SOFT seed3_n8_c0.55|oos_sharpe|vt0.0035|hi2.0: score=-0.07% raw=0.26% pos=74% top3=63%
  SOFT seed3_n8_c0.55|oos_sharpe|vt0.0035|hi3.0: score=0.05% raw=0.39% pos=74% top3=64%
  SOFT seed3_n8_c0.55|oos_sharpe|vt0.004|hi2.0: score=-0.07% raw=0.26% pos=74% top3=63%
  SOFT seed3_n8_c0.55|oos_sharpe|vt0.004|hi3.0: score=0.05% raw=0.39% pos=74% top3=64%
  SOFT seed3_n8_c0.55|oos_sharpe|vt0.005|hi2.0: score=-0.07% raw=0.26% pos=74% top3=63%
  SOFT seed3_n8_c0.55|oos_sharpe|vt0.005|hi3.0: score=0.05% raw=0.39% pos=74% top3=64%
  SOFT seed6_n8_c0.55|equal|vt0.002|hi2.0: score=0.17% raw=0.43% pos=74% top3=62%
  SOFT seed6_n8_c0.55|equal|vt0.002|hi3.0: score=0.24% raw=0.60% pos=74% top3=64%
  SOFT seed6_n8_c0.55|equal|vt0.0025|hi2.0: score=0.16% raw=0.43% pos=74% top3=62%
  SOFT seed6_n8_c0.55|equal|vt0.0025|hi3.0: score=0.38% raw=0.65% pos=74% top3=62%
  SOFT seed6_n8_c0.55|equal|vt0.003|hi2.0: score=0.16% raw=0.43% pos=74% top3=62%
  SOFT seed6_n8_c0.55|equal|vt0.003|hi3.0: score=0.37% raw=0.65% pos=74% top3=62%
  SOFT seed6_n8_c0.55|equal|vt0.0035|hi2.0: score=0.16% raw=0.43% pos=74% top3=62%
  SOFT seed6_n8_c0.55|equal|vt0.0035|hi3.0: score=0.37% raw=0.64% pos=74% top3=62%
  SOFT seed6_n8_c0.55|equal|vt0.004|hi2.0: score=0.16% raw=0.43% pos=74% top3=62%
  SOFT seed6_n8_c0.55|equal|vt0.004|hi3.0: score=0.37% raw=0.64% pos=74% top3=62%
  SOFT seed6_n8_c0.55|equal|vt0.005|hi2.0: score=0.16% raw=0.43% pos=74% top3=62%
  SOFT seed6_n8_c0.55|equal|vt0.005|hi3.0: score=0.37% raw=0.64% pos=74% top3=62%
  SOFT seed6_n8_c0.55|oos_sharpe|vt0.002|hi2.0: score=0.14% raw=0.41% pos=74% top3=62%
  SOFT seed6_n8_c0.55|oos_sharpe|vt0.002|hi3.0: score=0.25% raw=0.58% pos=74% top3=63%
  SOFT seed6_n8_c0.55|oos_sharpe|vt0.0025|hi2.0: score=0.14% raw=0.41% pos=74% top3=62%
  SOFT seed6_n8_c0.55|oos_sharpe|vt0.0025|hi3.0: score=0.31% raw=0.61% pos=74% top3=62%
  SOFT seed6_n8_c0.55|oos_sharpe|vt0.003|hi2.0: score=0.14% raw=0.41% pos=74% top3=62%
  SOFT seed6_n8_c0.55|oos_sharpe|vt0.003|hi3.0: score=0.33% raw=0.61% pos=74% top3=62%
  SOFT seed6_n8_c0.55|oos_sharpe|vt0.0035|hi2.0: score=0.14% raw=0.41% pos=74% top3=62%
  SOFT seed6_n8_c0.55|oos_sharpe|vt0.0035|hi3.0: score=0.33% raw=0.61% pos=74% top3=62%
  SOFT seed6_n8_c0.55|oos_sharpe|vt0.004|hi2.0: score=0.14% raw=0.41% pos=74% top3=62%
  SOFT seed6_n8_c0.55|oos_sharpe|vt0.004|hi3.0: score=0.33% raw=0.61% pos=74% top3=62%
  SOFT seed6_n8_c0.55|oos_sharpe|vt0.005|hi2.0: score=0.14% raw=0.41% pos=74% top3=62%
  SOFT seed6_n8_c0.55|oos_sharpe|vt0.005|hi3.0: score=0.33% raw=0.61% pos=74% top3=62%
  SOFT seed7_n8_c0.55|oos_sharpe|vt0.002|hi2.0: score=0.04% raw=0.39% pos=78% top3=64%
  SOFT seed7_n8_c0.55|oos_sharpe|vt0.002|hi3.0: score=0.16% raw=0.56% pos=78% top3=65%
  SOFT seed7_n8_c0.55|oos_sharpe|vt0.0025|hi2.0: score=0.04% raw=0.39% pos=78% top3=64%
  SOFT seed7_n8_c0.55|oos_sharpe|vt0.0025|hi3.0: score=0.21% raw=0.58% pos=78% top3=64%
  SOFT seed7_n8_c0.55|oos_sharpe|vt0.003|hi2.0: score=0.04% raw=0.39% pos=78% top3=64%
  SOFT seed7_n8_c0.55|oos_sharpe|vt0.003|hi3.0: score=0.23% raw=0.59% pos=78% top3=64%
  SOFT seed7_n8_c0.55|oos_sharpe|vt0.0035|hi2.0: score=0.04% raw=0.39% pos=78% top3=64%
  SOFT seed7_n8_c0.55|oos_sharpe|vt0.0035|hi3.0: score=0.23% raw=0.59% pos=78% top3=64%
  SOFT seed7_n8_c0.55|oos_sharpe|vt0.004|hi2.0: score=0.04% raw=0.39% pos=78% top3=64%
  SOFT seed7_n8_c0.55|oos_sharpe|vt0.004|hi3.0: score=0.23% raw=0.59% pos=78% top3=64%
  SOFT seed7_n8_c0.55|oos_sharpe|vt0.005|hi2.0: score=0.04% raw=0.39% pos=78% top3=64%
  SOFT seed7_n8_c0.55|oos_sharpe|vt0.005|hi3.0: score=0.23% raw=0.59% pos=78% top3=64%
IS board wrote /workspace/Mt5-swing/reports/quest_smooth_is_board.csv (528 rows); constraint passers=104
BEST IS passer: lock_plus4|oos_sharpe|vt0.0035|hi3.0 score=0.55%/mo
=== Confirmation (holdout not used for selection) ===
  lock_plus4|oos_sharpe|vt0.0035|hi3.0     2024           mo= 0.81% pos=  73% top3=  55% g=True
  lock_plus4|oos_sharpe|vt0.0035|hi3.0     2025           mo= 0.80% pos=  64% top3=  63% g=True
  lock_plus4|oos_sharpe|vt0.0035|hi3.0     2026           mo= 1.33% pos=  75% top3=  84% g=True
  lock_plus4|oos_sharpe|vt0.0035|hi3.0     holdout_365d   mo= 0.63% pos=  50% top3=  84% g=True
  lock_plus4|oos_sharpe|vt0.0035|hi3.0     roll12_m6      mo= 0.50% pos=  50% top3=  67% g=True
  lock_plus4|oos_sharpe|vt0.004|hi3.0      2024           mo= 0.81% pos=  73% top3=  55% g=True
  lock_plus4|oos_sharpe|vt0.004|hi3.0      2025           mo= 0.80% pos=  64% top3=  63% g=True
  lock_plus4|oos_sharpe|vt0.004|hi3.0      2026           mo= 1.31% pos=  75% top3=  84% g=True
  lock_plus4|oos_sharpe|vt0.004|hi3.0      holdout_365d   mo= 0.62% pos=  50% top3=  84% g=True
  lock_plus4|oos_sharpe|vt0.004|hi3.0      roll12_m6      mo= 0.50% pos=  50% top3=  67% g=True
  lock_plus4|oos_sharpe|vt0.005|hi3.0      2024           mo= 0.81% pos=  73% top3=  55% g=True
  lock_plus4|oos_sharpe|vt0.005|hi3.0      2025           mo= 0.80% pos=  64% top3=  63% g=True
  lock_plus4|oos_sharpe|vt0.005|hi3.0      2026           mo= 1.31% pos=  75% top3=  84% g=True
  lock_plus4|oos_sharpe|vt0.005|hi3.0      holdout_365d   mo= 0.62% pos=  50% top3=  84% g=True
  lock_plus4|oos_sharpe|vt0.005|hi3.0      roll12_m6      mo= 0.50% pos=  50% top3=  67% g=True
  lock_plus4|oos_sharpe|vt0.003|hi3.0      2024           mo= 0.80% pos=  73% top3=  55% g=True
  lock_plus4|oos_sharpe|vt0.003|hi3.0      2025           mo= 0.80% pos=  64% top3=  63% g=True
  lock_plus4|oos_sharpe|vt0.003|hi3.0      2026           mo= 1.34% pos=  75% top3=  83% g=True
  lock_plus4|oos_sharpe|vt0.003|hi3.0      holdout_365d   mo= 0.63% pos=  50% top3=  84% g=True
  lock_plus4|oos_sharpe|vt0.003|hi3.0      roll12_m6      mo= 0.50% pos=  50% top3=  67% g=True
  lock_plus3|oos_sharpe|vt0.005|hi3.0      2024           mo= 1.11% pos=  73% top3=  56% g=True
  lock_plus3|oos_sharpe|vt0.005|hi3.0      2025           mo= 0.64% pos=  73% top3=  61% g=True
  lock_plus3|oos_sharpe|vt0.005|hi3.0      2026           mo= 1.41% pos=  50% top3=  90% g=True
  lock_plus3|oos_sharpe|vt0.005|hi3.0      holdout_365d   mo= 0.83% pos=  50% top3=  84% g=True
  lock_plus3|oos_sharpe|vt0.005|hi3.0      roll12_m6      mo= 0.20% pos=  58% top3=  68% g=True
=== Metals probe (dual-confirm only) ===
XAU candidates: [('XAUUSD', 'H4', 'breakout_donchian', 0.41)]
  skip XAUUSD:H4:breakout_donchian — not dual-confirm
=== Promotion board ===
  baseline_vt0025                                  24= 0.42/55 25= 1.63 HO= 1.52/75 PROMOTE=False (2024 mean_mo=0.42% <1%)
  lock_plus4|oos_sharpe|vt0.0035|hi3.0             24= 0.81/73 25= 0.80 HO= 0.63/50 PROMOTE=False (2024 mean_mo=0.81% <1%)
  lock_plus4|oos_sharpe|vt0.004|hi3.0              24= 0.81/73 25= 0.80 HO= 0.62/50 PROMOTE=False (2024 mean_mo=0.81% <1%)
  lock_plus4|oos_sharpe|vt0.005|hi3.0              24= 0.81/73 25= 0.80 HO= 0.62/50 PROMOTE=False (2024 mean_mo=0.81% <1%)
  lock_plus4|oos_sharpe|vt0.003|hi3.0              24= 0.80/73 25= 0.80 HO= 0.63/50 PROMOTE=False (2024 mean_mo=0.80% <1%)
  lock_plus3|oos_sharpe|vt0.005|hi3.0              24= 1.11/73 25= 0.64 HO= 0.83/50 PROMOTE=False (2025 mean_mo=0.64% <1%)
Wrote reports/quest_smooth_return_wf.md; promote=False
