data_source=approximate_non_ftmo RF=0.08 VT=0.0025 tag_locked=fx4plus_gbpcad_d1_voltarget_0025
end=2026-09-16 00:00:00+00:00 holdout_start=2025-09-16 00:00:00+00:00 IS=['2024', '2025_IS'] CONF=['2025', '2026', 'holdout_365d']
  legs ready 2024: [1596, 1596, 1597, 1602, 262]
  legs ready 2025_IS: [1125, 1125, 1125, 1129, 182]
  legs ready 2025: [1591, 1590, 1591, 1596, 257]
  legs ready 2026: [1121, 1121, 1120, 1122, 184]
  legs ready holdout_365d: [1587, 1586, 1586, 1589, 259]
baseline 2024 mo=0.42% pos=55% top3=74%
retpct: lock+retpct_tb21_hb126_p0.85_c0.35 soft=False 2024=0.32% HO=1.25%/67% note=is_fail
retpct: lock+retpct_tb21_hb126_p0.85_c0.5 soft=False 2024=0.34% HO=1.31%/67% note=is_fail
retpct: lock+retpct_tb21_hb126_p0.85_c0.65 soft=False 2024=0.37% HO=1.38%/67% note=is_fail
retpct: lock+retpct_tb21_hb252_p0.85_c0.35 soft=False 2024=0.48% HO=1.15%/67% note=is_fail
retpct: lock+retpct_tb21_hb252_p0.85_c0.5 soft=False 2024=0.47% HO=1.24%/67% note=is_fail
retpct: lock+retpct_tb21_hb252_p0.85_c0.65 soft=False 2024=0.45% HO=1.32%/67% note=is_fail
retpct: lock+retpct_tb42_hb126_p0.85_c0.35 soft=False 2024=0.25% HO=1.33%/67% note=is_fail
retpct: lock+retpct_tb42_hb126_p0.85_c0.5 soft=False 2024=0.29% HO=1.38%/67% note=is_fail
retpct: lock+retpct_tb42_hb126_p0.85_c0.65 soft=False 2024=0.33% HO=1.42%/67% note=is_fail
retpct: lock+retpct_tb42_hb252_p0.85_c0.35 soft=False 2024=0.14% HO=1.15%/75% note=is_fail
retpct: lock+retpct_tb42_hb252_p0.85_c0.5 soft=False 2024=0.21% HO=1.24%/75% note=is_fail
retpct: lock+retpct_tb42_hb252_p0.85_c0.65 soft=False 2024=0.27% HO=1.32%/75% note=is_fail
retpct: lock+retpct_tb63_hb126_p0.85_c0.35 soft=False 2024=-0.05% HO=1.53%/83% note=is_fail
retpct: lock+retpct_tb63_hb126_p0.85_c0.5 soft=False 2024=0.06% HO=1.53%/83% note=is_fail
retpct: lock+retpct_tb63_hb126_p0.85_c0.65 soft=False 2024=0.17% HO=1.52%/83% note=is_fail
retpct: lock+retpct_tb63_hb252_p0.85_c0.35 soft=False 2024=-0.01% HO=1.21%/75% note=is_fail
retpct: lock+retpct_tb63_hb252_p0.85_c0.5 soft=False 2024=0.09% HO=1.28%/75% note=is_fail
retpct: lock+retpct_tb63_hb252_p0.85_c0.65 soft=False 2024=0.19% HO=1.35%/75% note=is_fail
/workspace/Mt5-swing/src/mt5_swing/portfolio/overlays.py:297: UserWarning: Converting to PeriodArray/Index representation will drop timezone information.
  months = idx.tz_convert("UTC").to_period("M")
/workspace/Mt5-swing/src/mt5_swing/portfolio/overlays.py:297: UserWarning: Converting to PeriodArray/Index representation will drop timezone information.
  months = idx.tz_convert("UTC").to_period("M")
/workspace/Mt5-swing/src/mt5_swing/portfolio/overlays.py:297: UserWarning: Converting to PeriodArray/Index representation will drop timezone information.
  months = idx.tz_convert("UTC").to_period("M")
/workspace/Mt5-swing/src/mt5_swing/portfolio/overlays.py:297: UserWarning: Converting to PeriodArray/Index representation will drop timezone information.
  months = idx.tz_convert("UTC").to_period("M")
/workspace/Mt5-swing/src/mt5_swing/portfolio/overlays.py:297: UserWarning: Converting to PeriodArray/Index representation will drop timezone information.
  months = idx.tz_convert("UTC").to_period("M")
wrebal+mtd: wrebal_0.328_0.029_0.241_0.178_0.224+mtd_t0.015_a0.5_frozen soft=True 2024=1.18% HO=1.69%/67% note=holdout_fail
/workspace/Mt5-swing/src/mt5_swing/portfolio/overlays.py:297: UserWarning: Converting to PeriodArray/Index representation will drop timezone information.
  months = idx.tz_convert("UTC").to_period("M")
/workspace/Mt5-swing/src/mt5_swing/portfolio/overlays.py:297: UserWarning: Converting to PeriodArray/Index representation will drop timezone information.
  months = idx.tz_convert("UTC").to_period("M")
/workspace/Mt5-swing/src/mt5_swing/portfolio/overlays.py:297: UserWarning: Converting to PeriodArray/Index representation will drop timezone information.
  months = idx.tz_convert("UTC").to_period("M")
/workspace/Mt5-swing/src/mt5_swing/portfolio/overlays.py:297: UserWarning: Converting to PeriodArray/Index representation will drop timezone information.
  months = idx.tz_convert("UTC").to_period("M")
/workspace/Mt5-swing/src/mt5_swing/portfolio/overlays.py:297: UserWarning: Converting to PeriodArray/Index representation will drop timezone information.
  months = idx.tz_convert("UTC").to_period("M")
wrebal+mtd: wrebal_0.328_0.029_0.241_0.178_0.224+mtd_t0.015_a0.65_frozen soft=True 2024=1.03% HO=1.70%/67% note=holdout_fail
wrebal+retpct: wrebal_0.328_0.029_0.241_0.178_0.224+retpct_tb21_hb126_p0.85_c0.65_frozen soft=True note=holdout_fail
wrebal+retpct: wrebal_0.328_0.029_0.241_0.178_0.224+retpct_tb21_hb126_p0.9_c0.65_frozen soft=False note=is_fail
wrebal+mtd+retpct: wrebal_0.328_0.029_0.241_0.178_0.224+mtd_t0.015_a0.5_frozen+retpct_tb42_hb126_p0.8_c0.65 soft=True note=holdout_fail HO_pos=75%
wrebal+mtd+retpct: wrebal_0.328_0.029_0.241_0.178_0.224+mtd_t0.015_a0.65_frozen+retpct_tb42_hb126_p0.85_c0.65 soft=True note=holdout_fail HO_pos=67%
blend a=0.40 vs wrebal_0.328_0.029_0.241_0.178_0.224+mtd_t0.015_a0.5_frozen+retpct_tb42_hb126_p0.8_c0.65: soft=True 2024=0.66% HO=1.59%/67% note=holdout_fail
blend a=0.55 vs wrebal_0.328_0.029_0.241_0.178_0.224+mtd_t0.015_a0.5_frozen+retpct_tb42_hb126_p0.8_c0.65: soft=True 2024=0.75% HO=1.62%/67% note=holdout_fail
blend a=0.40 vs wrebal_0.328_0.029_0.241_0.178_0.224+mtd_t0.015_a0.5_frozen: soft=True 2024=0.73% HO=1.59%/67% note=holdout_fail
blend a=0.55 vs wrebal_0.328_0.029_0.241_0.178_0.224+mtd_t0.015_a0.5_frozen: soft=True 2024=0.84% HO=1.61%/67% note=holdout_fail
blend a=0.40 vs wrebal_0.328_0.029_0.241_0.178_0.224+mtd_t0.015_a0.65_frozen+retpct_tb42_hb126_p0.85_c0.65: soft=True 2024=0.59% HO=1.55%/67% note=holdout_fail
blend a=0.55 vs wrebal_0.328_0.029_0.241_0.178_0.224+mtd_t0.015_a0.65_frozen+retpct_tb42_hb126_p0.85_c0.65: soft=True 2024=0.65% HO=1.57%/67% note=holdout_fail
BOARD n=32 soft=3 hard=0 promote=0
Wrote /workspace/Mt5-swing/reports/quest_ret_pctile_board.csv
Wrote /workspace/Mt5-swing/reports/quest_ret_pctile_consistency.md
Wrote /workspace/Mt5-swing/configs/quest_ret_pctile_selected.json
