=== scholarly FX World Uncertainty Index (WUI) wave (§40) ===
Ahir–Bloom–Furceri country WUI via FRED (quarterly → monthly after pub_lag=4) — uncertainty XS on **levels**; distinct from EPU/TPU, GPR/AI-GPR, OECD CLI/CCI/BCI, IG OAS. Locked sleeve untouched.
WUI panel cols=['USD', 'EUR', 'GBP', 'JPY', 'CAD', 'AUD', 'NZD', 'CHF'] [1952-05-01..2026-08-01] pub_lag_m=4
currency fred_id  n_obs      start        end     last                                                                                note
     USD  WUIUSA    892 1952-05-01 2026-08-01 1.406800                                   Ahir–Bloom–Furceri country WUI WUIUSA (quarterly)
     EUR  WUIDEU    889 1952-08-01 2026-08-01 0.521240 Germany proxy via WUIDEU (WUIFRA/WUIITA/WUIESP alts; no clean EA aggregate on FRED)
     GBP  WUIGBR    880 1953-05-01 2026-08-01 1.418897                                   Ahir–Bloom–Furceri country WUI WUIGBR (quarterly)
     JPY  WUIJPN    886 1952-11-01 2026-08-01 0.284353                                   Ahir–Bloom–Furceri country WUI WUIJPN (quarterly)
     CAD  WUICAN    889 1952-08-01 2026-08-01 1.902009                                   Ahir–Bloom–Furceri country WUI WUICAN (quarterly)
     AUD  WUIAUS    892 1952-05-01 2026-08-01 0.085012                                   Ahir–Bloom–Furceri country WUI WUIAUS (quarterly)
     NZD  WUINZL    850 1955-11-01 2026-08-01 0.197492                                   Ahir–Bloom–Furceri country WUI WUINZL (quarterly)
     CHF  WUICHE    892 1952-05-01 2026-08-01 2.151887                                   Ahir–Bloom–Furceri country WUI WUICHE (quarterly)
Series source note: FRED Ahir–Bloom–Furceri World Uncertainty Index (country quarterly; EUR=WUIDEU Germany proxy; WUIFRA/WUIITA/WUIESP alts; full G10 live ~2026-04)
Score basis: levels unit=wui_index_level
Failed/alt documented: {'eur_germany_proxy': ['WUIDEU'], 'eur_france_alt': ['WUIFRA'], 'eur_italy_alt': ['WUIITA'], 'eur_spain_alt': ['WUIESP'], 'eur_no_clean_ea_aggregate': [], 'usd_primary': ['WUIUSA'], 'gbp_primary': ['WUIGBR'], 'jpy_primary': ['WUIJPN'], 'cad_primary': ['WUICAN'], 'aud_primary': ['WUIAUS'], 'nzd_primary': ['WUINZL'], 'chf_primary': ['WUICHE']}
US WUIUSA [1952-05-01..2026-08-01] n=892 series=WUIUSA
FX panel: ['EURUSD', 'GBPUSD', 'AUDUSD', 'NZDUSD', 'USDJPY', 'USDCAD', 'USDCHF'] tag=approximate_non_ftmo
  sweep low_wui_xs: scale=0.608 bind=static IS mean_mo=-0.055% OOS gates=True
  sweep high_wui_xs: scale=2.111 bind=daily IS mean_mo=0.167% OOS gates=True
  sweep low_wui_z_xs: scale=1.021 bind=static IS mean_mo=0.061% OOS gates=True
  sweep wui_chg_xs: scale=0.923 bind=static IS mean_mo=0.003% OOS gates=True
  sweep us_wui_stress_fx: scale=2.541 bind=static IS mean_mo=0.056% OOS gates=True
  sweep us_wui_haven_usd: scale=2.178 bind=static IS mean_mo=-0.051% OOS gates=True
  sweep wui_ew: scale=1.236 bind=static IS mean_mo=-0.027% OOS gates=True
=== factor summary ===
  low_wui_xs: mean_mo=-0.071% NW_t=-1.07 %pos=49%
  high_wui_xs: mean_mo=+0.061% NW_t=+0.93 %pos=52%
  low_wui_z_xs: mean_mo=+0.073% NW_t=+1.23 %pos=57%
  wui_chg_xs: mean_mo=+0.023% NW_t=+0.39 %pos=56%
  us_wui_stress_fx: mean_mo=+0.018% NW_t=+0.67 %pos=13%
  us_wui_haven_usd: mean_mo=-0.019% NW_t=-0.71 %pos=14%
  wui_ew: mean_mo=-0.010% NW_t=-0.25 %pos=51%
board n=7 soft=0 hard=0 promote_unscaled=False scaled_primary=False
