=== scholarly FX NFCI-conditioned soft-signal EW wave (§90) ===
US NFCI stress gate/cool on soft_ew_macro5 — primary soft_low_nfci; Dahlquist–Hasseltoft + Brunnermeier–Nagel–Pedersen + Chicago Fed NFCI; distinct from funding_liq §20, soft_ew §66, soft CIP §69, CIP soft §71, VIX/GPR soft §72, EPU/TPU soft §76, WUI soft §85, CIP/VIX/EPU/WUI × carry/mom/value/REER §68/§73–§89, capital-sleeve §53/§70, combo §8. Locked sleeve untouched.
US NFCI (NFCI) [1971-01-15..2026-09-18] n=2906 pub_lag_days=7 series=fred_NFCI
FX panel: ['EURUSD', 'GBPUSD', 'AUDUSD', 'NZDUSD', 'USDJPY', 'USDCAD', 'USDCHF'] tag=approximate_non_ftmo
  load BCI panel pub_lag=2 signal_lag=0…
  load IP panel pub_lag=2 signal_lag=0…
  load PPI panel pub_lag=2 signal_lag=1…
  load GDP panel pub_lag=3 signal_lag=1…
  load cars panel pub_lag=2 signal_lag=1…
soft_ew_macro5 n=3905 [2011-09-15..2026-09-15]
  sweep soft_raw: scale=5.396 bind=daily IS mean_mo=0.661% OOS gates=True
  sweep soft_nfci_cool: scale=7.067 bind=daily IS mean_mo=0.746% OOS gates=True
  sweep soft_low_nfci: scale=7.671 bind=daily IS mean_mo=0.667% OOS gates=True
  sweep soft_high_nfci: scale=10.814 bind=daily IS mean_mo=0.177% OOS gates=True
  sweep us_nfci_haven_usd: scale=2.194 bind=static IS mean_mo=-0.018% OOS gates=True
  sweep soft_nfci_stack: scale=7.671 bind=daily IS mean_mo=0.667% OOS gates=True
  sweep soft_nfci_ew: scale=6.798 bind=daily IS mean_mo=0.417% OOS gates=True
  sweep soft_nfci_regime: scale=2.969 bind=daily IS mean_mo=0.234% OOS gates=True
Locked sleeve re-verify (§90 nfci_conditioned_soft): configs/quest_one_pct_candidate.yaml
basket_tag=fx4plus_gbpcad_d1_voltarget_0025 untouched
sha256=bafed8eff5aa7541a42b99a486def2402f530b288a1ad6e7d273a56b2feb1790
Canonical windowed PASS (same as §84 / §76 — config unmodified):
2024           mean_mo= 0.42% pos=  55% top3=  74% gates=PASS
2025           mean_mo= 1.63% pos=  73% top3=  69% gates=PASS
2026           mean_mo= 2.30% pos=  88% top3=  87% gates=PASS
holdout_365d   mean_mo= 1.52% pos=  75% top3=  81% gates=PASS
Wrote /workspace/Mt5-swing/reports/quest_locked_verify_nfci_conditioned_soft.md
=== factor summary ===
  soft_low_nfci: mean_mo=+0.085% NW_t=+2.95 %pos=46%
  soft_nfci_cool: mean_mo=+0.103% NW_t=+3.37 %pos=61%
  soft_raw: mean_mo=+0.118% NW_t=+3.63 %pos=61%
  soft_high_nfci: mean_mo=+0.015% NW_t=+1.64 %pos=7%
  us_nfci_haven_usd: mean_mo=-0.008% NW_t=-0.25 %pos=6%
  soft_nfci_stack: mean_mo=+0.085% NW_t=+2.95 %pos=46%
  soft_nfci_ew: mean_mo=+0.060% NW_t=+2.70 %pos=59%
  soft_nfci_regime: mean_mo=+0.078% NW_t=+1.78 %pos=52%
board n=8 soft=7 hard=5 promote_unscaled=False scaled_primary=False
