=== scholarly FX CIP-conditioned Menkhoff FX momentum wave (§82) ===
cip_govt 5y stress gate/cool on Menkhoff FX mom — primary mom_low_cip; Menkhoff 2012 JFE Currency Momentum + Du–Tepper–Verdelhan / Du–Keerati–Schreger; distinct from combo §8, raw fx_momentum, CIP×carry §68, CIP soft §71, VIX/GPR mom §74, EPU/TPU mom §79, soft/carry/value/REER stress §72–§81, capital-sleeve §53/§70. Locked sleeve untouched.
slim G10 panel → /workspace/Mt5-swing/data/macro/cip_g10_5y_govt_panel.csv
cip panel cols=['EUR', 'GBP', 'JPY', 'AUD', 'CAD', 'CHF', 'NZD'] [2000-01-31..2025-07-31] tenor=5y pub_lag_d=1
currency  n_obs      start        end       last
     EUR    307 2000-01-31 2025-07-31 -28.145006
     GBP    307 2000-01-31 2025-07-31 -14.279994
     JPY    307 2000-01-31 2025-07-31  12.460004
     AUD    307 2000-01-31 2025-07-31 -34.010006
     CAD    306 2000-02-29 2025-07-31  -5.760102
     CHF    307 2000-01-31 2025-07-31 -21.175005
     NZD    307 2000-01-31 2025-07-31   0.050011
UST premium / cip_stress [2000-01-31..2025-07-31] n=307
FX panel: ['EURUSD', 'GBPUSD', 'AUDUSD', 'NZDUSD', 'USDJPY', 'USDCAD', 'USDCHF'] tag=approximate_non_ftmo
mom coverage [2011-09-18..2026-09-15]
  sweep mom_raw: scale=0.442 bind=static IS mean_mo=-0.050% OOS gates=True
  sweep mom_cip_cool: scale=0.534 bind=static IS mean_mo=-0.048% OOS gates=True
  sweep mom_low_cip: scale=0.998 bind=static IS mean_mo=-0.037% OOS gates=True
  sweep mom_high_cip: scale=2.995 bind=static IS mean_mo=0.022% OOS gates=True
  sweep cip_stress_haven_usd: scale=2.881 bind=daily IS mean_mo=0.225% OOS gates=True
  sweep mom_cip_stack: scale=2.284 bind=static IS mean_mo=-0.013% OOS gates=True
  sweep mom_cip_ew: scale=1.800 bind=static IS mean_mo=-0.029% OOS gates=True
  sweep mom_cip_regime: scale=3.274 bind=daily IS mean_mo=0.136% OOS gates=True
Locked sleeve re-verify (§82 cip_conditioned_mom): configs/quest_one_pct_candidate.yaml
basket_tag=fx4plus_gbpcad_d1_voltarget_0025 untouched
sha256=bafed8eff5aa7541a42b99a486def2402f530b288a1ad6e7d273a56b2feb1790
Canonical windowed PASS (same as §81 / §79 / §74 / §68 — config unmodified):
2024           mean_mo= 0.42% pos=  55% top3=  74% gates=PASS
2025           mean_mo= 1.63% pos=  73% top3=  69% gates=PASS
2026           mean_mo= 2.30% pos=  88% top3=  87% gates=PASS
holdout_365d   mean_mo= 1.52% pos=  75% top3=  81% gates=PASS
Wrote /workspace/Mt5-swing/reports/quest_locked_verify_cip_conditioned_mom.md
=== factor summary ===
  mom_low_cip: mean_mo=-0.005% NW_t=-0.10 %pos=19%
  mom_cip_cool: mean_mo=-0.055% NW_t=-1.05 %pos=43%
  mom_raw: mean_mo=-0.076% NW_t=-1.10 %pos=45%
  mom_high_cip: mean_mo=+0.007% NW_t=+0.18 %pos=18%
  cip_stress_haven_usd: mean_mo=+0.073% NW_t=+1.91 %pos=21%
  mom_cip_stack: mean_mo=+0.009% NW_t=+0.30 %pos=46%
  mom_cip_ew: mean_mo=+0.004% NW_t=+0.13 %pos=47%
  mom_cip_regime: mean_mo=+0.068% NW_t=+1.10 %pos=39%
board n=8 soft=1 hard=0 promote_unscaled=False scaled_primary=False
