=== scholarly FX OECD/FRED passenger-car registrations wave (§60) ===
FRED SLRTCR03 passenger-car regs YoY (GYSAM; pub_lag=2) — high_cars XS; growth-channel / durable auto-demand prior; EUR=ESP Spain proxy; NZD/CHF unmapped; distinct from retail §46, permits §43, construction §59, IP §42. Locked sleeve untouched. Fall-through: housing starts + mfg orders thin/404.
passenger_cars panel cols=['USD', 'EUR', 'GBP', 'JPY', 'CAD', 'AUD'] [1948-02-01..2026-10-01] pub_lag_m=2
currency          fred_id freq  n_obs      start        end      last                                                                                 note
     USD USASLRTCR03GYSAM    M    799 1960-03-01 2026-09-01  3.486590                           OECD MEI passenger-car regs YoY USASLRTCR03GYSAM (monthly)
     EUR ESPSLRTCR03GYSAM    M    788 1961-03-01 2026-10-01 12.194353 Spain proxy ESPSLRTCR03GYSAM (M YoY %); DEU/FRA GYSAM 404; EA19 GYSAM stale ~2018-12
     GBP GBRSLRTCR03GYSAM    M    823 1958-03-01 2026-09-01 13.704279                           OECD MEI passenger-car regs YoY GBRSLRTCR03GYSAM (monthly)
     JPY JPNSLRTCR03GYSAM    M    688 1969-06-01 2026-09-01  9.931299                           OECD MEI passenger-car regs YoY JPNSLRTCR03GYSAM (monthly)
     CAD CANSLRTCR03GYSAM    M    943 1948-02-01 2026-08-01 -1.243775                           OECD MEI passenger-car regs YoY CANSLRTCR03GYSAM (monthly)
     AUD AUSSLRTCR03GYSAM    M    392 1994-03-01 2026-10-01  2.825226                           OECD MEI passenger-car regs YoY AUSSLRTCR03GYSAM (monthly)
     NZD                            0        NaN        NaN       NaN                                              unmapped_stale:NZLSLRTCR03GYSAM~2021-04
     CHF                            0        NaN        NaN       NaN                                              unmapped_stale:CHESLRTCR03GYSAM~2018-12
Series source note: FRED OECD MEI {ISO3}SLRTCR03GYSAM passenger-car registrations YoY (USD/GBP/JPY/CAD/AUD live; EUR=ESPSLRTCR03GYSAM Spain proxy — DEU/FRA 404, EA19 stale ~2018-12; NZD/CHF unmapped stale; housing starts ODCNPI02 404 thin fallthrough; mfg orders ODMN* 404 thin fallthrough)
Score basis: passenger_cars_yoy_pct unit=yoy_pct
Failed/alt documented: {'housing_starts_odcnpi02_g10_404_fallthrough': ['USAODCNPI02GYSAM', 'CANODCNPI02GYSAM', 'AUSODCNPI02GYSAM', 'DEUODCNPI02GYSAM', 'FRAODCNPI02GYSAM', 'GBRODCNPI02GYSAM', 'JPNODCNPI02GYSAM', 'CHEODCNPI02GYSAM', 'NZLODCNPI02GYSAM', 'EA19ODCNPI02GYSAM'], 'housing_completions_odcnpi04_404_fallthrough': ['USAODCNPI04GYSAM', 'CANODCNPI04GYSAM', 'AUSODCNPI04GYSAM', 'DEUODCNPI04GYSAM'], 'us_housing_starts_live_thin_panel': ['HOUST', 'HOUST1F', 'COMPUTSA', 'COMPU1USA'], 'mfg_orders_odmn_g10_404_fallthrough': ['USAODMNNO01GYSAM', 'CANODMNNO01GYSAM', 'DEUODMNNO01GYSAM', 'GBRODMNNO01GYSAM', 'JPNODMNNO01GYSAM', 'AUSODMNNO01GYSAM', 'USAODMNTO01GYSAM', 'CANODMNTO01GYSAM', 'DEUODMNTO01GYSAM'], 'us_mfg_orders_live_thin_panel': ['AMTMNO', 'DGORDER', 'NEWORDER', 'ISRATIO', 'MNFCTRIRSA'], 'eur_deu_fra_gysam_404': ['DEUSLRTCR03GYSAM', 'FRASLRTCR03GYSAM'], 'eur_ea19_gysam_stale_2018_12': ['EA19SLRTCR03GYSAM', 'EA19SLRTCR03GYSAQ'], 'eur_spain_proxy_primary': ['ESPSLRTCR03GYSAM'], 'nzd_stale_2021_04': ['NZLSLRTCR03GYSAM'], 'chf_stale_2018_12': ['CHESLRTCR03GYSAM'], 'slrtcr03_q657s_stale_~2018': ['SLRTCR03USQ657S', 'SLRTCR03CAQ657S', 'SLRTCR03DEQ657S', 'SLRTCR03GBQ657S', 'SLRTCR03JPQ657S', 'SLRTCR03AUQ657S', 'SLRTCR03NZQ657S', 'SLRTCR03CHQ657S'], 'us_national_unit_sales_alts_not_mixed': ['TOTALSA', 'ALTSALES'], 'hours_vacancies_404_or_stale_not_this_wave': ['HOHWMN02USM065S', 'LMJVTTUVUSM647S', 'JTSJOL'], 'distinct_channels_not_this_wave': ['SLRTTO01USA657S', 'ODCNPI03USA661N', 'USAPRCNTO01GYSAM', 'USAPRINTO01GYSAM', 'BSCICP02USM460S', 'USALOLITOAASTSAM']}
Stale: True note=NZLSLRTCR03GYSAM stale ~2021-04 — NZD unmapped; CHESLRTCR03GYSAM stale ~2018-12 — CHF unmapped; DEUSLRTCR03GYSAM/FRASLRTCR03GYSAM 404; EA19SLRTCR03GYSAM stale ~2018-12; EUR=ESPSLRTCR03GYSAM Spain proxy a priori; housing starts ODCNPI02 G10 404 + US HOUST thin → fall through; mfg orders ODMN* G10 404 + US AMTMNO thin → fall through
Unmapped: ['NZD', 'CHF']
US USASLRTCR03GYSAM YoY [1960-03-01..2026-09-01] n=799 series=USASLRTCR03GYSAM
FX panel: ['EURUSD', 'GBPUSD', 'AUDUSD', 'NZDUSD', 'USDJPY', 'USDCAD', 'USDCHF'] tag=approximate_non_ftmo
  sweep high_cars_xs: scale=0.351 bind=static IS mean_mo=-0.053% OOS gates=True
  sweep low_cars_xs: scale=2.428 bind=daily IS mean_mo=0.319% OOS gates=True
  sweep high_cars_z_xs: scale=0.591 bind=static IS mean_mo=-0.053% OOS gates=True
  sweep cars_chg_xs: scale=0.494 bind=static IS mean_mo=-0.050% OOS gates=True
  sweep us_cars_stress_fx: scale=1.951 bind=static IS mean_mo=0.024% OOS gates=True
  sweep us_cars_haven_usd: scale=3.479 bind=static IS mean_mo=-0.051% OOS gates=True
  sweep cars_ew: scale=0.645 bind=static IS mean_mo=-0.051% OOS gates=True
=== factor summary ===
  high_cars_xs: mean_mo=-0.138% NW_t=-2.18 %pos=45%
  low_cars_xs: mean_mo=+0.120% NW_t=+1.93 %pos=54%
  high_cars_z_xs: mean_mo=-0.091% NW_t=-1.43 %pos=47%
  cars_chg_xs: mean_mo=-0.090% NW_t=-1.54 %pos=45%
  us_cars_stress_fx: mean_mo=+0.012% NW_t=+0.38 %pos=14%
  us_cars_haven_usd: mean_mo=-0.013% NW_t=-0.44 %pos=14%
  cars_ew: mean_mo=-0.072% NW_t=-2.19 %pos=44%
board n=7 soft=1 hard=0 promote_unscaled=False scaled_primary=False
