=== scholarly FX CIP-conditioned Lustig–Verdelhan carry wave (§68) ===
cip_govt 5y stress gate/cool on IR3M carry — primary carry_low_cip_stress; Lustig–Roussanov–Verdelhan + Du–Tepper–Verdelhan / Du–Keerati–Schreger; distinct from fwd_carry §19, funding_liq §20, IG OAS §36, ACM TP §44, CIP XS §67, combo §8, capital-sleeve §53 / soft EW §66. Locked sleeve untouched.
slim G10 panel → /workspace/Mt5-swing/data/macro/cip_g10_5y_govt_panel.csv
cip panel cols=['EUR', 'GBP', 'JPY', 'AUD', 'CAD', 'CHF', 'NZD'] [2000-01-31..2025-07-31] tenor=5y pub_lag_d=1
currency  n_obs      start        end       last
     EUR    307 2000-01-31 2025-07-31 -28.145006
     GBP    307 2000-01-31 2025-07-31 -14.279994
     JPY    307 2000-01-31 2025-07-31  12.460004
     AUD    307 2000-01-31 2025-07-31 -34.010006
     CAD    306 2000-02-29 2025-07-31  -5.760102
     CHF    307 2000-01-31 2025-07-31 -21.175005
     NZD    307 2000-01-31 2025-07-31   0.050011
UST premium / cip_stress [2000-01-31..2025-07-31] n=307
FX panel: ['EURUSD', 'GBPUSD', 'AUDUSD', 'NZDUSD', 'USDJPY', 'USDCAD', 'USDCHF'] tag=approximate_non_ftmo
rates cols=['USD', 'EUR', 'GBP', 'JPY', 'AUD', 'CAD', 'CHF', 'NZD'] [1954-08-01..2026-09-01]
  sweep cip_stress_haven_usd: scale=2.881 bind=daily IS mean_mo=0.225% OOS gates=True
  sweep carry_raw: scale=0.963 bind=static IS mean_mo=-0.021% OOS gates=True
  sweep carry_cip_cool: scale=2.548 bind=static IS mean_mo=0.051% OOS gates=True
  sweep carry_low_cip_stress: scale=2.602 bind=daily IS mean_mo=0.105% OOS gates=True
  sweep carry_high_cip_stress: scale=1.400 bind=static IS mean_mo=-0.047% OOS gates=True
  sweep cip_carry_ew: scale=3.582 bind=daily IS mean_mo=0.166% OOS gates=True
Locked sleeve re-verify (§68 cip_conditioned_carry): configs/quest_one_pct_candidate.yaml
basket_tag=fx4plus_gbpcad_d1_voltarget_0025 untouched
sha256=bafed8eff5aa7541a42b99a486def2402f530b288a1ad6e7d273a56b2feb1790
Canonical windowed PASS (same as §67 cip_basis — config unmodified):
2024           mean_mo= 0.42% pos=  55% top3=  74% gates=PASS
2025           mean_mo= 1.63% pos=  73% top3=  69% gates=PASS
2026           mean_mo= 2.30% pos=  88% top3=  87% gates=PASS
holdout_365d   mean_mo= 1.52% pos=  75% top3=  81% gates=PASS
Wrote /workspace/Mt5-swing/reports/quest_locked_verify_cip_conditioned_carry.md
=== factor summary ===
  cip_stress_haven_usd: mean_mo=+0.073% NW_t=+1.91 %pos=21%
  carry_raw: mean_mo=-0.002% NW_t=-0.03 %pos=51%
  carry_cip_cool: mean_mo=+0.039% NW_t=+0.78 %pos=51%
  carry_low_cip_stress: mean_mo=+0.057% NW_t=+1.49 %pos=23%
  carry_high_cip_stress: mean_mo=-0.031% NW_t=-0.88 %pos=16%
  cip_carry_ew: mean_mo=+0.056% NW_t=+1.89 %pos=57%
board n=6 soft=2 hard=0 promote_unscaled=False scaled_primary=False
