/workspace/Mt5-swing/src/mt5_swing/data/fred_macro_diff.py:84: UserWarning: Converting to PeriodArray/Index representation will drop timezone information.
  s.index = pd.DatetimeIndex(idx).to_period("M").to_timestamp().tz_localize("UTC")
/workspace/Mt5-swing/src/mt5_swing/data/fred_macro_diff.py:84: UserWarning: Converting to PeriodArray/Index representation will drop timezone information.
  s.index = pd.DatetimeIndex(idx).to_period("M").to_timestamp().tz_localize("UTC")
/workspace/Mt5-swing/src/mt5_swing/data/fred_macro_diff.py:84: UserWarning: Converting to PeriodArray/Index representation will drop timezone information.
  s.index = pd.DatetimeIndex(idx).to_period("M").to_timestamp().tz_localize("UTC")
/workspace/Mt5-swing/src/mt5_swing/data/fred_macro_diff.py:84: UserWarning: Converting to PeriodArray/Index representation will drop timezone information.
  s.index = pd.DatetimeIndex(idx).to_period("M").to_timestamp().tz_localize("UTC")
/workspace/Mt5-swing/src/mt5_swing/data/fred_macro_diff.py:84: UserWarning: Converting to PeriodArray/Index representation will drop timezone information.
  s.index = pd.DatetimeIndex(idx).to_period("M").to_timestamp().tz_localize("UTC")
/workspace/Mt5-swing/src/mt5_swing/data/fred_macro_diff.py:84: UserWarning: Converting to PeriodArray/Index representation will drop timezone information.
  s.index = pd.DatetimeIndex(idx).to_period("M").to_timestamp().tz_localize("UTC")
/workspace/Mt5-swing/src/mt5_swing/data/fred_macro_diff.py:84: UserWarning: Converting to PeriodArray/Index representation will drop timezone information.
  s.index = pd.DatetimeIndex(idx).to_period("M").to_timestamp().tz_localize("UTC")
/workspace/Mt5-swing/src/mt5_swing/data/fred_macro_diff.py:84: UserWarning: Converting to PeriodArray/Index representation will drop timezone information.
  s.index = pd.DatetimeIndex(idx).to_period("M").to_timestamp().tz_localize("UTC")
=== scholarly FX EPU/TPU-conditioned Rogoff PPP / real-FX value wave (§80) ===
EPU + TPU stress gate/cool on Rogoff PPP real-FX value — primary value_low_epu; Rogoff (1996) PPP / real FX + Baker–Bloom–Davis (2016) EPU/TPU; distinct from raw PPP, BIS REER §31, §75 VIX/GPR×PPP, EPU soft §76, EPU×REER §77, EPU×carry §78, EPU×mom §79, capital-sleeve §53/§70, combo §8. Locked sleeve untouched.
EPU (US_EPU) [1985-02-01..2026-09-01] n=500
TPU [1985-02-01..2026-09-01] n=500 source=policyuncertainty_Categorical_EPU_Data
CPI levels cols=['USD', 'EUR', 'GBP', 'JPY', 'CAD', 'CHF', 'AUD', 'NZD'] pub_lag=1 [1914-02-01..2026-09-01]
FX panel: ['EURUSD', 'GBPUSD', 'AUDUSD', 'NZDUSD', 'USDJPY', 'USDCAD', 'USDCHF'] tag=approximate_non_ftmo
FX coverage [2011-09-18..2026-09-15]
  sweep value_raw: scale=1.145 bind=static IS mean_mo=-0.022% OOS gates=True
  sweep value_epu_cool: scale=1.116 bind=static IS mean_mo=-0.050% OOS gates=True
  sweep value_low_epu: scale=0.790 bind=static IS mean_mo=-0.060% OOS gates=True
  sweep value_high_epu: scale=3.454 bind=static IS mean_mo=0.109% OOS gates=True
  sweep value_tpu_cool: scale=1.350 bind=daily IS mean_mo=-0.024% OOS gates=True
  sweep value_low_tpu: scale=1.350 bind=daily IS mean_mo=-0.024% OOS gates=True
  sweep value_epu_tpu_stack: scale=1.226 bind=static IS mean_mo=-0.053% OOS gates=True
  sweep value_epu_tpu_ew: scale=1.350 bind=daily IS mean_mo=-0.053% OOS gates=True
Locked sleeve re-verify (§80 epu_tpu_conditioned_value): configs/quest_one_pct_candidate.yaml
basket_tag=fx4plus_gbpcad_d1_voltarget_0025 untouched
sha256=bafed8eff5aa7541a42b99a486def2402f530b288a1ad6e7d273a56b2feb1790
Canonical windowed PASS (same as §79 / §78 / §77 / §76 / §75 — config unmodified):
2024           mean_mo= 0.42% pos=  55% top3=  74% gates=PASS
2025           mean_mo= 1.63% pos=  73% top3=  69% gates=PASS
2026           mean_mo= 2.30% pos=  88% top3=  87% gates=PASS
holdout_365d   mean_mo= 1.52% pos=  75% top3=  81% gates=PASS
Wrote /workspace/Mt5-swing/reports/quest_locked_verify_epu_tpu_conditioned_value.md
=== factor summary ===
  value_low_epu: mean_mo=-0.071% NW_t=-1.62 %pos=24%
  value_epu_cool: mean_mo=-0.039% NW_t=-0.78 %pos=43%
  value_low_tpu: mean_mo=-0.016% NW_t=-0.36 %pos=23%
  value_tpu_cool: mean_mo=-0.012% NW_t=-0.24 %pos=42%
  value_raw: mean_mo=-0.014% NW_t=-0.22 %pos=42%
  value_high_epu: mean_mo=+0.030% NW_t=+0.92 %pos=14%
  value_epu_tpu_stack: mean_mo=-0.039% NW_t=-0.88 %pos=43%
  value_epu_tpu_ew: mean_mo=-0.035% NW_t=-0.78 %pos=43%
board n=8 soft=0 hard=0 promote_unscaled=False scaled_primary=False
