=== scholarly FX STLFSI4-conditioned soft-signal EW wave (§100) ===
US STLFSI4 stress gate/cool on soft_ew_macro5 — primary soft_low_stlfsi; Dahlquist–Hasseltoft + Brunnermeier–Nagel–Pedersen + St. Louis Fed STLFSI4; distinct from funding_liq §20, soft_ew §66, soft CIP §69, CIP soft §71, VIX/GPR soft §72, EPU/TPU soft §76, WUI soft §85, CIP/VIX/EPU/WUI × carry/mom/value/REER §68/§73–§89, capital-sleeve §53/§70, combo §8. Locked sleeve untouched.
US STLFSI4 (STLFSI4) [1994-01-07..2026-09-25] n=1708 pub_lag_days=7 series=fred_STLFSI4
FX panel: ['EURUSD', 'GBPUSD', 'AUDUSD', 'NZDUSD', 'USDJPY', 'USDCAD', 'USDCHF'] tag=approximate_non_ftmo
  load BCI panel pub_lag=2 signal_lag=0…
  load IP panel pub_lag=2 signal_lag=0…
  load PPI panel pub_lag=2 signal_lag=1…
  load GDP panel pub_lag=3 signal_lag=1…
  load cars panel pub_lag=2 signal_lag=1…
soft_ew_macro5 n=3905 [2011-09-15..2026-09-15]
  sweep soft_raw: scale=5.396 bind=daily IS mean_mo=0.661% OOS gates=True
  sweep soft_stlfsi_cool: scale=5.615 bind=daily IS mean_mo=0.632% OOS gates=True
  sweep soft_low_stlfsi: scale=6.324 bind=daily IS mean_mo=0.539% OOS gates=True
  sweep soft_high_stlfsi: scale=15.590 bind=daily IS mean_mo=0.260% OOS gates=True
  sweep us_stlfsi_haven_usd: scale=3.182 bind=static IS mean_mo=-0.053% OOS gates=True
  sweep soft_stlfsi_stack: scale=6.324 bind=daily IS mean_mo=0.539% OOS gates=True
  sweep soft_stlfsi_ew: scale=9.358 bind=daily IS mean_mo=0.565% OOS gates=True
  sweep soft_stlfsi_regime: scale=4.865 bind=daily IS mean_mo=0.333% OOS gates=True
Locked sleeve re-verify (§100 stlfsi_conditioned_soft): configs/quest_one_pct_candidate.yaml
basket_tag=fx4plus_gbpcad_d1_voltarget_0025 untouched
sha256=bafed8eff5aa7541a42b99a486def2402f530b288a1ad6e7d273a56b2feb1790
Canonical windowed PASS (same as §99 / §95 — config unmodified):
2024           mean_mo= 0.42% pos=  55% top3=  74% gates=PASS
2025           mean_mo= 1.63% pos=  73% top3=  69% gates=PASS
2026           mean_mo= 2.30% pos=  88% top3=  87% gates=PASS
holdout_365d   mean_mo= 1.52% pos=  75% top3=  81% gates=PASS
Wrote /workspace/Mt5-swing/reports/quest_locked_verify_stlfsi_conditioned_soft.md
=== factor summary ===
  soft_low_stlfsi: mean_mo=+0.084% NW_t=+2.98 %pos=52%
  soft_stlfsi_cool: mean_mo=+0.110% NW_t=+3.52 %pos=61%
  soft_raw: mean_mo=+0.118% NW_t=+3.63 %pos=61%
  soft_high_stlfsi: mean_mo=+0.014% NW_t=+1.71 %pos=6%
  us_stlfsi_haven_usd: mean_mo=-0.021% NW_t=-1.09 %pos=4%
  soft_stlfsi_stack: mean_mo=+0.084% NW_t=+2.98 %pos=52%
  soft_stlfsi_ew: mean_mo=+0.057% NW_t=+2.85 %pos=59%
  soft_stlfsi_regime: mean_mo=+0.062% NW_t=+1.84 %pos=54%
board n=8 soft=7 hard=5 promote_unscaled=False scaled_primary=False
