=== scholarly FX BIS debt-service (DSR / PNFS) wave (§47) ===
BIS SDMX WS_DSR Q..P PNFS DSR (pub_lag=5) — high DSR XS risk-premia; Drehmann–Juselius. FRED DSR 404. EUR=DE; NZD gap. Distinct from credit/GDP §32, debt §29, fiscal §28. Locked sleeve untouched.
DSR panel cols=['USD', 'EUR', 'GBP', 'JPY', 'CAD', 'AUD', 'CHF'] [1999-06-01..2026-06-01] pub_lag_m=5
currency           bis_key  n_obs      start        end  last                                                                                                             note
     USD BIS:WS_DSR:Q.US.P    325 1999-06-01 2026-06-01  13.8                                                                    BIS WS_DSR Q.US.P PNFS debt-service ratio (%)
     EUR BIS:WS_DSR:Q.DE.P    325 1999-06-01 2026-06-01  12.2 Germany proxy via BIS WS_DSR Q.DE.P (XM/EA euro-area keys missing on WS_DSR; FR available but unused as primary)
     GBP BIS:WS_DSR:Q.GB.P    325 1999-06-01 2026-06-01  12.9                                                                    BIS WS_DSR Q.GB.P PNFS debt-service ratio (%)
     JPY BIS:WS_DSR:Q.JP.P    325 1999-06-01 2026-06-01  15.5                                                                    BIS WS_DSR Q.JP.P PNFS debt-service ratio (%)
     CAD BIS:WS_DSR:Q.CA.P    325 1999-06-01 2026-06-01  25.5                                                                    BIS WS_DSR Q.CA.P PNFS debt-service ratio (%)
     AUD BIS:WS_DSR:Q.AU.P    325 1999-06-01 2026-06-01  20.3                                                                    BIS WS_DSR Q.AU.P PNFS debt-service ratio (%)
     CHF BIS:WS_DSR:Q.CH.P    325 1999-06-01 2026-06-01  20.0                                                                    BIS WS_DSR Q.CH.P PNFS debt-service ratio (%)
     NZD                        0        NaN        NaN   NaN                                                                               unmapped_on_bis_ws_dsr (NZ absent)
Series source note: BIS SDMX WS_DSR Q..P private non-financial debt-service ratio (FRED Q*PNFDSR / BISDSR* / DSR*PNF all 404 as of 2026-09; EUR=DE Germany proxy — XM/EA missing; NZD unmapped)
Score basis: pnfs_dsr_level_pct unit=dsr_pct_of_income
Failed/alt documented: {'fred_pnf_dsr_404': ['QUSPNFDSR', 'QGBPNFDSR', 'QJPPNFDSR', 'QCAPNFDSR', 'QAUPNFDSR', 'QNZPNFDSR', 'QCHPNFDSR', 'QDEPNFDSR', 'QFRPNFDSR', 'QXMPNFDSR'], 'fred_bisdsr_404': ['BISDSRUS', 'BISDSRGB', 'BISDSRJP', 'BISDSRCA', 'BISDSRAU', 'BISDSRNZ', 'BISDSRCH', 'BISDSRDE', 'BISDSRXM'], 'fred_dsr_pnf_404': ['DSRUSPNF', 'DSRGBPNF', 'DSRJPPNF', 'DSRCAPNF', 'DSRAUPNF', 'DSRNZPNF', 'DSRCHPNF', 'DSRDEPNF', 'DSRXMPNF'], 'fred_dorq_404': ['QUSDORQDSR', 'QGBDORQDSR', 'QJPDORQDSR', 'QCADORQDSR', 'QAUDORQDSR'], 'euro_area_keys_missing_on_bis': ['XM', 'EA', 'EZ'], 'nzd_missing_on_bis_ws_dsr': ['NZ']}
US BIS DSR [1999-06-01..2026-06-01] n=325 series=BIS:WS_DSR:Q.US.P
FX panel: ['EURUSD', 'GBPUSD', 'AUDUSD', 'NZDUSD', 'USDJPY', 'USDCAD', 'USDCHF'] tag=approximate_non_ftmo
  sweep high_dsr_xs: scale=0.607 bind=static IS mean_mo=-0.051% OOS gates=True
  sweep low_dsr_xs: scale=2.912 bind=static IS mean_mo=0.238% OOS gates=True
  sweep high_dsr_z_xs: scale=0.762 bind=static IS mean_mo=-0.051% OOS gates=True
  sweep dsr_chg_xs: scale=0.774 bind=static IS mean_mo=-0.047% OOS gates=True
  sweep us_dsr_stress_fx: scale=7.194 bind=static IS mean_mo=0.012% OOS gates=True
  sweep us_dsr_haven_usd: scale=2.832 bind=static IS mean_mo=-0.005% OOS gates=True
  sweep dsr_ew: scale=1.052 bind=static IS mean_mo=-0.050% OOS gates=True
=== factor summary ===
  high_dsr_xs: mean_mo=-0.067% NW_t=-1.05 %pos=47%
  low_dsr_xs: mean_mo=+0.065% NW_t=+1.02 %pos=54%
  high_dsr_z_xs: mean_mo=-0.057% NW_t=-0.96 %pos=48%
  dsr_chg_xs: mean_mo=-0.059% NW_t=-0.89 %pos=47%
  us_dsr_stress_fx: mean_mo=+0.002% NW_t=+0.09 %pos=4%
  us_dsr_haven_usd: mean_mo=-0.002% NW_t=-0.10 %pos=6%
  dsr_ew: mean_mo=-0.041% NW_t=-1.23 %pos=44%
board n=7 soft=0 hard=0 promote_unscaled=False scaled_primary=False
