=== scholarly FX OECD/FRED manufacturing wage/earnings wave (§55) ===
FRED LCEAMN wage YoY (pub_lag=2) — low_wage_growth XS; competitiveness prior; CHF unmapped; EUR EZ Q through ~2025-07; distinct from ULC §48, employment §41, UR §54. Locked sleeve untouched.
wage panel cols=['USD', 'GBP', 'JPY', 'CAD', 'EUR', 'AUD', 'NZD'] [1955-04-01..2026-09-01] pub_lag_m=2
currency         fred_id freq  n_obs      start        end     last                                                                                                note
     USD LCEAMN01USM657S    M    858 1955-04-01 2026-09-01 0.098945                                   OECD MEI manufacturing earnings YoY LCEAMN01USM657S (as reported)
     GBP LCEAMN01GBM661S    M    747 1964-03-01 2026-05-01 3.112165                                                      OECD MEI LCEAMN01GBM661S monthly index → YoY %
     JPY LCEAMN01JPM661S    M    846 1956-03-01 2026-08-01 5.764382                                                      OECD MEI LCEAMN01JPM661S monthly index → YoY %
     CAD LCEAMN01CAM657S    M    855 1955-04-01 2026-06-01 0.725095                                   OECD MEI manufacturing earnings YoY LCEAMN01CAM657S (as reported)
     EUR LCEAMN01EZQ657S    Q    352 1996-06-01 2025-09-01 0.684346 EA YoY via LCEAMN01EZQ657S (Q growth as reported); DE LCEAMN01DEQ657S / FR LCEAMN01FRQ661S→YoY alts
     AUD LCEAMN01AUQ661S    Q    496 1984-12-01 2026-03-01 2.685251                                                    OECD MEI LCEAMN01AUQ661S quarterly index → YoY %
     NZD LCEAMN01NZQ657S    Q    442 1989-06-01 2026-03-01 0.629564                                   OECD MEI manufacturing earnings YoY LCEAMN01NZQ657S (as reported)
     CHF                           0        NaN        NaN      NaN                                                                         unmapped_on_fred_lceamn_404
Series source note: FRED OECD MEI LCEAMN01 manufacturing earnings YoY (USD/CAD *M657S; EUR=*EZQ657S; NZD=*NZQ657S; GBP/JPY *M661S→YoY; AUD *AUQ661S→YoY; CHF unmapped 404; ULC §48 documented this as wage fallback — now dedicated sleeve)
Score basis: yoy_growth_pct unit=wage_earnings_yoy_pct
Failed/alt documented: {'chf_lceamn_404_unmapped': ['LCEAMN01CHQ657S', 'LCEAMN01CHQ661S', 'LCEAMN01CHM657S', 'LCEAMN01CHM661S'], 'eur_ez_primary_de_fr_alts': ['LCEAMN01EZQ657S', 'LCEAMN01DEQ657S', 'LCEAMN01FRQ661S', 'LCEAMN01DEM661N', 'LCEAMN01EZQ661S'], 'gbp_jpy_aud_index_to_yoy': ['LCEAMN01GBM661S', 'LCEAMN01JPM661S', 'LCEAMN01AUQ661S', 'LCEAMN01GBQ661S', 'LCEAMN01JPQ661S'], 'us_national_alts_not_mixed': ['LCEAMN01USM661N', 'LCEAMN01USQ657S', 'CES0500000003'], 'ulc_48_lceamn_was_fallback_not_primary': ['LCEAMN01USM657S', 'LCEAMN01CAM657S', 'LCEAMN01NZQ657S']}
Stale: True note=EUR EA LCEAMN01EZQ657S ends ~2025-07 (post-end ffilled; DE/FR alts); CHF LCEAMN unmapped (404)
Unmapped: ['CHF']
US LCEAMN01USM657S [1955-04-01..2026-09-01] n=858 series=LCEAMN01USM657S
FX panel: ['EURUSD', 'GBPUSD', 'AUDUSD', 'NZDUSD', 'USDJPY', 'USDCAD', 'USDCHF'] tag=approximate_non_ftmo
  sweep low_wage_growth_xs: scale=0.801 bind=static IS mean_mo=-0.056% OOS gates=True
  sweep high_wage_growth_xs: scale=1.232 bind=static IS mean_mo=0.055% OOS gates=True
  sweep low_wage_z_xs: scale=0.844 bind=static IS mean_mo=-0.058% OOS gates=True
  sweep wage_chg_xs: scale=1.442 bind=static IS mean_mo=-0.050% OOS gates=True
  sweep us_wage_stress_fx: scale=1.349 bind=static IS mean_mo=-0.057% OOS gates=True
  sweep us_wage_haven_usd: scale=3.689 bind=static IS mean_mo=0.135% OOS gates=True
  sweep wage_ew: scale=1.268 bind=static IS mean_mo=-0.062% OOS gates=True
=== factor summary ===
  low_wage_growth_xs: mean_mo=-0.070% NW_t=-1.19 %pos=46%
  high_wage_growth_xs: mean_mo=+0.046% NW_t=+0.79 %pos=53%
  low_wage_z_xs: mean_mo=-0.065% NW_t=-1.02 %pos=47%
  wage_chg_xs: mean_mo=-0.021% NW_t=-0.36 %pos=49%
  us_wage_stress_fx: mean_mo=-0.047% NW_t=-1.59 %pos=16%
  us_wage_haven_usd: mean_mo=+0.042% NW_t=+1.43 %pos=20%
  wage_ew: mean_mo=-0.046% NW_t=-1.29 %pos=48%
board n=7 soft=0 hard=0 promote_unscaled=False scaled_primary=False
