=== scholarly FX WUI-conditioned Lustig–Verdelhan carry wave (§86) ===
US WUI stress gate/cool on IR3M carry — primary carry_low_wui; Lustig–Roussanov–Verdelhan + Ahir–Bloom–Furceri WUI; distinct from raw WUI XS §40, WUI soft §85, soft_ew §66, CIP×carry §68, VIX/GPR×carry §73, EPU/TPU×carry §78, CIP/VIX/EPU soft/mom/value/REER §71–§77/§79–§84, capital-sleeve §53/§70, combo §8. Locked sleeve untouched.
US WUI (US_WUI) [1952-05-01..2026-08-01] n=892 pub_lag_months=4 series=WUIUSA
FX panel: ['EURUSD', 'GBPUSD', 'AUDUSD', 'NZDUSD', 'USDJPY', 'USDCAD', 'USDCHF'] tag=approximate_non_ftmo
rates cols=['USD', 'EUR', 'GBP', 'JPY', 'AUD', 'CAD', 'CHF', 'NZD'] [1954-08-01..2026-09-01]
  skip risk sweep: no positive IS mean on any factor
Locked sleeve re-verify (§86 wui_conditioned_carry): configs/quest_one_pct_candidate.yaml
basket_tag=fx4plus_gbpcad_d1_voltarget_0025 untouched
sha256=bafed8eff5aa7541a42b99a486def2402f530b288a1ad6e7d273a56b2feb1790
Canonical windowed PASS (same as §85 / §78 / §68 — config unmodified):
2024           mean_mo= 0.42% pos=  55% top3=  74% gates=PASS
2025           mean_mo= 1.63% pos=  73% top3=  69% gates=PASS
2026           mean_mo= 2.30% pos=  88% top3=  87% gates=PASS
holdout_365d   mean_mo= 1.52% pos=  75% top3=  81% gates=PASS
Wrote /workspace/Mt5-swing/reports/quest_locked_verify_wui_conditioned_carry.md
=== factor summary ===
  carry_low_wui: mean_mo=-0.018% NW_t=-0.41 %pos=23%
  carry_wui_cool: mean_mo=-0.008% NW_t=-0.15 %pos=51%
  carry_raw: mean_mo=-0.002% NW_t=-0.03 %pos=51%
  carry_high_wui: mean_mo=+0.003% NW_t=+0.08 %pos=16%
  us_wui_haven_usd: mean_mo=-0.026% NW_t=-0.87 %pos=14%
  carry_wui_stack: mean_mo=-0.018% NW_t=-0.41 %pos=23%
  carry_wui_ew: mean_mo=-0.017% NW_t=-0.53 %pos=48%
  carry_wui_regime: mean_mo=-0.045% NW_t=-0.84 %pos=36%
board n=8 soft=0 hard=0 promote_unscaled=False scaled_primary=False
