/workspace/Mt5-swing/src/mt5_swing/data/fred_macro_diff.py:84: UserWarning: Converting to PeriodArray/Index representation will drop timezone information.
  s.index = pd.DatetimeIndex(idx).to_period("M").to_timestamp().tz_localize("UTC")
/workspace/Mt5-swing/src/mt5_swing/data/fred_macro_diff.py:84: UserWarning: Converting to PeriodArray/Index representation will drop timezone information.
  s.index = pd.DatetimeIndex(idx).to_period("M").to_timestamp().tz_localize("UTC")
/workspace/Mt5-swing/src/mt5_swing/data/fred_macro_diff.py:84: UserWarning: Converting to PeriodArray/Index representation will drop timezone information.
  s.index = pd.DatetimeIndex(idx).to_period("M").to_timestamp().tz_localize("UTC")
/workspace/Mt5-swing/src/mt5_swing/data/fred_macro_diff.py:84: UserWarning: Converting to PeriodArray/Index representation will drop timezone information.
  s.index = pd.DatetimeIndex(idx).to_period("M").to_timestamp().tz_localize("UTC")
/workspace/Mt5-swing/src/mt5_swing/data/fred_macro_diff.py:84: UserWarning: Converting to PeriodArray/Index representation will drop timezone information.
  s.index = pd.DatetimeIndex(idx).to_period("M").to_timestamp().tz_localize("UTC")
/workspace/Mt5-swing/src/mt5_swing/data/fred_macro_diff.py:84: UserWarning: Converting to PeriodArray/Index representation will drop timezone information.
  s.index = pd.DatetimeIndex(idx).to_period("M").to_timestamp().tz_localize("UTC")
/workspace/Mt5-swing/src/mt5_swing/data/fred_macro_diff.py:84: UserWarning: Converting to PeriodArray/Index representation will drop timezone information.
  s.index = pd.DatetimeIndex(idx).to_period("M").to_timestamp().tz_localize("UTC")
/workspace/Mt5-swing/src/mt5_swing/data/fred_macro_diff.py:84: UserWarning: Converting to PeriodArray/Index representation will drop timezone information.
  s.index = pd.DatetimeIndex(idx).to_period("M").to_timestamp().tz_localize("UTC")
=== scholarly FX NFCI-conditioned Rogoff PPP / real-FX value wave (§93) ===
US NFCI stress gate/cool on Rogoff PPP value — primary value_low_nfci; Rogoff (1996) PPP / real FX + Brunnermeier–Nagel–Pedersen + Chicago Fed NFCI; distinct from funding_liq §20, NFCI soft §90, NFCI carry §91, NFCI mom §92, WUI×PPP §88, CIP×PPP §83, VIX/GPR×PPP §75, EPU×PPP §80, raw PPP, BIS REER, soft–carry–mom–value–REER stacks, capital-sleeve §53/§70, combo §8. Locked sleeve untouched.
US NFCI (NFCI) [1971-01-15..2026-09-18] n=2906 pub_lag_days=7 series=fred_NFCI
CPI levels cols=['USD', 'EUR', 'GBP', 'JPY', 'CAD', 'CHF', 'AUD', 'NZD'] pub_lag=1 [1914-02-01..2026-09-01]
FX panel: ['EURUSD', 'GBPUSD', 'AUDUSD', 'NZDUSD', 'USDJPY', 'USDCAD', 'USDCHF'] tag=approximate_non_ftmo
FX coverage [2011-09-18..2026-09-15]
  sweep value_raw: scale=1.145 bind=static IS mean_mo=-0.022% OOS gates=True
  sweep value_nfci_cool: scale=1.100 bind=static IS mean_mo=-0.044% OOS gates=True
  sweep value_low_nfci: scale=0.988 bind=static IS mean_mo=-0.047% OOS gates=True
  sweep value_high_nfci: scale=4.149 bind=daily IS mean_mo=0.134% OOS gates=True
  sweep us_nfci_haven_usd: scale=2.194 bind=static IS mean_mo=-0.018% OOS gates=True
  sweep value_nfci_stack: scale=0.988 bind=static IS mean_mo=-0.047% OOS gates=True
  sweep value_nfci_ew: scale=1.475 bind=static IS mean_mo=-0.047% OOS gates=True
  sweep value_nfci_regime: scale=0.784 bind=static IS mean_mo=-0.044% OOS gates=True
Locked sleeve re-verify (§93 nfci_conditioned_value): configs/quest_one_pct_candidate.yaml
basket_tag=fx4plus_gbpcad_d1_voltarget_0025 untouched
sha256=bafed8eff5aa7541a42b99a486def2402f530b288a1ad6e7d273a56b2feb1790
Canonical windowed PASS (same as §92 / §91 / §90 / §88 — config unmodified):
2024           mean_mo= 0.42% pos=  55% top3=  74% gates=PASS
2025           mean_mo= 1.63% pos=  73% top3=  69% gates=PASS
2026           mean_mo= 2.30% pos=  88% top3=  87% gates=PASS
holdout_365d   mean_mo= 1.52% pos=  75% top3=  81% gates=PASS
Wrote /workspace/Mt5-swing/reports/quest_locked_verify_nfci_conditioned_value.md
=== factor summary ===
  value_low_nfci: mean_mo=-0.040% NW_t=-0.77 %pos=28%
  value_nfci_cool: mean_mo=-0.033% NW_t=-0.61 %pos=42%
  value_raw: mean_mo=-0.014% NW_t=-0.22 %pos=42%
  value_high_nfci: mean_mo=+0.031% NW_t=+1.00 %pos=7%
  us_nfci_haven_usd: mean_mo=-0.008% NW_t=-0.25 %pos=6%
  value_nfci_stack: mean_mo=-0.040% NW_t=-0.77 %pos=28%
  value_nfci_ew: mean_mo=-0.027% NW_t=-0.74 %pos=41%
  value_nfci_regime: mean_mo=-0.048% NW_t=-0.75 %pos=33%
board n=8 soft=0 hard=0 promote_unscaled=False scaled_primary=False
