=== scholarly FX KCFSI-conditioned soft-signal EW wave (§105) ===
US KCFSI stress gate/cool on soft_ew_macro5 — primary soft_low_kcfsi; Dahlquist–Hasseltoft + Brunnermeier–Nagel–Pedersen + KC Fed KCFSI (Hakkio–Keeton); distinct from funding_liq §20, soft_ew §66, soft CIP §69, CIP soft §71, VIX/GPR soft §72, EPU/TPU soft §76, WUI soft §85, CIP/VIX/EPU/WUI × carry/mom/value/REER §68/§73–§89, capital-sleeve §53/§70, combo §8. Locked sleeve untouched.
US KCFSI (KCFSI) [1990-03-01..2026-09-01] n=439 pub_lag_months=1 series=fred_KCFSI
FX panel: ['EURUSD', 'GBPUSD', 'AUDUSD', 'NZDUSD', 'USDJPY', 'USDCAD', 'USDCHF'] tag=approximate_non_ftmo
  load BCI panel pub_lag=2 signal_lag=0…
  load IP panel pub_lag=2 signal_lag=0…
  load PPI panel pub_lag=2 signal_lag=1…
  load GDP panel pub_lag=3 signal_lag=1…
  load cars panel pub_lag=2 signal_lag=1…
soft_ew_macro5 n=3905 [2011-09-15..2026-09-15]
  sweep soft_raw: scale=5.396 bind=daily IS mean_mo=0.661% OOS gates=True
  sweep soft_kcfsi_cool: scale=6.231 bind=daily IS mean_mo=0.699% OOS gates=True
  sweep soft_low_kcfsi: scale=7.498 bind=daily IS mean_mo=0.621% OOS gates=True
  sweep soft_high_kcfsi: scale=10.841 bind=static IS mean_mo=-0.012% OOS gates=True
  sweep us_kcfsi_haven_usd: scale=3.572 bind=static IS mean_mo=-0.046% OOS gates=True
  sweep soft_kcfsi_stack: scale=7.498 bind=daily IS mean_mo=0.621% OOS gates=True
  sweep soft_kcfsi_ew: scale=8.453 bind=daily IS mean_mo=0.513% OOS gates=True
  sweep soft_kcfsi_regime: scale=4.082 bind=daily IS mean_mo=0.285% OOS gates=True
Locked sleeve re-verify (§105 kcfsi_conditioned_soft): configs/quest_one_pct_candidate.yaml
basket_tag=fx4plus_gbpcad_d1_voltarget_0025 untouched
sha256=bafed8eff5aa7541a42b99a486def2402f530b288a1ad6e7d273a56b2feb1790
Canonical windowed PASS (same as §104 / §100 — config unmodified):
2024           mean_mo= 0.42% pos=  55% top3=  74% gates=PASS
2025           mean_mo= 1.63% pos=  73% top3=  69% gates=PASS
2026           mean_mo= 2.30% pos=  88% top3=  87% gates=PASS
holdout_365d   mean_mo= 1.52% pos=  75% top3=  81% gates=PASS
Wrote /workspace/Mt5-swing/reports/quest_locked_verify_kcfsi_conditioned_soft.md
=== factor summary ===
  soft_low_kcfsi: mean_mo=+0.081% NW_t=+3.06 %pos=48%
  soft_kcfsi_cool: mean_mo=+0.109% NW_t=+3.63 %pos=61%
  soft_raw: mean_mo=+0.118% NW_t=+3.63 %pos=61%
  soft_high_kcfsi: mean_mo=-0.001% NW_t=-0.22 %pos=3%
  us_kcfsi_haven_usd: mean_mo=-0.012% NW_t=-0.80 %pos=3%
  soft_kcfsi_stack: mean_mo=+0.081% NW_t=+3.06 %pos=48%
  soft_kcfsi_ew: mean_mo=+0.059% NW_t=+3.16 %pos=62%
  soft_kcfsi_regime: mean_mo=+0.069% NW_t=+2.31 %pos=51%
board n=8 soft=6 hard=6 promote_unscaled=False scaled_primary=False
