=== scholarly FX WUI-conditioned soft-signal EW wave (§85) ===
US WUI stress gate/cool on soft_ew_macro5 — primary soft_low_wui; Dahlquist–Hasseltoft + Ahir–Bloom–Furceri WUI; distinct from raw WUI XS §40, soft_ew §66, soft CIP §69, CIP soft §71, VIX/GPR soft §72, EPU/TPU soft §76, CIP/VIX/EPU × carry/mom/value/REER §68/§73–§75/§77–§84, capital-sleeve §53/§70, combo §8. Locked sleeve untouched.
US WUI (US_WUI) [1952-05-01..2026-08-01] n=892 pub_lag_months=4 series=WUIUSA
FX panel: ['EURUSD', 'GBPUSD', 'AUDUSD', 'NZDUSD', 'USDJPY', 'USDCAD', 'USDCHF'] tag=approximate_non_ftmo
  load BCI panel pub_lag=2 signal_lag=0…
  load IP panel pub_lag=2 signal_lag=0…
  load PPI panel pub_lag=2 signal_lag=1…
  load GDP panel pub_lag=3 signal_lag=1…
  load cars panel pub_lag=2 signal_lag=1…
soft_ew_macro5 n=3905 [2011-09-15..2026-09-15]
  sweep soft_raw: scale=5.396 bind=daily IS mean_mo=0.661% OOS gates=True
  sweep soft_wui_cool: scale=5.805 bind=daily IS mean_mo=0.621% OOS gates=True
  sweep soft_low_wui: scale=6.425 bind=daily IS mean_mo=0.536% OOS gates=True
  sweep soft_high_wui: scale=10.985 bind=daily IS mean_mo=0.221% OOS gates=True
  sweep us_wui_haven_usd: scale=1.702 bind=static IS mean_mo=-0.053% OOS gates=True
  sweep soft_wui_stack: scale=6.425 bind=daily IS mean_mo=0.536% OOS gates=True
  sweep soft_wui_ew: scale=8.410 bind=daily IS mean_mo=0.446% OOS gates=True
  sweep soft_wui_regime: scale=3.495 bind=daily IS mean_mo=0.183% OOS gates=True
Locked sleeve re-verify (§85 wui_conditioned_soft): configs/quest_one_pct_candidate.yaml
basket_tag=fx4plus_gbpcad_d1_voltarget_0025 untouched
sha256=bafed8eff5aa7541a42b99a486def2402f530b288a1ad6e7d273a56b2feb1790
Canonical windowed PASS (same as §84 / §76 — config unmodified):
2024           mean_mo= 0.42% pos=  55% top3=  74% gates=PASS
2025           mean_mo= 1.63% pos=  73% top3=  69% gates=PASS
2026           mean_mo= 2.30% pos=  88% top3=  87% gates=PASS
holdout_365d   mean_mo= 1.52% pos=  75% top3=  81% gates=PASS
Wrote /workspace/Mt5-swing/reports/quest_locked_verify_wui_conditioned_soft.md
=== factor summary ===
  soft_low_wui: mean_mo=+0.078% NW_t=+3.27 %pos=33%
  soft_wui_cool: mean_mo=+0.101% NW_t=+3.54 %pos=61%
  soft_raw: mean_mo=+0.118% NW_t=+3.63 %pos=61%
  soft_high_wui: mean_mo=+0.023% NW_t=+1.37 %pos=17%
  us_wui_haven_usd: mean_mo=-0.026% NW_t=-0.87 %pos=14%
  soft_wui_stack: mean_mo=+0.078% NW_t=+3.27 %pos=33%
  soft_wui_ew: mean_mo=+0.051% NW_t=+2.68 %pos=57%
  soft_wui_regime: mean_mo=+0.052% NW_t=+1.41 %pos=46%
board n=8 soft=5 hard=5 promote_unscaled=False scaled_primary=False
