=== scholarly FX EPU/TPU-conditioned soft-signal EW wave (§76) ===
EPU + TPU stress gate/cool on soft_ew_macro5 — primary soft_low_epu; Dahlquist–Hasseltoft + Baker–Bloom–Davis (2016) EPU/TPU; distinct from standalone EPU/TPU wave, soft_ew §66, soft CIP §69, CIP×carry §68, CIP XS §67, CIP-conditioned soft §71, VIX/GPR soft §72, carry/mom/value VIX/GPR §73–§75, capital-sleeve §53/§70, combo §8. Locked sleeve untouched.
EPU (US_EPU) [1985-02-01..2026-09-01] n=500
TPU [1985-02-01..2026-09-01] n=500 source=policyuncertainty_Categorical_EPU_Data
FX panel: ['EURUSD', 'GBPUSD', 'AUDUSD', 'NZDUSD', 'USDJPY', 'USDCAD', 'USDCHF'] tag=approximate_non_ftmo
  load BCI panel pub_lag=2 signal_lag=0…
  load IP panel pub_lag=2 signal_lag=0…
  load PPI panel pub_lag=2 signal_lag=1…
  load GDP panel pub_lag=3 signal_lag=1…
  load cars panel pub_lag=2 signal_lag=1…
soft_ew_macro5 n=3905 [2011-09-15..2026-09-15]
  sweep soft_raw: scale=5.396 bind=daily IS mean_mo=0.661% OOS gates=True
  sweep soft_epu_cool: scale=6.104 bind=daily IS mean_mo=0.574% OOS gates=True
  sweep soft_low_epu: scale=6.997 bind=daily IS mean_mo=0.452% OOS gates=True
  sweep soft_high_epu: scale=11.088 bind=daily IS mean_mo=0.455% OOS gates=True
  sweep soft_tpu_cool: scale=5.696 bind=daily IS mean_mo=0.615% OOS gates=True
  sweep soft_low_tpu: scale=6.528 bind=daily IS mean_mo=0.551% OOS gates=True
  sweep soft_epu_tpu_stack: scale=6.374 bind=daily IS mean_mo=0.544% OOS gates=True
  sweep soft_epu_tpu_ew: scale=6.270 bind=daily IS mean_mo=0.550% OOS gates=True
Locked sleeve re-verify (§76 epu_tpu_conditioned_soft): configs/quest_one_pct_candidate.yaml
basket_tag=fx4plus_gbpcad_d1_voltarget_0025 untouched
sha256=bafed8eff5aa7541a42b99a486def2402f530b288a1ad6e7d273a56b2feb1790
Canonical windowed PASS (same as §71 cip_conditioned_soft — config unmodified):
2024           mean_mo= 0.42% pos=  55% top3=  74% gates=PASS
2025           mean_mo= 1.63% pos=  73% top3=  69% gates=PASS
2026           mean_mo= 2.30% pos=  88% top3=  87% gates=PASS
holdout_365d   mean_mo= 1.52% pos=  75% top3=  81% gates=PASS
Wrote /workspace/Mt5-swing/reports/quest_locked_verify_epu_tpu_conditioned_soft.md
=== factor summary ===
  soft_low_epu: mean_mo=+0.061% NW_t=+2.63 %pos=37%
  soft_epu_cool: mean_mo=+0.090% NW_t=+3.37 %pos=63%
  soft_low_tpu: mean_mo=+0.079% NW_t=+2.83 %pos=39%
  soft_tpu_cool: mean_mo=+0.103% NW_t=+3.48 %pos=61%
  soft_raw: mean_mo=+0.118% NW_t=+3.63 %pos=61%
  soft_high_epu: mean_mo=+0.041% NW_t=+2.16 %pos=21%
  soft_epu_tpu_stack: mean_mo=+0.081% NW_t=+3.33 %pos=62%
  soft_epu_tpu_ew: mean_mo=+0.083% NW_t=+3.38 %pos=62%
board n=8 soft=8 hard=8 promote_unscaled=False scaled_primary=False
