=== scholarly FX WUI-conditioned Menkhoff FX momentum wave (§87) ===
US WUI stress gate/cool on Menkhoff FX mom — primary mom_low_wui; Menkhoff et al. (2012 JFE) + Ahir–Bloom–Furceri WUI; distinct from raw WUI XS §40, WUI soft §85, WUI carry §86, soft_ew §66, CIP×mom §82, VIX/GPR mom §74, EPU/TPU mom §79, CIP/VIX/EPU soft–carry–mom–value–REER §68–§84, capital-sleeve §53/§70, combo §8. Locked sleeve untouched.
US WUI (US_WUI) [1952-05-01..2026-08-01] n=892 pub_lag_months=4 series=WUIUSA
FX panel: ['EURUSD', 'GBPUSD', 'AUDUSD', 'NZDUSD', 'USDJPY', 'USDCAD', 'USDCHF'] tag=approximate_non_ftmo
  skip risk sweep: no positive IS mean on any factor
Locked sleeve re-verify (§87 wui_conditioned_mom): configs/quest_one_pct_candidate.yaml
basket_tag=fx4plus_gbpcad_d1_voltarget_0025 untouched
sha256=bafed8eff5aa7541a42b99a486def2402f530b288a1ad6e7d273a56b2feb1790
Canonical windowed PASS (same as §86 / §85 / §82 — config unmodified):
2024           mean_mo= 0.42% pos=  55% top3=  74% gates=PASS
2025           mean_mo= 1.63% pos=  73% top3=  69% gates=PASS
2026           mean_mo= 2.30% pos=  88% top3=  87% gates=PASS
holdout_365d   mean_mo= 1.52% pos=  75% top3=  81% gates=PASS
Wrote /workspace/Mt5-swing/reports/quest_locked_verify_wui_conditioned_mom.md
=== factor summary ===
  mom_low_wui: mean_mo=-0.000% NW_t=-0.00 %pos=23%
  mom_wui_cool: mean_mo=-0.054% NW_t=-1.08 %pos=45%
  mom_raw: mean_mo=-0.076% NW_t=-1.10 %pos=45%
  mom_high_wui: mean_mo=-0.044% NW_t=-1.02 %pos=13%
  us_wui_haven_usd: mean_mo=-0.026% NW_t=-0.87 %pos=14%
  mom_wui_stack: mean_mo=-0.000% NW_t=-0.00 %pos=23%
  mom_wui_ew: mean_mo=-0.027% NW_t=-0.92 %pos=45%
  mom_wui_regime: mean_mo=-0.026% NW_t=-0.56 %pos=36%
board n=8 soft=0 hard=0 promote_unscaled=False scaled_primary=False
