=== scholarly FX OECD labour-productivity (ULQELP01) wave (§49) ===
OECD MEI ULQELP01{ISO2}Q657S LP YoY via FRED (quarterly → monthly after pub_lag=3) — LP YoY XS productivity; STALE ~2023-07; companion to ULC §48; distinct from employment §41, IP §42, ULC §48, BS §14, DSR §47. Locked sleeve untouched.
LP panel cols=['USD', 'EUR', 'GBP', 'JPY', 'CAD', 'AUD', 'NZD', 'CHF'] [1960-04-01..2023-10-01] pub_lag_m=3
currency         fred_id freq  n_obs      start        end      last                                                                                                  note
     USD ULQELP01USQ657S    Q    763 1960-04-01 2023-10-01  0.936118                       OECD MEI early-estimate LP YoY ULQELP01USQ657S (quarterly) stale_end=2023-07-01
     EUR ULQELP01DEQ657S    Q    388 1991-07-01 2023-10-01 -0.144790 Germany proxy via ULQELP01DEQ657S (Q) stale_end=2023-07-01 (EZ also ~2023-07; FR/IT/ES/NL Q657S alts)
     GBP ULQELP01GBQ657S    Q    628 1971-07-01 2023-10-01  0.387651                       OECD MEI early-estimate LP YoY ULQELP01GBQ657S (quarterly) stale_end=2023-04-01
     JPY ULQELP01JPQ657S    Q    520 1980-07-01 2023-10-01 -0.807118                       OECD MEI early-estimate LP YoY ULQELP01JPQ657S (quarterly) stale_end=2023-07-01
     CAD ULQELP01CAQ657S    Q    748 1961-07-01 2023-10-01 -0.643172                       OECD MEI early-estimate LP YoY ULQELP01CAQ657S (quarterly) stale_end=2023-07-01
     AUD ULQELP01AUQ657S    Q    676 1967-07-01 2023-10-01 -0.431970                       OECD MEI early-estimate LP YoY ULQELP01AUQ657S (quarterly) stale_end=2023-07-01
     NZD ULQELP01NZQ657S    Q    433 1987-10-01 2023-10-01  0.341339                       OECD MEI early-estimate LP YoY ULQELP01NZQ657S (quarterly) stale_end=2023-04-01
     CHF ULQELP01CHQ657S    Q    340 1995-07-01 2023-10-01  0.375459                       OECD MEI early-estimate LP YoY ULQELP01CHQ657S (quarterly) stale_end=2023-07-01
Series source note: FRED OECD MEI ULQELP01{ISO2}Q657S early-estimate labour-productivity YoY quarterly (full G10; EUR=DE Germany proxy; ALL G10 end ~2023-04..07 STALE on free FRED; {ISO3}ULQELP01GYSAQ country 404; OECD agg ends 2023-01; OPHNFB/PRS85006092 US alts live not mixed; IMF IFS UV/ToT fallback 404 on FRED)
Score basis: yoy_growth_as_reported unit=labour_prod_yoy_pct_as_reported
Failed/alt documented: {'iso3_ulqelp01_gysaq_country_404': ['USAULQELP01GYSAQ', 'GBRULQELP01GYSAQ', 'JPNULQELP01GYSAQ', 'CANULQELP01GYSAQ', 'AUSULQELP01GYSAQ', 'NZLULQELP01GYSAQ', 'CHEULQELP01GYSAQ', 'DEUULQELP01GYSAQ', 'EA19ULQELP01GYSAQ', 'OECDULQELP01GYSAQ'], 'q657s_q661s_q659s_stale_~2023_07': ['ULQELP01USQ657S', 'ULQELP01USQ661S', 'ULQELP01USQ659S', 'ULQELP01GBQ657S', 'ULQELP01JPQ657S', 'ULQELP01CAQ657S', 'ULQELP01AUQ657S', 'ULQELP01NZQ657S', 'ULQELP01CHQ657S', 'ULQELP01DEQ657S', 'ULQELP01EZQ657S'], 'eur_germany_proxy_primary': ['ULQELP01DEQ657S'], 'eur_fr_it_es_nl_alts_also_stale': ['ULQELP01FRQ657S', 'ULQELP01ITQ657S', 'ULQELP01ESQ657S', 'ULQELP01NLQ657S'], 'us_national_alts_live_not_primary': ['OPHNFB', 'PRS85006092'], 'imf_ifs_unit_value_tot_fallback_404': ['XTEXUV01USM661N', 'XTIMUV01USM661N', 'USAXRTTOT01IXOBSAM', 'TNTTUS', 'XTUVUS', 'KORLOCOTTORSTSAM'], 'oecd_pieamp_export_price_stale_2022_12': ['PIEAMP01USM661N', 'PIEAMP01GBM661N', 'PIEAMP01CAM661N', 'PIEAMP01DEM661N', 'PIEAMP01CHM661N']}
Stale: True note=ULQELP01*Q657S ends ~2023-04..07 on free FRED for all G10
US ULQELP01USQ657S [1960-04-01..2023-10-01] n=763 series=ULQELP01USQ657S
FX panel: ['EURUSD', 'GBPUSD', 'AUDUSD', 'NZDUSD', 'USDJPY', 'USDCAD', 'USDCHF'] tag=approximate_non_ftmo
  sweep high_lp_xs: scale=0.918 bind=static IS mean_mo=-0.041% OOS gates=True
  sweep low_lp_xs: scale=1.320 bind=daily IS mean_mo=0.041% OOS gates=True
  sweep high_lp_z_xs: scale=0.476 bind=static IS mean_mo=-0.055% OOS gates=True
  sweep lp_chg_xs: scale=0.492 bind=static IS mean_mo=-0.046% OOS gates=True
  sweep us_lp_stress_fx: scale=3.848 bind=static IS mean_mo=-0.042% OOS gates=True
  sweep us_lp_haven_usd: scale=6.056 bind=static IS mean_mo=0.064% OOS gates=True
  sweep lp_ew: scale=0.952 bind=static IS mean_mo=-0.047% OOS gates=True
=== factor summary ===
  high_lp_xs: mean_mo=-0.056% NW_t=-1.04 %pos=47%
  low_lp_xs: mean_mo=+0.044% NW_t=+0.82 %pos=52%
  high_lp_z_xs: mean_mo=-0.125% NW_t=-2.22 %pos=42%
  lp_chg_xs: mean_mo=-0.081% NW_t=-1.40 %pos=44%
  us_lp_stress_fx: mean_mo=-0.010% NW_t=-0.45 %pos=6%
  us_lp_haven_usd: mean_mo=+0.010% NW_t=+0.42 %pos=7%
  lp_ew: mean_mo=-0.049% NW_t=-1.49 %pos=47%
board n=7 soft=0 hard=0 promote_unscaled=False scaled_primary=False
