=== scholarly FX IMF/WEO reserves / external-buffer wave (§34) ===
IMF IFS TRESEG*M052N via FRED — Aizenman–Jeanne–Rancière / reserve-adequacy XS; distinct from CA, TB, debt, fiscal, money-growth, REER, credit. Locked sleeve untouched.
Reserves panel cols=['USD', 'EUR', 'GBP', 'JPY', 'CAD', 'AUD'] [1951-03-01..2026-11-01] pub_lag_m=3 unit=log_usd_mn
currency       fred_id  n_obs      start        end      last                                                                       note
     USD TRESEGUSM052N    843 1951-03-01 2026-11-01 12.404107                                   IMF IFS reserves excl gold TRESEGUSM052N
     EUR TRESEGDEM052N    842 1951-03-01 2026-10-01 11.541204 Germany proxy via TRESEGDEM052N (TRESEGEZM052N ends 2018-04 — not primary)
     GBP TRESEGGBM052N    843 1951-03-01 2026-11-01 12.039756                                                                           
     JPY TRESEGJPM052N    843 1951-03-01 2026-11-01 13.895634                                                                           
     CAD TRESEGCAM052N    843 1951-03-01 2026-11-01 11.737391                                                                           
     AUD TRESEGAUM052N    843 1951-03-01 2026-11-01 11.026365                                                                           
     NZD                    0        NaN        NaN       NaN                 unmapped_on_primary_treseg (404 on free FRED TRESEG*M052N)
     CHF                    0        NaN        NaN       NaN                 unmapped_on_primary_treseg (404 on free FRED TRESEG*M052N)
Series source note: FRED IMF IFS TRESEG*M052N total reserves excl. gold (USD mn); EUR=Germany TRESEGDEM052N; NZD/CHF 404; log levels for XS ranks
reserves/GDP: not_formed: free GDP units heterogeneous / many 404; primary is log TRESEG levels (rank ≡ level rank)
Failed/alt documented: {'nzd_chf_404': ['TRESEGNZM052N', 'TRESEGNZL052N', 'TRESEGNZA052N', 'TRESEGCHM052N', 'TRESEGCHE052N', 'TRESEGSWM052N'], 'ez_stale_2018': ['TRESEGEZM052N'], 'eur_secondary_fr_it_es': ['TRESEGFRM052N', 'TRESEGITM052N', 'TRESEGESM052N'], 'reserves_gdp_mostly_404': ['TRESEGUSA188N', 'TRESEGDEA188N', 'MKTGDPDEU646NWDB', 'MKTGDPGBR646NWDB', 'MKTGDPJPN646NWDB'], 'us_fed_bank_reserves_not_ifs': ['TOTRESNS', 'WRESBAL'], 'incl_gold_alt': ['TRESEGUSM194N']}
US TRESEGUSM052N [1951-03-01..2026-11-01] n=843 series=TRESEGUSM052N
FX panel: ['EURUSD', 'GBPUSD', 'AUDUSD', 'NZDUSD', 'USDJPY', 'USDCAD', 'USDCHF'] tag=approximate_non_ftmo
  sweep high_reserves_xs: scale=2.333 bind=static IS mean_mo=-0.054% OOS gates=True
  sweep low_reserves_xs: scale=0.777 bind=static IS mean_mo=0.017% OOS gates=True
  sweep high_reserves_z_xs: scale=0.775 bind=static IS mean_mo=-0.038% OOS gates=True
  sweep reserves_chg_xs: scale=1.565 bind=static IS mean_mo=0.081% OOS gates=True
  sweep us_reserves_stress_fx: scale=2.334 bind=static IS mean_mo=-0.005% OOS gates=True
  sweep us_reserves_haven_usd: scale=4.867 bind=static IS mean_mo=0.006% OOS gates=True
  sweep reserves_ew: scale=4.007 bind=daily IS mean_mo=0.035% OOS gates=True
=== factor summary ===
  high_reserves_xs: mean_mo=-0.038% NW_t=-0.58 %pos=48%
  low_reserves_xs: mean_mo=+0.036% NW_t=+0.56 %pos=52%
  high_reserves_z_xs: mean_mo=-0.027% NW_t=-0.47 %pos=52%
  reserves_chg_xs: mean_mo=+0.048% NW_t=+0.81 %pos=52%
  us_reserves_stress_fx: mean_mo=-0.002% NW_t=-0.09 %pos=9%
  us_reserves_haven_usd: mean_mo=+0.002% NW_t=+0.07 %pos=8%
  reserves_ew: mean_mo=+0.003% NW_t=+0.10 %pos=46%
board n=7 soft=0 hard=0 promote_unscaled=False scaled_primary=False
