=== scholarly FX ANFCI-conditioned soft-signal EW wave (§95) ===
US ANFCI stress gate/cool on soft_ew_macro5 — primary soft_low_anfci; Dahlquist–Hasseltoft + Brunnermeier–Nagel–Pedersen + Chicago Fed ANFCI; distinct from funding_liq §20, soft_ew §66, soft CIP §69, CIP soft §71, VIX/GPR soft §72, EPU/TPU soft §76, WUI soft §85, CIP/VIX/EPU/WUI × carry/mom/value/REER §68/§73–§89, capital-sleeve §53/§70, combo §8. Locked sleeve untouched.
US ANFCI (ANFCI) [1971-01-15..2026-09-18] n=2906 pub_lag_days=7 series=fred_ANFCI
FX panel: ['EURUSD', 'GBPUSD', 'AUDUSD', 'NZDUSD', 'USDJPY', 'USDCAD', 'USDCHF'] tag=approximate_non_ftmo
  load BCI panel pub_lag=2 signal_lag=0…
  load IP panel pub_lag=2 signal_lag=0…
  load PPI panel pub_lag=2 signal_lag=1…
  load GDP panel pub_lag=3 signal_lag=1…
  load cars panel pub_lag=2 signal_lag=1…
soft_ew_macro5 n=3905 [2011-09-15..2026-09-15]
  sweep soft_raw: scale=5.396 bind=daily IS mean_mo=0.661% OOS gates=True
  sweep soft_anfci_cool: scale=6.988 bind=daily IS mean_mo=0.732% OOS gates=True
  sweep soft_low_anfci: scale=7.671 bind=daily IS mean_mo=0.644% OOS gates=True
  sweep soft_high_anfci: scale=10.002 bind=static IS mean_mo=0.132% OOS gates=True
  sweep us_anfci_haven_usd: scale=2.934 bind=static IS mean_mo=-0.010% OOS gates=True
  sweep soft_anfci_stack: scale=7.671 bind=daily IS mean_mo=0.644% OOS gates=True
  sweep soft_anfci_ew: scale=6.767 bind=daily IS mean_mo=0.418% OOS gates=True
  sweep soft_anfci_regime: scale=2.931 bind=daily IS mean_mo=0.236% OOS gates=True
Locked sleeve re-verify (§95 anfci_conditioned_soft): configs/quest_one_pct_candidate.yaml
basket_tag=fx4plus_gbpcad_d1_voltarget_0025 untouched
sha256=bafed8eff5aa7541a42b99a486def2402f530b288a1ad6e7d273a56b2feb1790
Canonical windowed PASS (same as §94 / §90 — config unmodified):
2024           mean_mo= 0.42% pos=  55% top3=  74% gates=PASS
2025           mean_mo= 1.63% pos=  73% top3=  69% gates=PASS
2026           mean_mo= 2.30% pos=  88% top3=  87% gates=PASS
holdout_365d   mean_mo= 1.52% pos=  75% top3=  81% gates=PASS
Wrote /workspace/Mt5-swing/reports/quest_locked_verify_anfci_conditioned_soft.md
=== factor summary ===
  soft_low_anfci: mean_mo=+0.082% NW_t=+2.84 %pos=44%
  soft_anfci_cool: mean_mo=+0.102% NW_t=+3.34 %pos=62%
  soft_raw: mean_mo=+0.118% NW_t=+3.63 %pos=61%
  soft_high_anfci: mean_mo=+0.013% NW_t=+1.35 %pos=9%
  us_anfci_haven_usd: mean_mo=-0.003% NW_t=-0.09 %pos=6%
  soft_anfci_stack: mean_mo=+0.082% NW_t=+2.84 %pos=44%
  soft_anfci_ew: mean_mo=+0.061% NW_t=+2.69 %pos=59%
  soft_anfci_regime: mean_mo=+0.080% NW_t=+1.79 %pos=49%
board n=8 soft=6 hard=5 promote_unscaled=False scaled_primary=False
