=== scholarly FX Employment-growth (LFEMTTTT) wave (§41) ===
OECD MEI LFEMTTTT employment persons via FRED (monthly/quarterly → monthly after pub_lag=3) — emp YoY XS; distinct from macro-diff UR, OECD CLI/CCI/BCI, WUI, EPU/TPU, IG OAS. Locked sleeve untouched. SARTMISMEI skipped.
Emp panel cols=['USD', 'JPY', 'CAD', 'AUD', 'EUR', 'GBP', 'NZD', 'CHF'] [1955-04-01..2026-11-01] pub_lag_m=3
currency         fred_id freq  n_obs      start        end        last                                                                                         note
     USD LFEMTTTTUSM647S    M    849 1955-04-01 2025-12-01 163645000.0                                        OECD MEI employment persons LFEMTTTTUSM647S (monthly)
     JPY LFEMTTTTJPM647S    M    859 1955-04-01 2026-10-01  68310000.0                                        OECD MEI employment persons LFEMTTTTJPM647S (monthly)
     CAD LFEMTTTTCAM647S    M    860 1955-04-01 2026-11-01  21173100.0                                        OECD MEI employment persons LFEMTTTTCAM647S (monthly)
     AUD LFEMTTTTAUM647S    M    626 1967-05-01 2026-10-01  14807240.0                                        OECD MEI employment persons LFEMTTTTAUM647S (monthly)
     EUR LFEMTTTTDEQ647S    Q    772 1962-04-01 2026-07-01  42401840.0 Germany proxy via LFEMTTTTDEQ647S (Q) (LFEMTTTTEZQ647S EZ ends 2022-10; FR/IT/ES Q647S alts)
     GBP LFEMTTTTGBQ647S    Q    664 1971-04-01 2026-07-01  34469000.0                                      OECD MEI employment persons LFEMTTTTGBQ647S (quarterly)
     NZD LFEMTTTTNZQ647S    Q    487 1986-01-01 2026-07-01   2905000.0                                      OECD MEI employment persons LFEMTTTTNZQ647S (quarterly)
     CHF LFEMTTTTCHQ647S    Q    337 1998-07-01 2026-07-01   4917086.0                                      OECD MEI employment persons LFEMTTTTCHQ647S (quarterly)
Series source note: FRED OECD MEI LFEMTTTT* employment persons (USD/JPY/CAD/AUD=*M647S monthly; EUR=DE Q647S Germany proxy — EZ Q647S stale 2022-10; GBP/NZD/CHF=*Q647S; M657S/Q657S YoY stale/404 — not primary; PAYEMS/CE16OV US alts; LREM64TT rate not primary)
Score basis: yoy_pct_of_levels unit=employment_persons_level
Failed/alt documented: {'yoy_m657s_mostly_404_or_stale': ['LFEMTTTTUSM657S', 'LFEMTTTTGBM657S', 'LFEMTTTTJPM657S', 'LFEMTTTCAM657S', 'LFEMTTTTAUM657S', 'LFEMTTTTNZM657S', 'LFEMTTTTCHM657S', 'LFEMTTTEZM657S', 'LFEMTTTTDEM657S'], 'yoy_q657s_stale_~2023_10': ['LFEMTTTTUSQ657S', 'LFEMTTTTGBQ657S', 'LFEMTTTTJPQ657S', 'LFEMTTTTCAQ657S', 'LFEMTTTTAUQ657S', 'LFEMTTTTNZQ657S', 'LFEMTTTTCHQ657S', 'LFEMTTTTDEQ657S', 'LFEMTTTTEZQ657S'], 'eur_ez_persons_stale_2022': ['LFEMTTTTEZQ647S'], 'eur_germany_proxy_primary': ['LFEMTTTTDEQ647S'], 'eur_fr_it_es_alts': ['LFEMTTTTFRQ647S', 'LFEMTTTTITQ647S', 'LFEMTTTTESQ647S'], 'm159n_levels_mostly_404': ['LFEMTTTTUSM159N', 'LFEMTTTTGBM159N', 'LFEMTTTTJPM159N', 'LFEMTTTCAM159N', 'LFEMTTTTAUM159N', 'LFEMTTTTNZM159N', 'LFEMTTTTCHM159N', 'LFEMTTTEZM159N', 'LFEMTTTTDEM159N'], 'us_national_alts_not_primary': ['PAYEMS', 'CE16OV'], 'employment_rate_lrem_not_primary': ['LREM64TTUSM156S', 'LREM64TTJPM156S', 'LREM64TTCAM156S', 'LREM64TTAUM156S', 'LREM64TTGBQ156N', 'LREM64TTDEQ156N', 'LREM64TTNZQ156N', 'LREM64TTCHQ156N'], 'retail_sales_sartmismei_stale_skipped': ['SARTMISMEI']}
US LFEMTTTTUSM647S [1955-04-01..2025-12-01] n=849 series=LFEMTTTTUSM647S
FX panel: ['EURUSD', 'GBPUSD', 'AUDUSD', 'NZDUSD', 'USDJPY', 'USDCAD', 'USDCHF'] tag=approximate_non_ftmo
  sweep high_emp_xs: scale=0.521 bind=static IS mean_mo=-0.046% OOS gates=True
  sweep low_emp_xs: scale=2.870 bind=daily IS mean_mo=0.220% OOS gates=True
  sweep high_emp_z_xs: scale=0.997 bind=static IS mean_mo=-0.006% OOS gates=True
  sweep emp_chg_xs: scale=1.004 bind=static IS mean_mo=-0.012% OOS gates=True
  sweep us_emp_stress_fx: scale=6.932 bind=daily IS mean_mo=0.206% OOS gates=True
  sweep us_emp_haven_usd: scale=1.560 bind=static IS mean_mo=-0.045% OOS gates=True
  sweep emp_ew: scale=1.239 bind=static IS mean_mo=-0.030% OOS gates=True
=== factor summary ===
  high_emp_xs: mean_mo=-0.072% NW_t=-1.24 %pos=48%
  low_emp_xs: mean_mo=+0.062% NW_t=+1.06 %pos=52%
  high_emp_z_xs: mean_mo=-0.020% NW_t=-0.35 %pos=49%
  emp_chg_xs: mean_mo=-0.034% NW_t=-0.55 %pos=46%
  us_emp_stress_fx: mean_mo=+0.027% NW_t=+1.36 %pos=7%
  us_emp_haven_usd: mean_mo=-0.027% NW_t=-1.37 %pos=6%
  emp_ew: mean_mo=-0.026% NW_t=-0.79 %pos=43%
board n=7 soft=0 hard=0 promote_unscaled=False scaled_primary=False
