=== scholarly FX OECD capacity-utilization (ULQECU01) wave (§50) ===
OECD MEI ULQECU01{ISO2}Q657S CU YoY via FRED (quarterly → monthly after pub_lag=3) — CU YoY XS cyclical strength; STALE ~2023-07; companion completing ULC §48 / LP §49 trilogy; distinct from employment §41, IP §42, ULC §48, LP §49, CLI/BCI, building-permits, retail. Locked sleeve untouched.
CU panel cols=['USD', 'EUR', 'GBP', 'JPY', 'CAD', 'AUD', 'NZD', 'CHF'] [1960-04-01..2023-10-01] pub_lag_m=3
currency         fred_id freq  n_obs      start        end      last                                                                                               note
     USD ULQECU01USQ657S    Q    763 1960-04-01 2023-10-01  0.993831                    OECD MEI early-estimate CU YoY ULQECU01USQ657S (quarterly) stale_end=2023-07-01
     EUR ULQECU01DEQ657S    Q    388 1991-07-01 2023-10-01  1.418516 Germany proxy via ULQECU01DEQ657S (Q) stale_end=2023-07-01 (EZ also ~2023-07; FR/IT/NL Q657S alts)
     GBP ULQECU01GBQ657S    Q    373 1992-10-01 2023-10-01  2.017443                    OECD MEI early-estimate CU YoY ULQECU01GBQ657S (quarterly) stale_end=2023-04-01
     JPY ULQECU01JPQ657S    Q    520 1980-07-01 2023-10-01 -0.238333                    OECD MEI early-estimate CU YoY ULQECU01JPQ657S (quarterly) stale_end=2023-07-01
     CAD ULQECU01CAQ657S    Q    508 1981-07-01 2023-10-01  1.628385                    OECD MEI early-estimate CU YoY ULQECU01CAQ657S (quarterly) stale_end=2023-04-01
     AUD ULQECU01AUQ657S    Q    562 1977-01-01 2023-10-01  1.828874                    OECD MEI early-estimate CU YoY ULQECU01AUQ657S (quarterly) stale_end=2023-07-01
     NZD ULQECU01NZQ657S    Q    412 1989-07-01 2023-10-01  2.557565                    OECD MEI early-estimate CU YoY ULQECU01NZQ657S (quarterly) stale_end=2023-04-01
     CHF ULQECU01CHQ657S    Q    340 1995-07-01 2023-10-01  0.502601                    OECD MEI early-estimate CU YoY ULQECU01CHQ657S (quarterly) stale_end=2023-07-01
Series source note: FRED OECD MEI ULQECU01{ISO2}Q657S early-estimate capacity-utilization YoY quarterly (full G10; EUR=DE Germany proxy; ALL G10 end ~2023-04..07 STALE on free FRED; {ISO3}ULQECU01GYSAQ country 404; OECD agg ends 2023-01; TCU US national level alt live not mixed)
Score basis: yoy_growth_as_reported unit=cap_util_yoy_pct_as_reported
Failed/alt documented: {'iso3_ulqecu01_gysaq_country_404': ['USAULQECU01GYSAQ', 'GBRULQECU01GYSAQ', 'JPNULQECU01GYSAQ', 'CANULQECU01GYSAQ', 'AUSULQECU01GYSAQ', 'NZLULQECU01GYSAQ', 'CHEULQECU01GYSAQ', 'DEUULQECU01GYSAQ', 'EA19ULQECU01GYSAQ', 'OECDULQECU01GYSAQ'], 'q657s_q661s_stale_~2023_07': ['ULQECU01USQ657S', 'ULQECU01USQ661S', 'ULQECU01GBQ657S', 'ULQECU01JPQ657S', 'ULQECU01CAQ657S', 'ULQECU01AUQ657S', 'ULQECU01NZQ657S', 'ULQECU01CHQ657S', 'ULQECU01DEQ657S', 'ULQECU01EZQ657S'], 'eur_germany_proxy_primary': ['ULQECU01DEQ657S'], 'eur_fr_it_nl_alts_also_stale': ['ULQECU01FRQ657S', 'ULQECU01ITQ657S', 'ULQECU01NLQ657S'], 'us_national_tcu_live_not_primary': ['TCU']}
Stale: True note=ULQECU01*Q657S ends ~2023-04..07 on free FRED for all G10
US ULQECU01USQ657S [1960-04-01..2023-10-01] n=763 series=ULQECU01USQ657S
FX panel: ['EURUSD', 'GBPUSD', 'AUDUSD', 'NZDUSD', 'USDJPY', 'USDCAD', 'USDCHF'] tag=approximate_non_ftmo
  sweep high_cu_xs: scale=0.816 bind=static IS mean_mo=-0.052% OOS gates=True
  sweep low_cu_xs: scale=3.304 bind=daily IS mean_mo=0.160% OOS gates=True
  sweep high_cu_z_xs: scale=1.585 bind=static IS mean_mo=-0.067% OOS gates=True
  sweep cu_chg_xs: scale=2.960 bind=static IS mean_mo=-0.041% OOS gates=True
  sweep us_cu_stress_fx: scale=2.207 bind=static IS mean_mo=-0.044% OOS gates=True
  sweep us_cu_haven_usd: scale=4.639 bind=daily IS mean_mo=0.087% OOS gates=True
  sweep cu_ew: scale=1.858 bind=static IS mean_mo=-0.059% OOS gates=True
=== factor summary ===
  high_cu_xs: mean_mo=-0.058% NW_t=-0.99 %pos=48%
  low_cu_xs: mean_mo=+0.045% NW_t=+0.78 %pos=52%
  high_cu_z_xs: mean_mo=-0.051% NW_t=-1.05 %pos=47%
  cu_chg_xs: mean_mo=-0.022% NW_t=-0.42 %pos=46%
  us_cu_stress_fx: mean_mo=-0.019% NW_t=-0.95 %pos=5%
  us_cu_haven_usd: mean_mo=+0.018% NW_t=+0.90 %pos=8%
  cu_ew: mean_mo=-0.033% NW_t=-1.08 %pos=48%
board n=7 soft=0 hard=0 promote_unscaled=False scaled_primary=False
