=== scholarly FX KCFSI-conditioned Lustig–Verdelhan carry wave (§106) ===
US KCFSI stress gate/cool on IR3M carry — primary carry_low_kcfsi; Lustig–Roussanov–Verdelhan + Brunnermeier–Nagel–Pedersen + Kansas City Fed KCFSI; distinct from funding_liq §20, NFCI×carry §91, KCFSI soft §105, NFCI soft §90, WUI carry §86, soft_ew §66, CIP×carry §68, VIX/GPR×carry §73, EPU/TPU×carry §78, CIP/VIX/EPU/WUI soft/mom/value/REER §71–§77/§79–§89, NFCI mom/value/REER §92–§94, capital-sleeve §53/§70, combo §8. Locked sleeve untouched.
US KCFSI (KCFSI) [1990-03-01..2026-09-01] n=439 pub_lag_months=1 series=fred_KCFSI
FX panel: ['EURUSD', 'GBPUSD', 'AUDUSD', 'NZDUSD', 'USDJPY', 'USDCAD', 'USDCHF'] tag=approximate_non_ftmo
rates cols=['USD', 'EUR', 'GBP', 'JPY', 'AUD', 'CAD', 'CHF', 'NZD'] [1954-08-01..2026-09-01]
  sweep carry_raw: scale=0.963 bind=static IS mean_mo=-0.021% OOS gates=True
  sweep carry_kcfsi_cool: scale=0.842 bind=static IS mean_mo=-0.031% OOS gates=True
  sweep carry_low_kcfsi: scale=0.605 bind=static IS mean_mo=-0.036% OOS gates=True
  sweep carry_high_kcfsi: scale=5.431 bind=daily IS mean_mo=0.025% OOS gates=True
  sweep us_kcfsi_haven_usd: scale=3.572 bind=static IS mean_mo=-0.046% OOS gates=True
  sweep carry_kcfsi_stack: scale=0.605 bind=static IS mean_mo=-0.036% OOS gates=True
  sweep carry_kcfsi_ew: scale=1.052 bind=static IS mean_mo=-0.038% OOS gates=True
  sweep carry_kcfsi_regime: scale=0.581 bind=static IS mean_mo=-0.042% OOS gates=True
Locked sleeve re-verify (§106 kcfsi_conditioned_carry): configs/quest_one_pct_candidate.yaml
basket_tag=fx4plus_gbpcad_d1_voltarget_0025 untouched
sha256=bafed8eff5aa7541a42b99a486def2402f530b288a1ad6e7d273a56b2feb1790
Canonical windowed PASS (same as §105 / §101 / §96 / §91 — config unmodified):
2024           mean_mo= 0.42% pos=  55% top3=  74% gates=PASS
2025           mean_mo= 1.63% pos=  73% top3=  69% gates=PASS
2026           mean_mo= 2.30% pos=  88% top3=  87% gates=PASS
holdout_365d   mean_mo= 1.52% pos=  75% top3=  81% gates=PASS
Wrote /workspace/Mt5-swing/reports/quest_locked_verify_kcfsi_conditioned_carry.md
=== factor summary ===
  carry_low_kcfsi: mean_mo=-0.037% NW_t=-0.63 %pos=38%
  carry_kcfsi_cool: mean_mo=-0.015% NW_t=-0.24 %pos=51%
  carry_raw: mean_mo=-0.002% NW_t=-0.03 %pos=51%
  carry_high_kcfsi: mean_mo=+0.005% NW_t=+0.68 %pos=4%
  us_kcfsi_haven_usd: mean_mo=-0.012% NW_t=-0.80 %pos=3%
  carry_kcfsi_stack: mean_mo=-0.037% NW_t=-0.63 %pos=38%
  carry_kcfsi_ew: mean_mo=-0.021% NW_t=-0.53 %pos=51%
  carry_kcfsi_regime: mean_mo=-0.049% NW_t=-0.82 %pos=41%
board n=8 soft=0 hard=0 promote_unscaled=False scaled_primary=False
