=== scholarly FX EPU/TPU-conditioned Lustig–Verdelhan carry wave (§78) ===
EPU + TPU stress gate/cool on IR3M carry — primary carry_low_epu; Lustig–Roussanov–Verdelhan + Baker–Bloom–Davis (2016) EPU/TPU; distinct from fwd_carry §19, CIP×carry §68, VIX/GPR×carry §73, soft EPU §76, REER EPU §77, soft EW §66, capital-sleeve §53/§70, combo §8, standalone EPU/TPU §18. Locked sleeve untouched.
EPU (US_EPU) [1985-02-01..2026-09-01] n=500
TPU [1985-02-01..2026-09-01] n=500 source=policyuncertainty_Categorical_EPU_Data
FX panel: ['EURUSD', 'GBPUSD', 'AUDUSD', 'NZDUSD', 'USDJPY', 'USDCAD', 'USDCHF'] tag=approximate_non_ftmo
rates cols=['USD', 'EUR', 'GBP', 'JPY', 'AUD', 'CAD', 'CHF', 'NZD'] [1954-08-01..2026-09-01]
  sweep carry_raw: scale=0.963 bind=static IS mean_mo=-0.021% OOS gates=True
  sweep carry_epu_cool: scale=0.879 bind=static IS mean_mo=-0.043% OOS gates=True
  sweep carry_low_epu: scale=1.021 bind=static IS mean_mo=-0.041% OOS gates=True
  sweep carry_high_epu: scale=3.165 bind=daily IS mean_mo=0.181% OOS gates=True
  sweep carry_tpu_cool: scale=1.282 bind=static IS mean_mo=-0.017% OOS gates=True
  sweep carry_low_tpu: scale=1.253 bind=static IS mean_mo=-0.008% OOS gates=True
  sweep carry_epu_tpu_stack: scale=1.077 bind=static IS mean_mo=-0.038% OOS gates=True
  sweep carry_epu_tpu_ew: scale=1.200 bind=static IS mean_mo=-0.033% OOS gates=True
Locked sleeve re-verify (§78 epu_tpu_conditioned_carry): configs/quest_one_pct_candidate.yaml
basket_tag=fx4plus_gbpcad_d1_voltarget_0025 untouched
sha256=bafed8eff5aa7541a42b99a486def2402f530b288a1ad6e7d273a56b2feb1790
Canonical windowed PASS (same as §77 / §76 / §73 — config unmodified):
2024           mean_mo= 0.42% pos=  55% top3=  74% gates=PASS
2025           mean_mo= 1.63% pos=  73% top3=  69% gates=PASS
2026           mean_mo= 2.30% pos=  88% top3=  87% gates=PASS
holdout_365d   mean_mo= 1.52% pos=  75% top3=  81% gates=PASS
Wrote /workspace/Mt5-swing/reports/quest_locked_verify_epu_tpu_conditioned_carry.md
=== factor summary ===
  carry_low_epu: mean_mo=-0.037% NW_t=-0.66 %pos=29%
  carry_epu_cool: mean_mo=-0.040% NW_t=-0.69 %pos=51%
  carry_low_tpu: mean_mo=-0.006% NW_t=-0.11 %pos=29%
  carry_tpu_cool: mean_mo=-0.007% NW_t=-0.13 %pos=52%
  carry_raw: mean_mo=-0.002% NW_t=-0.03 %pos=51%
  carry_high_epu: mean_mo=+0.065% NW_t=+1.79 %pos=19%
  carry_epu_tpu_stack: mean_mo=-0.032% NW_t=-0.61 %pos=52%
  carry_epu_tpu_ew: mean_mo=-0.022% NW_t=-0.43 %pos=53%
board n=8 soft=1 hard=0 promote_unscaled=False scaled_primary=False
