/workspace/Mt5-swing/src/mt5_swing/data/fred_macro_diff.py:84: UserWarning: Converting to PeriodArray/Index representation will drop timezone information.
  s.index = pd.DatetimeIndex(idx).to_period("M").to_timestamp().tz_localize("UTC")
/workspace/Mt5-swing/src/mt5_swing/data/fred_macro_diff.py:84: UserWarning: Converting to PeriodArray/Index representation will drop timezone information.
  s.index = pd.DatetimeIndex(idx).to_period("M").to_timestamp().tz_localize("UTC")
/workspace/Mt5-swing/src/mt5_swing/data/fred_macro_diff.py:84: UserWarning: Converting to PeriodArray/Index representation will drop timezone information.
  s.index = pd.DatetimeIndex(idx).to_period("M").to_timestamp().tz_localize("UTC")
/workspace/Mt5-swing/src/mt5_swing/data/fred_macro_diff.py:84: UserWarning: Converting to PeriodArray/Index representation will drop timezone information.
  s.index = pd.DatetimeIndex(idx).to_period("M").to_timestamp().tz_localize("UTC")
/workspace/Mt5-swing/src/mt5_swing/data/fred_macro_diff.py:84: UserWarning: Converting to PeriodArray/Index representation will drop timezone information.
  s.index = pd.DatetimeIndex(idx).to_period("M").to_timestamp().tz_localize("UTC")
/workspace/Mt5-swing/src/mt5_swing/data/fred_macro_diff.py:84: UserWarning: Converting to PeriodArray/Index representation will drop timezone information.
  s.index = pd.DatetimeIndex(idx).to_period("M").to_timestamp().tz_localize("UTC")
/workspace/Mt5-swing/src/mt5_swing/data/fred_macro_diff.py:84: UserWarning: Converting to PeriodArray/Index representation will drop timezone information.
  s.index = pd.DatetimeIndex(idx).to_period("M").to_timestamp().tz_localize("UTC")
/workspace/Mt5-swing/src/mt5_swing/data/fred_macro_diff.py:84: UserWarning: Converting to PeriodArray/Index representation will drop timezone information.
  s.index = pd.DatetimeIndex(idx).to_period("M").to_timestamp().tz_localize("UTC")
=== scholarly FX WUI-conditioned Rogoff PPP / real-FX value wave (§88) ===
US WUI stress gate/cool on Rogoff PPP value — primary value_low_wui; Rogoff (1996) PPP / real FX + Ahir–Bloom–Furceri WUI; distinct from raw WUI XS §40, WUI soft §85, WUI carry §86, WUI mom §87, CIP×PPP §83, VIX/GPR×PPP §75, EPU×PPP §80, raw PPP, BIS REER §31, soft–carry–mom–value–REER §68–§84, capital-sleeve §53/§70, combo §8. Locked sleeve untouched.
US WUI (US_WUI) [1952-05-01..2026-08-01] n=892 pub_lag_months=4 series=WUIUSA
CPI levels cols=['USD', 'EUR', 'GBP', 'JPY', 'CAD', 'CHF', 'AUD', 'NZD'] pub_lag=1 [1914-02-01..2026-09-01]
FX panel: ['EURUSD', 'GBPUSD', 'AUDUSD', 'NZDUSD', 'USDJPY', 'USDCAD', 'USDCHF'] tag=approximate_non_ftmo
FX coverage [2011-09-18..2026-09-15]
  sweep value_raw: scale=1.145 bind=static IS mean_mo=-0.022% OOS gates=True
  sweep value_wui_cool: scale=1.052 bind=static IS mean_mo=-0.040% OOS gates=True
  sweep value_low_wui: scale=1.028 bind=static IS mean_mo=-0.048% OOS gates=True
  sweep value_high_wui: scale=2.476 bind=static IS mean_mo=0.037% OOS gates=True
  sweep us_wui_haven_usd: scale=1.702 bind=static IS mean_mo=-0.053% OOS gates=True
  sweep value_wui_stack: scale=1.028 bind=static IS mean_mo=-0.048% OOS gates=True
  sweep value_wui_ew: scale=1.468 bind=static IS mean_mo=-0.057% OOS gates=True
  sweep value_wui_regime: scale=0.747 bind=static IS mean_mo=-0.058% OOS gates=True
Locked sleeve re-verify (§88 wui_conditioned_value): configs/quest_one_pct_candidate.yaml
basket_tag=fx4plus_gbpcad_d1_voltarget_0025 untouched
sha256=bafed8eff5aa7541a42b99a486def2402f530b288a1ad6e7d273a56b2feb1790
Canonical windowed PASS (same as §87 / §86 / §85 / §83 — config unmodified):
2024           mean_mo= 0.42% pos=  55% top3=  74% gates=PASS
2025           mean_mo= 1.63% pos=  73% top3=  69% gates=PASS
2026           mean_mo= 2.30% pos=  88% top3=  87% gates=PASS
holdout_365d   mean_mo= 1.52% pos=  75% top3=  81% gates=PASS
Wrote /workspace/Mt5-swing/reports/quest_locked_verify_wui_conditioned_value.md
=== factor summary ===
  value_low_wui: mean_mo=-0.044% NW_t=-0.98 %pos=21%
  value_wui_cool: mean_mo=-0.034% NW_t=-0.66 %pos=41%
  value_raw: mean_mo=-0.014% NW_t=-0.22 %pos=42%
  value_high_wui: mean_mo=+0.019% NW_t=+0.67 %pos=13%
  us_wui_haven_usd: mean_mo=-0.026% NW_t=-0.87 %pos=14%
  value_wui_stack: mean_mo=-0.044% NW_t=-0.98 %pos=21%
  value_wui_ew: mean_mo=-0.035% NW_t=-1.07 %pos=42%
  value_wui_regime: mean_mo=-0.070% NW_t=-1.29 %pos=34%
board n=8 soft=0 hard=0 promote_unscaled=False scaled_primary=False
