=== scholarly FX country-GPR bilateral (rel-to-US) wave (§45) ===
Liu–Zhang / Caldara–Iacoviello relative GPR (home−US) XS + US tilts — distinct from absolute country-GPR §9, aggregate GPR §8, AI-GPR §25. Locked sleeve untouched.
rel panel cols=['AUD', 'CAD', 'CHF', 'GBP', 'JPY', 'EUR'] n=500 [1985-02-01..2026-09-01] pub_lag=1m NZD_gap=yes USD n=500
FX panel: ['EURUSD', 'GBPUSD', 'AUDUSD', 'NZDUSD', 'USDJPY', 'USDCAD', 'USDCHF'] tag=approximate_non_ftmo
  sweep low_rel_gpr_xs: scale=1.771 bind=static IS mean_mo=0.144% OOS gates=True
  sweep high_rel_gpr_xs: scale=0.518 bind=static IS mean_mo=-0.059% OOS gates=True
  sweep low_rel_gpr_lvl_xs: scale=1.030 bind=static IS mean_mo=0.018% OOS gates=True
  sweep rel_gpr_chg_xs: scale=2.242 bind=static IS mean_mo=0.159% OOS gates=True
  sweep us_gpr_stress_fx: scale=0.779 bind=static IS mean_mo=-0.058% OOS gates=True
  sweep us_gpr_haven_usd: scale=3.636 bind=daily IS mean_mo=0.257% OOS gates=True
  sweep gpr_bilat_ew: scale=2.908 bind=static IS mean_mo=0.075% OOS gates=True
=== factor summary ===
  low_rel_gpr_xs: mean_mo=+0.076% NW_t=+1.25 %pos=51%
  high_rel_gpr_xs: mean_mo=-0.108% NW_t=-1.72 %pos=46%
  low_rel_gpr_lvl_xs: mean_mo=+0.024% NW_t=+0.41 %pos=51%
  rel_gpr_chg_xs: mean_mo=+0.054% NW_t=+0.89 %pos=50%
  us_gpr_stress_fx: mean_mo=-0.079% NW_t=-2.41 %pos=15%
  us_gpr_haven_usd: mean_mo=+0.076% NW_t=+2.31 %pos=21%
  gpr_bilat_ew: mean_mo=+0.017% NW_t=+0.52 %pos=50%
board n=7 soft=1 hard=1 promote_unscaled=False scaled_primary=False
