=== scholarly FX VIX/GPR-conditioned BIS REER HML-FX value wave (§81) ===
VIX + aggregate GPR stress gate/cool on reer_cheap_xs — primary reer_low_vix; Rogoff / Taylor REER + Menkhoff et al. (2012 JF) + Caldara–Iacoviello / Liu–Zhang; distinct from raw bis_reer §31, raw ppp, §75 VIX/GPR×PPP value, EPU×REER §77, EPU soft/carry/mom/value §76–§80, CIP waves, capital-sleeve §53/§70, combo §8. Locked sleeve untouched.
VIX [1990-01-03..2026-09-16] n=9245
GPR [1985-01-02..2026-09-14] n=15231
BIS REER cols=['USD', 'EUR', 'GBP', 'JPY', 'CAD', 'AUD', 'NZD', 'CHF'] pub_lag=2 [1994-03-01..2026-09-01] n=391
FX panel: ['EURUSD', 'GBPUSD', 'AUDUSD', 'NZDUSD', 'USDJPY', 'USDCAD', 'USDCHF'] tag=approximate_non_ftmo
  sweep reer_raw: scale=2.924 bind=daily IS mean_mo=0.089% OOS gates=True
  sweep reer_vix_cool: scale=3.102 bind=daily IS mean_mo=0.078% OOS gates=True
  sweep reer_gpr_cool: scale=3.385 bind=static IS mean_mo=-0.041% OOS gates=True
  sweep reer_low_vix: scale=3.346 bind=daily IS mean_mo=0.058% OOS gates=True
  sweep reer_low_gpr: scale=0.639 bind=static IS mean_mo=-0.061% OOS gates=True
  sweep reer_high_vix: scale=2.732 bind=static IS mean_mo=-0.055% OOS gates=True
  sweep reer_vix_gpr_stack: scale=3.385 bind=static IS mean_mo=-0.052% OOS gates=True
  sweep reer_vix_gpr_ew: scale=3.202 bind=static IS mean_mo=-0.052% OOS gates=True
Locked sleeve re-verify (§81 vix_gpr_conditioned_reer): configs/quest_one_pct_candidate.yaml
basket_tag=fx4plus_gbpcad_d1_voltarget_0025 untouched
sha256=bafed8eff5aa7541a42b99a486def2402f530b288a1ad6e7d273a56b2feb1790
Canonical windowed PASS (same as §80 / §77 / §75 — config unmodified):
2024           mean_mo= 0.42% pos=  55% top3=  74% gates=PASS
2025           mean_mo= 1.63% pos=  73% top3=  69% gates=PASS
2026           mean_mo= 2.30% pos=  88% top3=  87% gates=PASS
holdout_365d   mean_mo= 1.52% pos=  75% top3=  81% gates=PASS
Wrote /workspace/Mt5-swing/reports/quest_locked_verify_vix_gpr_conditioned_reer.md
=== factor summary ===
  reer_low_vix: mean_mo=+0.015% NW_t=+0.39 %pos=41%
  reer_vix_cool: mean_mo=+0.028% NW_t=+0.59 %pos=52%
  reer_low_gpr: mean_mo=-0.099% NW_t=-2.26 %pos=39%
  reer_gpr_cool: mean_mo=-0.010% NW_t=-0.21 %pos=50%
  reer_raw: mean_mo=+0.034% NW_t=+0.60 %pos=52%
  reer_high_vix: mean_mo=-0.020% NW_t=-0.73 %pos=18%
  reer_vix_gpr_stack: mean_mo=-0.015% NW_t=-0.38 %pos=49%
  reer_vix_gpr_ew: mean_mo=-0.017% NW_t=-0.43 %pos=49%
board n=8 soft=0 hard=0 promote_unscaled=False scaled_primary=False
