=== scholarly FX NFCI-conditioned Lustig–Verdelhan carry wave (§91) ===
US NFCI stress gate/cool on IR3M carry — primary carry_low_nfci; Lustig–Roussanov–Verdelhan + Brunnermeier–Nagel–Pedersen + Chicago Fed NFCI; distinct from funding_liq §20, NFCI soft §90, WUI carry §86, soft_ew §66, CIP×carry §68, VIX/GPR×carry §73, EPU/TPU×carry §78, CIP/VIX/EPU/WUI soft/mom/value/REER §71–§77/§79–§89, capital-sleeve §53/§70, combo §8. Locked sleeve untouched.
US NFCI (NFCI) [1971-01-15..2026-09-18] n=2906 pub_lag_days=7 series=fred_NFCI
FX panel: ['EURUSD', 'GBPUSD', 'AUDUSD', 'NZDUSD', 'USDJPY', 'USDCAD', 'USDCHF'] tag=approximate_non_ftmo
rates cols=['USD', 'EUR', 'GBP', 'JPY', 'AUD', 'CAD', 'CHF', 'NZD'] [1954-08-01..2026-09-01]
  skip risk sweep: no positive IS mean on any factor
Locked sleeve re-verify (§91 nfci_conditioned_carry): configs/quest_one_pct_candidate.yaml
basket_tag=fx4plus_gbpcad_d1_voltarget_0025 untouched
sha256=bafed8eff5aa7541a42b99a486def2402f530b288a1ad6e7d273a56b2feb1790
Canonical windowed PASS (same as §90 / §86 / §68 — config unmodified):
2024           mean_mo= 0.42% pos=  55% top3=  74% gates=PASS
2025           mean_mo= 1.63% pos=  73% top3=  69% gates=PASS
2026           mean_mo= 2.30% pos=  88% top3=  87% gates=PASS
holdout_365d   mean_mo= 1.52% pos=  75% top3=  81% gates=PASS
Wrote /workspace/Mt5-swing/reports/quest_locked_verify_nfci_conditioned_carry.md
=== factor summary ===
  carry_low_nfci: mean_mo=-0.031% NW_t=-0.49 %pos=34%
  carry_nfci_cool: mean_mo=-0.013% NW_t=-0.22 %pos=51%
  carry_raw: mean_mo=-0.002% NW_t=-0.03 %pos=51%
  carry_high_nfci: mean_mo=-0.003% NW_t=-0.13 %pos=6%
  us_nfci_haven_usd: mean_mo=-0.008% NW_t=-0.25 %pos=6%
  carry_nfci_stack: mean_mo=-0.031% NW_t=-0.49 %pos=34%
  carry_nfci_ew: mean_mo=-0.017% NW_t=-0.41 %pos=51%
  carry_nfci_regime: mean_mo=-0.039% NW_t=-0.54 %pos=40%
board n=8 soft=0 hard=0 promote_unscaled=False scaled_primary=False
